Archive member included because of file (symbol)

c:/altera/13.0/nios2eds/bin/gnu/h-i686-mingw32/bin/../lib/gcc/nios2-elf/4.1.2/../../../../nios2-elf/lib\libc.a(lib_a-puts.o)
                              obj/default/hello_world.o (puts)
c:/altera/13.0/nios2eds/bin/gnu/h-i686-mingw32/bin/../lib/gcc/nios2-elf/4.1.2/../../../../nios2-elf/lib\libc.a(lib_a-strlen.o)
                              c:/altera/13.0/nios2eds/bin/gnu/h-i686-mingw32/bin/../lib/gcc/nios2-elf/4.1.2/../../../../nios2-elf/lib\libc.a(lib_a-puts.o) (strlen)
c:/altera/13.0/nios2eds/bin/gnu/h-i686-mingw32/bin/../lib/gcc/nios2-elf/4.1.2/../../../../nios2-elf/lib\libc.a(lib_a-fvwrite.o)
                              c:/altera/13.0/nios2eds/bin/gnu/h-i686-mingw32/bin/../lib/gcc/nios2-elf/4.1.2/../../../../nios2-elf/lib\libc.a(lib_a-puts.o) (__sfvwrite_r)
c:/altera/13.0/nios2eds/bin/gnu/h-i686-mingw32/bin/../lib/gcc/nios2-elf/4.1.2/../../../../nios2-elf/lib\libc.a(lib_a-impure.o)
                              c:/altera/13.0/nios2eds/bin/gnu/h-i686-mingw32/bin/../lib/gcc/nios2-elf/4.1.2/../../../../nios2-elf/lib\libc.a(lib_a-puts.o) (_impure_ptr)
c:/altera/13.0/nios2eds/bin/gnu/h-i686-mingw32/bin/../lib/gcc/nios2-elf/4.1.2/../../../../nios2-elf/lib\libc.a(lib_a-mallocr.o)
                              c:/altera/13.0/nios2eds/bin/gnu/h-i686-mingw32/bin/../lib/gcc/nios2-elf/4.1.2/../../../../nios2-elf/lib\libc.a(lib_a-fvwrite.o) (_malloc_r)
c:/altera/13.0/nios2eds/bin/gnu/h-i686-mingw32/bin/../lib/gcc/nios2-elf/4.1.2/../../../../nios2-elf/lib\libc.a(lib_a-memchr.o)
                              c:/altera/13.0/nios2eds/bin/gnu/h-i686-mingw32/bin/../lib/gcc/nios2-elf/4.1.2/../../../../nios2-elf/lib\libc.a(lib_a-fvwrite.o) (memchr)
c:/altera/13.0/nios2eds/bin/gnu/h-i686-mingw32/bin/../lib/gcc/nios2-elf/4.1.2/../../../../nios2-elf/lib\libc.a(lib_a-memcpy.o)
                              c:/altera/13.0/nios2eds/bin/gnu/h-i686-mingw32/bin/../lib/gcc/nios2-elf/4.1.2/../../../../nios2-elf/lib\libc.a(lib_a-fvwrite.o) (memcpy)
c:/altera/13.0/nios2eds/bin/gnu/h-i686-mingw32/bin/../lib/gcc/nios2-elf/4.1.2/../../../../nios2-elf/lib\libc.a(lib_a-memmove.o)
                              c:/altera/13.0/nios2eds/bin/gnu/h-i686-mingw32/bin/../lib/gcc/nios2-elf/4.1.2/../../../../nios2-elf/lib\libc.a(lib_a-fvwrite.o) (memmove)
c:/altera/13.0/nios2eds/bin/gnu/h-i686-mingw32/bin/../lib/gcc/nios2-elf/4.1.2/../../../../nios2-elf/lib\libc.a(lib_a-reallocr.o)
                              c:/altera/13.0/nios2eds/bin/gnu/h-i686-mingw32/bin/../lib/gcc/nios2-elf/4.1.2/../../../../nios2-elf/lib\libc.a(lib_a-fvwrite.o) (_realloc_r)
c:/altera/13.0/nios2eds/bin/gnu/h-i686-mingw32/bin/../lib/gcc/nios2-elf/4.1.2/../../../../nios2-elf/lib\libc.a(lib_a-sbrkr.o)
                              c:/altera/13.0/nios2eds/bin/gnu/h-i686-mingw32/bin/../lib/gcc/nios2-elf/4.1.2/../../../../nios2-elf/lib\libc.a(lib_a-mallocr.o) (_sbrk_r)
c:/altera/13.0/nios2eds/bin/gnu/h-i686-mingw32/bin/../lib/gcc/nios2-elf/4.1.2/../../../../nios2-elf/lib\libc.a(lib_a-wsetup.o)
                              c:/altera/13.0/nios2eds/bin/gnu/h-i686-mingw32/bin/../lib/gcc/nios2-elf/4.1.2/../../../../nios2-elf/lib\libc.a(lib_a-fvwrite.o) (__swsetup_r)
c:/altera/13.0/nios2eds/bin/gnu/h-i686-mingw32/bin/../lib/gcc/nios2-elf/4.1.2/../../../../nios2-elf/lib\libc.a(lib_a-fflush.o)
                              c:/altera/13.0/nios2eds/bin/gnu/h-i686-mingw32/bin/../lib/gcc/nios2-elf/4.1.2/../../../../nios2-elf/lib\libc.a(lib_a-fvwrite.o) (_fflush_r)
c:/altera/13.0/nios2eds/bin/gnu/h-i686-mingw32/bin/../lib/gcc/nios2-elf/4.1.2/../../../../nios2-elf/lib\libc.a(lib_a-findfp.o)
                              c:/altera/13.0/nios2eds/bin/gnu/h-i686-mingw32/bin/../lib/gcc/nios2-elf/4.1.2/../../../../nios2-elf/lib\libc.a(lib_a-wsetup.o) (__sinit)
c:/altera/13.0/nios2eds/bin/gnu/h-i686-mingw32/bin/../lib/gcc/nios2-elf/4.1.2/../../../../nios2-elf/lib\libc.a(lib_a-freer.o)
                              c:/altera/13.0/nios2eds/bin/gnu/h-i686-mingw32/bin/../lib/gcc/nios2-elf/4.1.2/../../../../nios2-elf/lib\libc.a(lib_a-fvwrite.o) (_free_r)
c:/altera/13.0/nios2eds/bin/gnu/h-i686-mingw32/bin/../lib/gcc/nios2-elf/4.1.2/../../../../nios2-elf/lib\libc.a(lib_a-fwalk.o)
                              c:/altera/13.0/nios2eds/bin/gnu/h-i686-mingw32/bin/../lib/gcc/nios2-elf/4.1.2/../../../../nios2-elf/lib\libc.a(lib_a-fflush.o) (_fwalk_reent)
c:/altera/13.0/nios2eds/bin/gnu/h-i686-mingw32/bin/../lib/gcc/nios2-elf/4.1.2/../../../../nios2-elf/lib\libc.a(lib_a-int_errno.o)
                              c:/altera/13.0/nios2eds/bin/gnu/h-i686-mingw32/bin/../lib/gcc/nios2-elf/4.1.2/../../../../nios2-elf/lib\libc.a(lib_a-sbrkr.o) (errno)
c:/altera/13.0/nios2eds/bin/gnu/h-i686-mingw32/bin/../lib/gcc/nios2-elf/4.1.2/../../../../nios2-elf/lib\libc.a(lib_a-makebuf.o)
                              c:/altera/13.0/nios2eds/bin/gnu/h-i686-mingw32/bin/../lib/gcc/nios2-elf/4.1.2/../../../../nios2-elf/lib\libc.a(lib_a-wsetup.o) (__smakebuf_r)
[...]
Memory Configuration

Name             Origin             Length             Attributes
reset            0x00040000         0x00000020
onchip_memory2_0 0x00040020         0x0003ffe0
*default*        0x00000000         0xffffffff

Linker script and memory map

LOAD ../chip2_bsp//obj/HAL/src/crt0.o
LOAD obj/default/hello_world.o
LOAD c:/altera/13.0/nios2eds/bin/gnu/h-i686-mingw32/bin/../lib/gcc/nios2-elf/4.1.2/../../../../nios2-elf/lib\libstdc++.a
LOAD c:/altera/13.0/nios2eds/bin/gnu/h-i686-mingw32/bin/../lib/gcc/nios2-elf/4.1.2/../../../../nios2-elf/lib\libm.a
LOAD c:/altera/13.0/nios2eds/bin/gnu/h-i686-mingw32/bin/../lib/gcc/nios2-elf/4.1.2\libgcc.a
START GROUP
LOAD c:/altera/13.0/nios2eds/bin/gnu/h-i686-mingw32/bin/../lib/gcc/nios2-elf/4.1.2/../../../../nios2-elf/lib\libc.a
LOAD c:/altera/13.0/nios2eds/bin/gnu/h-i686-mingw32/bin/../lib/gcc/nios2-elf/4.1.2\libgcc.a
LOAD ../chip2_bsp/\libhal_bsp.a
END GROUP
LOAD c:/altera/13.0/nios2eds/bin/gnu/h-i686-mingw32/bin/../lib/gcc/nios2-elf/4.1.2\libgcc.a
                0x00040000                __alt_mem_onchip_memory2_0 = 0x40000

.entry          0x00040000       0x20
 *(.entry)
 .entry         0x00040000       0x20 ../chip2_bsp//obj/HAL/src/crt0.o
                0x00040000                __reset

.exceptions     0x00040020      0x194
                0x00040020                PROVIDE (__ram_exceptions_start, ABSOLUTE (.))
                0x00040020                . = ALIGN (0x20)
 *(.irq)
 *(.exceptions.entry.label)
 .exceptions.entry.label
                0x00040020        0x0 ../chip2_bsp/\libhal_bsp.a(alt_irq_entry.o)
                0x00040020                alt_irq_entry
 .exceptions.entry.label
                0x00040020        0x0 ../chip2_bsp/\libhal_bsp.a(alt_exception_entry.o)
                0x00040020                alt_exception
 *(.exceptions.entry.user)
 *(.exceptions.entry)
 .exceptions.entry
                0x00040020       0x54 ../chip2_bsp/\libhal_bsp.a(alt_exception_entry.o)
 *(.exceptions.irqtest.user)
 *(.exceptions.irqtest)
 .exceptions.irqtest
                0x00040074       0x10 ../chip2_bsp/\libhal_bsp.a(alt_irq_entry.o)
 *(.exceptions.irqhandler.user)
 *(.exceptions.irqhandler)
 .exceptions.irqhandler
                0x00040084        0x4 ../chip2_bsp/\libhal_bsp.a(alt_irq_entry.o)
 *(.exceptions.irqreturn.user)
 *(.exceptions.irqreturn)
 .exceptions.irqreturn
                0x00040088        0x4 ../chip2_bsp/\libhal_bsp.a(alt_irq_entry.o)
 *(.exceptions.notirq.label)
 .exceptions.notirq.label
                0x0004008c        0x0 ../chip2_bsp/\libhal_bsp.a(alt_irq_entry.o)
 *(.exceptions.notirq.user)
 *(.exceptions.notirq)
 .exceptions.notirq
                0x0004008c        0x8 ../chip2_bsp/\libhal_bsp.a(alt_exception_entry.o)
 *(.exceptions.soft.user)
 *(.exceptions.soft)
 *(.exceptions.unknown.user)
 *(.exceptions.unknown)
 .exceptions.unknown
                0x00040094        0x4 ../chip2_bsp/\libhal_bsp.a(alt_exception_entry.o)
 *(.exceptions.exit.label)
 .exceptions.exit.label
                0x00040098        0x0 ../chip2_bsp/\libhal_bsp.a(alt_irq_entry.o)
 .exceptions.exit.label
                0x00040098        0x0 ../chip2_bsp/\libhal_bsp.a(alt_exception_entry.o)
 *(.exceptions.exit.user)
 *(.exceptions.exit)
 .exceptions.exit
                0x00040098       0x54 ../chip2_bsp/\libhal_bsp.a(alt_exception_entry.o)
 *(.exceptions)
 .exceptions    0x000400ec       0xc8 ../chip2_bsp/\libhal_bsp.a(alt_irq_handler.o)
                0x000400ec                alt_irq_handler
                0x000401b4                PROVIDE (__ram_exceptions_end, ABSOLUTE (.))
                0x00040020                PROVIDE (__flash_exceptions_start, LOADADDR (.exceptions))

.text           0x000401b4     0x50e0
                0x000401b4                PROVIDE (stext, ABSOLUTE (.))
 *(.interp)
 *(.hash)
 *(.dynsym)
 *(.dynstr)
 *(.gnu.version)
 *(.gnu.version_d)
 *(.gnu.version_r)
 *(.rel.init)
 *(.rela.init)
 *(.rel.text .rel.text.* .rel.gnu.linkonce.t.*)
 *(.rela.text .rela.text.* .rela.gnu.linkonce.t.*)
 *(.rel.fini)
 *(.rela.fini)
 *(.rel.rodata .rel.rodata.* .rel.gnu.linkonce.r.*)
 *(.rela.rodata .rela.rodata.* .rela.gnu.linkonce.r.*)
 *(.rel.data .rel.data.* .rel.gnu.linkonce.d.*)
 *(.rela.data .rela.data.* .rela.gnu.linkonce.d.*)
 *(.rel.tdata .rel.tdata.* .rel.gnu.linkonce.td.*)
 *(.rela.tdata .rela.tdata.* .rela.gnu.linkonce.td.*)
 *(.rel.tbss .rel.tbss.* .rel.gnu.linkonce.tb.*)
 *(.rela.tbss .rela.tbss.* .rela.gnu.linkonce.tb.*)
 *(.rel.ctors)
 *(.rela.ctors)
 *(.rel.dtors)
 *(.rela.dtors)
 *(.rel.got)
 *(.rela.got)
 *(.rel.sdata .rel.sdata.* .rel.gnu.linkonce.s.*)
 *(.rela.sdata .rela.sdata.* .rela.gnu.linkonce.s.*)
 *(.rel.sbss .rel.sbss.* .rel.gnu.linkonce.sb.*)
 *(.rela.sbss .rela.sbss.* .rela.gnu.linkonce.sb.*)
 *(.rel.sdata2 .rel.sdata2.* .rel.gnu.linkonce.s2.*)
 *(.rela.sdata2 .rela.sdata2.* .rela.gnu.linkonce.s2.*)
 *(.rel.sbss2 .rel.sbss2.* .rel.gnu.linkonce.sb2.*)
 *(.rela.sbss2 .rela.sbss2.* .rela.gnu.linkonce.sb2.*)
 *(.rel.bss .rel.bss.* .rel.gnu.linkonce.b.*)
 *(.rela.bss .rela.bss.* .rela.gnu.linkonce.b.*)
 *(.rel.plt)
 *(.rela.plt)
 *(.rel.dyn)
 *(.init)
 *(.plt)
 *(.text .stub .text.* .gnu.linkonce.t.*)
 .text          0x000401b4       0x4c ../chip2_bsp//obj/HAL/src/crt0.o
                0x000401b4                _start
 .text          0x00040200      0x348 obj/default/hello_world.o
                0x00040200                set_led
                0x00040230                set_action
                0x00040260                set_up
                0x00040290                set_down
                0x000402c0                set_left
                0x000402f0                set_right
                0x000404dc                main
 .text          0x00040548       0xb4 c:/altera/13.0/nios2eds/bin/gnu/h-i686-mingw32/bin/../lib/gcc/nios2-elf/4.1.2/../../../../nios2-elf/lib\libc.a(lib_a-puts.o)
                0x00040548                _puts_r
                0x000405e8                puts
 .text          0x000405fc       0x74 c:/altera/13.0/nios2eds/bin/gnu/h-i686-mingw32/bin/../lib/gcc/nios2-elf/4.1.2/../../../../nios2-elf/lib\libc.a(lib_a-strlen.o)
                0x000405fc                strlen
 .text          0x00040670      0x49c c:/altera/13.0/nios2eds/bin/gnu/h-i686-mingw32/bin/../lib/gcc/nios2-elf/4.1.2/../../../../nios2-elf/lib\libc.a(lib_a-fvwrite.o)
                0x00040670                __sfvwrite_r
 .text          0x00040b0c        0x0 c:/altera/13.0/nios2eds/bin/gnu/h-i686-mingw32/bin/../lib/gcc/nios2-elf/4.1.2/../../../../nios2-elf/lib\libc.a(lib_a-impure.o)
 .text          0x00040b0c      0x740 c:/altera/13.0/nios2eds/bin/gnu/h-i686-mingw32/bin/../lib/gcc/nios2-elf/4.1.2/../../../../nios2-elf/lib\libc.a(lib_a-mallocr.o)
                0x00040b0c                _malloc_r
 .text          0x0004124c       0xe4 c:/altera/13.0/nios2eds/bin/gnu/h-i686-mingw32/bin/../lib/gcc/nios2-elf/4.1.2/../../../../nios2-elf/lib\libc.a(lib_a-memchr.o)
                0x0004124c                memchr
 .text          0x00041330       0xa0 c:/altera/13.0/nios2eds/bin/gnu/h-i686-mingw32/bin/../lib/gcc/nios2-elf/4.1.2/../../../../nios2-elf/lib\libc.a(lib_a-memcpy.o)
                0x00041330                memcpy
 .text          0x000413d0       0xe0 c:/altera/13.0/nios2eds/bin/gnu/h-i686-mingw32/bin/../lib/gcc/nios2-elf/4.1.2/../../../../nios2-elf/lib\libc.a(lib_a-memmove.o)
                0x000413d0                memmove
 .text          0x000414b0      0x5f4 c:/altera/13.0/nios2eds/bin/gnu/h-i686-mingw32/bin/../lib/gcc/nios2-elf/4.1.2/../../../../nios2-elf/lib\libc.a(lib_a-reallocr.o)
                0x000414b0                _realloc_r
 .text          0x00041aa4       0x70 c:/altera/13.0/nios2eds/bin/gnu/h-i686-mingw32/bin/../lib/gcc/nios2-elf/4.1.2/../../../../nios2-elf/lib\libc.a(lib_a-sbrkr.o)
                0x00041aa4                _sbrk_r
 .text          0x00041b14      0x13c c:/altera/13.0/nios2eds/bin/gnu/h-i686-mingw32/bin/../lib/gcc/nios2-elf/4.1.2/../../../../nios2-elf/lib\libc.a(lib_a-wsetup.o)
                0x00041b14                __swsetup_r
 .text          0x00041c50      0x230 c:/altera/13.0/nios2eds/bin/gnu/h-i686-mingw32/bin/../lib/gcc/nios2-elf/4.1.2/../../../../nios2-elf/lib\libc.a(lib_a-fflush.o)
                0x00041c50                _fflush_r
                0x00041e4c                fflush
 .text          0x00041e80      0x2c0 c:/altera/13.0/nios2eds/bin/gnu/h-i686-mingw32/bin/../lib/gcc/nios2-elf/4.1.2/../../../../nios2-elf/lib\libc.a(lib_a-findfp.o)
                0x00041ed8                __sfp_lock_acquire
                0x00041edc                __sfp_lock_release
                0x00041ee0                __sinit_lock_acquire
                0x00041ee4                __sinit_lock_release
                0x00041ee8                __sinit
                0x00041f9c                __fp_unlock_all
                0x00041fb4                __fp_lock_all
                0x00041fcc                _cleanup_r
                0x00041fd8                _cleanup
                0x00041fe8                __sfmoreglue
                0x00042050                __sfp
 .text          0x00042140      0x440 c:/altera/13.0/nios2eds/bin/gnu/h-i686-mingw32/bin/../lib/gcc/nios2-elf/4.1.2/../../../../nios2-elf/lib\libc.a(lib_a-freer.o)
                0x00042140                _malloc_trim_r
                0x0004226c                _free_r
 .text          0x00042580      0x180 c:/altera/13.0/nios2eds/bin/gnu/h-i686-mingw32/bin/../lib/gcc/nios2-elf/4.1.2/../../../../nios2-elf/lib\libc.a(lib_a-fwalk.o)
                0x00042580                _fwalk_reent
                0x00042648                _fwalk
 .text          0x00042700        0x0 c:/altera/13.0/nios2eds/bin/gnu/h-i686-mingw32/bin/../lib/gcc/nios2-elf/4.1.2/../../../../nios2-elf/lib\libc.a(lib_a-int_errno.o)
 .text          0x00042700      0x194 c:/altera/13.0/nios2eds/bin/gnu/h-i686-mingw32/bin/../lib/gcc/nios2-elf/4.1.2/../../../../nios2-elf/lib\libc.a(lib_a-makebuf.o)
                0x00042700                __smakebuf_r
 .text          0x00042894       0x98 c:/altera/13.0/nios2eds/bin/gnu/h-i686-mingw32/bin/../lib/gcc/nios2-elf/4.1.2/../../../../nios2-elf/lib\libc.a(lib_a-memset.o)
                0x00042894                memset
 .text          0x0004292c      0x14c c:/altera/13.0/nios2eds/bin/gnu/h-i686-mingw32/bin/../lib/gcc/nios2-elf/4.1.2/../../../../nios2-elf/lib\libc.a(lib_a-stdio.o)
                0x0004292c                __sclose
                0x00042934                __sseek
                0x0004299c                __swrite
                0x00042a18                __sread
 .text          0x00042a78       0x78 c:/altera/13.0/nios2eds/bin/gnu/h-i686-mingw32/bin/../lib/gcc/nios2-elf/4.1.2/../../../../nios2-elf/lib\libc.a(lib_a-writer.o)
                0x00042a78                _write_r
 .text          0x00042af0       0x70 c:/altera/13.0/nios2eds/bin/gnu/h-i686-mingw32/bin/../lib/gcc/nios2-elf/4.1.2/../../../../nios2-elf/lib\libc.a(lib_a-closer.o)
                0x00042af0                _close_r
 .text          0x00042b60      0x124 c:/altera/13.0/nios2eds/bin/gnu/h-i686-mingw32/bin/../lib/gcc/nios2-elf/4.1.2/../../../../nios2-elf/lib\libc.a(lib_a-fclose.o)
                0x00042b60                _fclose_r
                0x00042c70                fclose
 .text          0x00042c84       0x74 c:/altera/13.0/nios2eds/bin/gnu/h-i686-mingw32/bin/../lib/gcc/nios2-elf/4.1.2/../../../../nios2-elf/lib\libc.a(lib_a-fstatr.o)
                0x00042c84                _fstat_r
 .text          0x00042cf8       0x70 c:/altera/13.0/nios2eds/bin/gnu/h-i686-mingw32/bin/../lib/gcc/nios2-elf/4.1.2/../../../../nios2-elf/lib\libc.a(lib_a-isattyr.o)
                0x00042cf8                _isatty_r
 .text          0x00042d68       0x78 c:/altera/13.0/nios2eds/bin/gnu/h-i686-mingw32/bin/../lib/gcc/nios2-elf/4.1.2/../../../../nios2-elf/lib\libc.a(lib_a-lseekr.o)
                0x00042d68                _lseek_r
 .text          0x00042de0       0x78 c:/altera/13.0/nios2eds/bin/gnu/h-i686-mingw32/bin/../lib/gcc/nios2-elf/4.1.2/../../../../nios2-elf/lib\libc.a(lib_a-readr.o)
                0x00042de0                _read_r
 .text          0x00042e58      0x15c ../chip2_bsp/\libhal_bsp.a(alt_close.o)
                0x00042e58                close
 .text          0x00042fb4       0x2c ../chip2_bsp/\libhal_bsp.a(alt_dev.o)
 .text          0x00042fe0        0x0 ../chip2_bsp/\libhal_bsp.a(alt_errno.o)
 .text          0x00042fe0      0x134 ../chip2_bsp/\libhal_bsp.a(alt_fstat.o)
                0x00042fe0                fstat
 .text          0x00043114      0x1c0 ../chip2_bsp/\libhal_bsp.a(alt_irq_register.o)
                0x00043114                alt_irq_register
 .text          0x000432d4        0x0 ../chip2_bsp/\libhal_bsp.a(alt_irq_vars.o)
 .text          0x000432d4      0x120 ../chip2_bsp/\libhal_bsp.a(alt_isatty.o)
                0x000432d4                isatty
 .text          0x000433f4       0xec ../chip2_bsp/\libhal_bsp.a(alt_load.o)
                0x000433f4                alt_load
 .text          0x000434e0      0x150 ../chip2_bsp/\libhal_bsp.a(alt_lseek.o)
                0x000434e0                lseek
 .text          0x00043630       0x50 ../chip2_bsp/\libhal_bsp.a(alt_main.o)
                0x00043630                alt_main
 .text          0x00043680       0x40 ../chip2_bsp/\libhal_bsp.a(alt_malloc_lock.o)
                0x00043680                __malloc_lock
                0x000436a0                __malloc_unlock
 .text          0x000436c0      0x180 ../chip2_bsp/\libhal_bsp.a(alt_read.o)
                0x000436c0                read
 .text          0x00043840       0x60 ../chip2_bsp/\libhal_bsp.a(alt_release_fd.o)
                0x00043840                alt_release_fd
 .text          0x000438a0       0xbc ../chip2_bsp/\libhal_bsp.a(alt_sbrk.o)
                0x000438a0                sbrk
 .text          0x0004395c      0x180 ../chip2_bsp/\libhal_bsp.a(alt_write.o)
                0x0004395c                write
 .text          0x00043adc       0xb0 ../chip2_bsp/\libhal_bsp.a(alt_sys_init.o)
                0x00043adc                alt_irq_init
                0x00043b10                alt_sys_init
 .text          0x00043b8c      0x148 ../chip2_bsp/\libhal_bsp.a(altera_avalon_jtag_uart_fd.o)
                0x00043b8c                altera_avalon_jtag_uart_read_fd
                0x00043be4                altera_avalon_jtag_uart_write_fd
                0x00043c3c                altera_avalon_jtag_uart_close_fd
                0x00043c84                altera_avalon_jtag_uart_ioctl_fd
 .text          0x00043cd4      0x40c ../chip2_bsp/\libhal_bsp.a(altera_avalon_jtag_uart_init.o)
                0x00043cd4                altera_avalon_jtag_uart_init
                0x0004406c                altera_avalon_jtag_uart_close
 .text          0x000440e0       0xf4 ../chip2_bsp/\libhal_bsp.a(altera_avalon_jtag_uart_ioctl.o)
                0x000440e0                altera_avalon_jtag_uart_ioctl
 .text          0x000441d4      0x224 ../chip2_bsp/\libhal_bsp.a(altera_avalon_jtag_uart_read.o)
                0x000441d4                altera_avalon_jtag_uart_read
 .text          0x000443f8      0x240 ../chip2_bsp/\libhal_bsp.a(altera_avalon_jtag_uart_write.o)
                0x000443f8                altera_avalon_jtag_uart_write
 .text          0x00044638      0x154 ../chip2_bsp/\libhal_bsp.a(alt_alarm_start.o)
                0x00044638                alt_alarm_start
 .text          0x0004478c       0x44 ../chip2_bsp/\libhal_bsp.a(alt_dcache_flush_all.o)
                0x0004478c                alt_dcache_flush_all
 .text          0x000447d0      0x114 ../chip2_bsp/\libhal_bsp.a(alt_dev_llist_insert.o)
                0x000447d0                alt_dev_llist_insert
 .text          0x000448e4       0x64 ../chip2_bsp/\libhal_bsp.a(alt_do_ctors.o)
                0x000448e4                _do_ctors
 .text          0x00044948       0x64 ../chip2_bsp/\libhal_bsp.a(alt_do_dtors.o)
                0x00044948                _do_dtors
 .text          0x000449ac       0x30 ../chip2_bsp/\libhal_bsp.a(alt_icache_flush_all.o)
                0x000449ac                alt_icache_flush_all
 .text          0x000449dc      0x1d4 ../chip2_bsp/\libhal_bsp.a(alt_iic.o)
                0x000449dc                alt_ic_isr_register
                0x00044a2c                alt_ic_irq_enable
                0x00044ac8                alt_ic_irq_disable
                0x00044b68                alt_ic_irq_enabled
 .text          0x00044bb0       0xf8 ../chip2_bsp/\libhal_bsp.a(alt_iic_isr_register.o)
                0x00044bb0                alt_iic_isr_register
 .text          0x00044ca8        0x0 ../chip2_bsp/\libhal_bsp.a(alt_irq_entry.o)
 .text          0x00044ca8        0x0 ../chip2_bsp/\libhal_bsp.a(alt_irq_handler.o)
 .text          0x00044ca8      0x1a4 ../chip2_bsp/\libhal_bsp.a(alt_tick.o)
                0x00044ca8                alt_alarm_stop
                0x00044d40                alt_tick
 .text          0x00044e4c       0x20 ../chip2_bsp/\libhal_bsp.a(altera_nios2_qsys_irq.o)
                0x00044e4c                altera_nios2_qsys_irq_init
 .text          0x00044e6c        0x0 ../chip2_bsp/\libhal_bsp.a(alt_exception_entry.o)
 .text          0x00044e6c       0x90 ../chip2_bsp/\libhal_bsp.a(alt_icache_flush.o)
                0x00044e6c                alt_icache_flush
 .text          0x00044efc       0x14 c:/altera/13.0/nios2eds/bin/gnu/h-i686-mingw32/bin/../lib/gcc/nios2-elf/4.1.2/../../../../nios2-elf/lib\libc.a(lib_a-atexit.o)
                0x00044efc                atexit
 .text          0x00044f10       0x38 c:/altera/13.0/nios2eds/bin/gnu/h-i686-mingw32/bin/../lib/gcc/nios2-elf/4.1.2/../../../../nios2-elf/lib\libc.a(lib_a-exit.o)
                0x00044f10                exit
 .text          0x00044f48      0x134 c:/altera/13.0/nios2eds/bin/gnu/h-i686-mingw32/bin/../lib/gcc/nios2-elf/4.1.2/../../../../nios2-elf/lib\libc.a(lib_a-__atexit.o)
                0x00044f48                __register_exitproc
 .text          0x0004507c      0x1b4 c:/altera/13.0/nios2eds/bin/gnu/h-i686-mingw32/bin/../lib/gcc/nios2-elf/4.1.2/../../../../nios2-elf/lib\libc.a(lib_a-__call_atexit.o)
                0x00045080                __call_exitprocs
 .text          0x00045230       0x60 ../chip2_bsp/\libhal_bsp.a(alt_exit.o)
                0x00045270                _exit
 *(.gnu.warning.*)
 *(.fini)
                0x00045290                PROVIDE (__etext, ABSOLUTE (.))
                0x00045290                PROVIDE (_etext, ABSOLUTE (.))
                0x00045290                PROVIDE (etext, ABSOLUTE (.))
 *(.eh_frame_hdr)
                0x00045290                . = ALIGN (0x4)
                0x00045290                PROVIDE (__preinit_array_start, ABSOLUTE (.))
 *(.preinit_array)
                0x00045290                PROVIDE (__preinit_array_end, ABSOLUTE (.))
                0x00045290                PROVIDE (__init_array_start, ABSOLUTE (.))
 *(.init_array)
                0x00045290                PROVIDE (__init_array_end, ABSOLUTE (.))
                0x00045290                PROVIDE (__fini_array_start, ABSOLUTE (.))
 *(.fini_array)
                0x00045290                PROVIDE (__fini_array_end, ABSOLUTE (.))
 *(.eh_frame)
 *(.gcc_except_table)
 *(.dynamic)
                0x00045290                PROVIDE (__CTOR_LIST__, ABSOLUTE (.))
 *(.ctors)
 *(SORT(.ctors.*))
 .ctors.65535   0x00045290        0x4 c:/altera/13.0/nios2eds/bin/gnu/h-i686-mingw32/bin/../lib/gcc/nios2-elf/4.1.2/../../../../nios2-elf/lib\libc.a(lib_a-__call_atexit.o)
                0x00045294                PROVIDE (__CTOR_END__, ABSOLUTE (.))
                0x00045294                PROVIDE (__DTOR_LIST__, ABSOLUTE (.))
 *(.dtors)
 *(SORT(.dtors.*))
                0x00045294                PROVIDE (__DTOR_END__, ABSOLUTE (.))
 *(.jcr)
                0x00045294                . = ALIGN (0x4)

.rodata         0x00045294       0x3c
                0x00045294                PROVIDE (__ram_rodata_start, ABSOLUTE (.))
                0x00045294                . = ALIGN (0x4)
 *(.rodata .rodata.* .gnu.linkonce.r.*)
 .rodata        0x00045294       0x14 obj/default/hello_world.o
 .rodata.str1.4
                0x000452a8        0x2 c:/altera/13.0/nios2eds/bin/gnu/h-i686-mingw32/bin/../lib/gcc/nios2-elf/4.1.2/../../../../nios2-elf/lib\libc.a(lib_a-puts.o)
                                  0x4 (size before relaxing)
 *fill*         0x000452aa        0x2 00
 .rodata.str1.4
                0x000452ac        0x4 c:/altera/13.0/nios2eds/bin/gnu/h-i686-mingw32/bin/../lib/gcc/nios2-elf/4.1.2/../../../../nios2-elf/lib\libc.a(lib_a-impure.o)
 .rodata        0x000452b0        0xc ../chip2_bsp/\libhal_bsp.a(alt_dev.o)
 .rodata        0x000452bc       0x14 ../chip2_bsp/\libhal_bsp.a(alt_sys_init.o)
 *(.rodata1)
                0x000452d0                . = ALIGN (0x4)
                0x000452d0                PROVIDE (__ram_rodata_end, ABSOLUTE (.))
                0x00045294                PROVIDE (__flash_rodata_start, LOADADDR (.rodata))

.rwdata         0x000452d0     0x1a48 load address 0x00046d18
                0x000452d0                PROVIDE (__ram_rwdata_start, ABSOLUTE (.))
                0x000452d0                . = ALIGN (0x4)
 *(.got.plt)
 *(.got)
 *(.data1)
 *(.data .data.* .gnu.linkonce.d.*)
 .data          0x000452d0        0x0 ../chip2_bsp//obj/HAL/src/crt0.o
 .data          0x000452d0        0x0 obj/default/hello_world.o
 .data          0x000452d0        0x0 c:/altera/13.0/nios2eds/bin/gnu/h-i686-mingw32/bin/../lib/gcc/nios2-elf/4.1.2/../../../../nios2-elf/lib\libc.a(lib_a-puts.o)
 .data          0x000452d0        0x0 c:/altera/13.0/nios2eds/bin/gnu/h-i686-mingw32/bin/../lib/gcc/nios2-elf/4.1.2/../../../../nios2-elf/lib\libc.a(lib_a-strlen.o)
 .data          0x000452d0        0x0 c:/altera/13.0/nios2eds/bin/gnu/h-i686-mingw32/bin/../lib/gcc/nios2-elf/4.1.2/../../../../nios2-elf/lib\libc.a(lib_a-fvwrite.o)
 .data          0x000452d0      0x400 c:/altera/13.0/nios2eds/bin/gnu/h-i686-mingw32/bin/../lib/gcc/nios2-elf/4.1.2/../../../../nios2-elf/lib\libc.a(lib_a-impure.o)
 .data          0x000456d0      0x408 c:/altera/13.0/nios2eds/bin/gnu/h-i686-mingw32/bin/../lib/gcc/nios2-elf/4.1.2/../../../../nios2-elf/lib\libc.a(lib_a-mallocr.o)
                0x000456d0                __malloc_av_
 .data          0x00045ad8        0x0 c:/altera/13.0/nios2eds/bin/gnu/h-i686-mingw32/bin/../lib/gcc/nios2-elf/4.1.2/../../../../nios2-elf/lib\libc.a(lib_a-memchr.o)
 .data          0x00045ad8        0x0 c:/altera/13.0/nios2eds/bin/gnu/h-i686-mingw32/bin/../lib/gcc/nios2-elf/4.1.2/../../../../nios2-elf/lib\libc.a(lib_a-memcpy.o)
 .data          0x00045ad8        0x0 c:/altera/13.0/nios2eds/bin/gnu/h-i686-mingw32/bin/../lib/gcc/nios2-elf/4.1.2/../../../../nios2-elf/lib\libc.a(lib_a-memmove.o)
 .data          0x00045ad8        0x0 c:/altera/13.0/nios2eds/bin/gnu/h-i686-mingw32/bin/../lib/gcc/nios2-elf/4.1.2/../../../../nios2-elf/lib\libc.a(lib_a-reallocr.o)
 .data          0x00045ad8        0x0 c:/altera/13.0/nios2eds/bin/gnu/h-i686-mingw32/bin/../lib/gcc/nios2-elf/4.1.2/../../../../nios2-elf/lib\libc.a(lib_a-sbrkr.o)
 .data          0x00045ad8        0x0 c:/altera/13.0/nios2eds/bin/gnu/h-i686-mingw32/bin/../lib/gcc/nios2-elf/4.1.2/../../../../nios2-elf/lib\libc.a(lib_a-wsetup.o)
 .data          0x00045ad8        0x0 c:/altera/13.0/nios2eds/bin/gnu/h-i686-mingw32/bin/../lib/gcc/nios2-elf/4.1.2/../../../../nios2-elf/lib\libc.a(lib_a-fflush.o)
 .data          0x00045ad8        0x0 c:/altera/13.0/nios2eds/bin/gnu/h-i686-mingw32/bin/../lib/gcc/nios2-elf/4.1.2/../../../../nios2-elf/lib\libc.a(lib_a-findfp.o)
 .data          0x00045ad8        0x0 c:/altera/13.0/nios2eds/bin/gnu/h-i686-mingw32/bin/../lib/gcc/nios2-elf/4.1.2/../../../../nios2-elf/lib\libc.a(lib_a-freer.o)
 .data          0x00045ad8        0x0 c:/altera/13.0/nios2eds/bin/gnu/h-i686-mingw32/bin/../lib/gcc/nios2-elf/4.1.2/../../../../nios2-elf/lib\libc.a(lib_a-fwalk.o)
 .data          0x00045ad8        0x0 c:/altera/13.0/nios2eds/bin/gnu/h-i686-mingw32/bin/../lib/gcc/nios2-elf/4.1.2/../../../../nios2-elf/lib\libc.a(lib_a-int_errno.o)
 .data          0x00045ad8        0x0 c:/altera/13.0/nios2eds/bin/gnu/h-i686-mingw32/bin/../lib/gcc/nios2-elf/4.1.2/../../../../nios2-elf/lib\libc.a(lib_a-makebuf.o)
 .data          0x00045ad8        0x0 c:/altera/13.0/nios2eds/bin/gnu/h-i686-mingw32/bin/../lib/gcc/nios2-elf/4.1.2/../../../../nios2-elf/lib\libc.a(lib_a-memset.o)
 .data          0x00045ad8        0x0 c:/altera/13.0/nios2eds/bin/gnu/h-i686-mingw32/bin/../lib/gcc/nios2-elf/4.1.2/../../../../nios2-elf/lib\libc.a(lib_a-stdio.o)
 .data          0x00045ad8        0x0 c:/altera/13.0/nios2eds/bin/gnu/h-i686-mingw32/bin/../lib/gcc/nios2-elf/4.1.2/../../../../nios2-elf/lib\libc.a(lib_a-writer.o)
 .data          0x00045ad8        0x0 c:/altera/13.0/nios2eds/bin/gnu/h-i686-mingw32/bin/../lib/gcc/nios2-elf/4.1.2/../../../../nios2-elf/lib\libc.a(lib_a-closer.o)
 .data          0x00045ad8        0x0 c:/altera/13.0/nios2eds/bin/gnu/h-i686-mingw32/bin/../lib/gcc/nios2-elf/4.1.2/../../../../nios2-elf/lib\libc.a(lib_a-fclose.o)
 .data          0x00045ad8        0x0 c:/altera/13.0/nios2eds/bin/gnu/h-i686-mingw32/bin/../lib/gcc/nios2-elf/4.1.2/../../../../nios2-elf/lib\libc.a(lib_a-fstatr.o)
 .data          0x00045ad8        0x0 c:/altera/13.0/nios2eds/bin/gnu/h-i686-mingw32/bin/../lib/gcc/nios2-elf/4.1.2/../../../../nios2-elf/lib\libc.a(lib_a-isattyr.o)
 .data          0x00045ad8        0x0 c:/altera/13.0/nios2eds/bin/gnu/h-i686-mingw32/bin/../lib/gcc/nios2-elf/4.1.2/../../../../nios2-elf/lib\libc.a(lib_a-lseekr.o)
 .data          0x00045ad8        0x0 c:/altera/13.0/nios2eds/bin/gnu/h-i686-mingw32/bin/../lib/gcc/nios2-elf/4.1.2/../../../../nios2-elf/lib\libc.a(lib_a-readr.o)
 .data          0x00045ad8        0x0 ../chip2_bsp/\libhal_bsp.a(alt_close.o)
 .data          0x00045ad8      0x1a8 ../chip2_bsp/\libhal_bsp.a(alt_dev.o)
                0x00045ad8                alt_dev_null
                0x00045b00                alt_fd_list
 .data          0x00045c80        0x0 ../chip2_bsp/\libhal_bsp.a(alt_errno.o)
 .data          0x00045c80        0x0 ../chip2_bsp/\libhal_bsp.a(alt_fstat.o)
 .data          0x00045c80        0x0 ../chip2_bsp/\libhal_bsp.a(alt_irq_register.o)
 .data          0x00045c80        0x0 ../chip2_bsp/\libhal_bsp.a(alt_irq_vars.o)
 .data          0x00045c80        0x0 ../chip2_bsp/\libhal_bsp.a(alt_isatty.o)
 .data          0x00045c80        0x0 ../chip2_bsp/\libhal_bsp.a(alt_load.o)
 .data          0x00045c80        0x0 ../chip2_bsp/\libhal_bsp.a(alt_lseek.o)
 .data          0x00045c80        0x0 ../chip2_bsp/\libhal_bsp.a(alt_main.o)
 .data          0x00045c80        0x0 ../chip2_bsp/\libhal_bsp.a(alt_malloc_lock.o)
 .data          0x00045c80        0x0 ../chip2_bsp/\libhal_bsp.a(alt_read.o)
 .data          0x00045c80        0x0 ../chip2_bsp/\libhal_bsp.a(alt_release_fd.o)
 .data          0x00045c80        0x0 ../chip2_bsp/\libhal_bsp.a(alt_sbrk.o)
 .data          0x00045c80        0x0 ../chip2_bsp/\libhal_bsp.a(alt_write.o)
 .data          0x00045c80     0x1060 ../chip2_bsp/\libhal_bsp.a(alt_sys_init.o)
 .data          0x00046ce0        0x0 ../chip2_bsp/\libhal_bsp.a(altera_avalon_jtag_uart_fd.o)
 .data          0x00046ce0        0x0 ../chip2_bsp/\libhal_bsp.a(altera_avalon_jtag_uart_init.o)
 .data          0x00046ce0        0x0 ../chip2_bsp/\libhal_bsp.a(altera_avalon_jtag_uart_ioctl.o)
 .data          0x00046ce0        0x0 ../chip2_bsp/\libhal_bsp.a(altera_avalon_jtag_uart_read.o)
 .data          0x00046ce0        0x0 ../chip2_bsp/\libhal_bsp.a(altera_avalon_jtag_uart_write.o)
 .data          0x00046ce0        0x0 ../chip2_bsp/\libhal_bsp.a(alt_alarm_start.o)
 .data          0x00046ce0        0x0 ../chip2_bsp/\libhal_bsp.a(alt_dcache_flush_all.o)
 .data          0x00046ce0        0x0 ../chip2_bsp/\libhal_bsp.a(alt_dev_llist_insert.o)
 .data          0x00046ce0        0x0 ../chip2_bsp/\libhal_bsp.a(alt_do_ctors.o)
 .data          0x00046ce0        0x0 ../chip2_bsp/\libhal_bsp.a(alt_do_dtors.o)
 .data          0x00046ce0        0x0 ../chip2_bsp/\libhal_bsp.a(alt_icache_flush_all.o)
 .data          0x00046ce0        0x0 ../chip2_bsp/\libhal_bsp.a(alt_iic.o)
 .data          0x00046ce0        0x0 ../chip2_bsp/\libhal_bsp.a(alt_iic_isr_register.o)
 .data          0x00046ce0        0x0 ../chip2_bsp/\libhal_bsp.a(alt_irq_entry.o)
 .data          0x00046ce0        0x0 ../chip2_bsp/\libhal_bsp.a(alt_irq_handler.o)
 .data          0x00046ce0        0x0 ../chip2_bsp/\libhal_bsp.a(alt_tick.o)
 .data          0x00046ce0        0x0 ../chip2_bsp/\libhal_bsp.a(altera_nios2_qsys_irq.o)
 .data          0x00046ce0        0x0 ../chip2_bsp/\libhal_bsp.a(alt_exception_entry.o)
 .data          0x00046ce0        0x0 ../chip2_bsp/\libhal_bsp.a(alt_icache_flush.o)
 .data          0x00046ce0        0x0 c:/altera/13.0/nios2eds/bin/gnu/h-i686-mingw32/bin/../lib/gcc/nios2-elf/4.1.2/../../../../nios2-elf/lib\libc.a(lib_a-atexit.o)
 .data          0x00046ce0        0x0 c:/altera/13.0/nios2eds/bin/gnu/h-i686-mingw32/bin/../lib/gcc/nios2-elf/4.1.2/../../../../nios2-elf/lib\libc.a(lib_a-exit.o)
 .data          0x00046ce0        0x0 c:/altera/13.0/nios2eds/bin/gnu/h-i686-mingw32/bin/../lib/gcc/nios2-elf/4.1.2/../../../../nios2-elf/lib\libc.a(lib_a-__atexit.o)
 .data          0x00046ce0        0x0 c:/altera/13.0/nios2eds/bin/gnu/h-i686-mingw32/bin/../lib/gcc/nios2-elf/4.1.2/../../../../nios2-elf/lib\libc.a(lib_a-__call_atexit.o)
 .data          0x00046ce0        0x0 ../chip2_bsp/\libhal_bsp.a(alt_exit.o)
                0x0004ece0                _gp = ABSOLUTE ((. + 0x8000))
                0x0004ece0                PROVIDE (gp, _gp)
 *(.rwdata .rwdata.*)
 *(.sdata .sdata.* .gnu.linkonce.s.*)
 .sdata         0x00046ce0        0x8 c:/altera/13.0/nios2eds/bin/gnu/h-i686-mingw32/bin/../lib/gcc/nios2-elf/4.1.2/../../../../nios2-elf/lib\libc.a(lib_a-impure.o)
                0x00046ce0                _impure_ptr
                0x00046ce4                _global_impure_ptr
 .sdata         0x00046ce8        0x8 c:/altera/13.0/nios2eds/bin/gnu/h-i686-mingw32/bin/../lib/gcc/nios2-elf/4.1.2/../../../../nios2-elf/lib\libc.a(lib_a-mallocr.o)
                0x00046ce8                __malloc_trim_threshold
                0x00046cec                __malloc_sbrk_base
 .sdata         0x00046cf0       0x14 ../chip2_bsp/\libhal_bsp.a(alt_dev.o)
                0x00046cf0                alt_fs_list
                0x00046cf8                alt_dev_list
                0x00046d00                alt_max_fd
 .sdata         0x00046d04        0x4 ../chip2_bsp/\libhal_bsp.a(alt_errno.o)
                0x00046d04                alt_errno
 .sdata         0x00046d08        0x4 ../chip2_bsp/\libhal_bsp.a(alt_irq_vars.o)
                0x00046d08                alt_priority_mask
 .sdata         0x00046d0c        0x4 ../chip2_bsp/\libhal_bsp.a(alt_sbrk.o)
 .sdata         0x00046d10        0x8 ../chip2_bsp/\libhal_bsp.a(alt_tick.o)
                0x00046d10                alt_alarm_list
 *(.sdata2 .sdata2.* .gnu.linkonce.s2.*)
                0x00046d18                . = ALIGN (0x4)
                0x00046d18                _edata = ABSOLUTE (.)
                0x00046d18                PROVIDE (edata, ABSOLUTE (.))
                0x00046d18                PROVIDE (__ram_rwdata_end, ABSOLUTE (.))
                0x00046d18                PROVIDE (__flash_rwdata_start, LOADADDR (.rwdata))

.bss            0x00048760      0x2e0
                0x00048760                __bss_start = ABSOLUTE (.)
                0x00048760                PROVIDE (__sbss_start, ABSOLUTE (.))
                0x00048760                PROVIDE (___sbss_start, ABSOLUTE (.))
 *(.dynsbss)
 *(.sbss .sbss.* .gnu.linkonce.sb.*)
 .sbss          0x00048760        0xc c:/altera/13.0/nios2eds/bin/gnu/h-i686-mingw32/bin/../lib/gcc/nios2-elf/4.1.2/../../../../nios2-elf/lib\libc.a(lib_a-mallocr.o)
                0x00048760                __malloc_top_pad
                0x00048764                __malloc_max_sbrked_mem
                0x00048768                __malloc_max_total_mem
 .sbss          0x0004876c        0x4 c:/altera/13.0/nios2eds/bin/gnu/h-i686-mingw32/bin/../lib/gcc/nios2-elf/4.1.2/../../../../nios2-elf/lib\libc.a(lib_a-int_errno.o)
                0x0004876c                errno
 .sbss          0x00048770        0x4 ../chip2_bsp/\libhal_bsp.a(alt_irq_vars.o)
                0x00048770                alt_irq_active
 .sbss          0x00048774        0xc ../chip2_bsp/\libhal_bsp.a(alt_main.o)
                0x00048774                alt_argc
                0x00048778                alt_argv
                0x0004877c                alt_envp
 .sbss          0x00048780        0x8 ../chip2_bsp/\libhal_bsp.a(alt_tick.o)
                0x00048780                _alt_tick_rate
                0x00048784                _alt_nticks
 *(.sbss2 .sbss2.* .gnu.linkonce.sb2.*)
 *(.scommon)
                0x00048788                PROVIDE (__sbss_end, ABSOLUTE (.))
                0x00048788                PROVIDE (___sbss_end, ABSOLUTE (.))
 *(.dynbss)
 *(.bss .bss.* .gnu.linkonce.b.*)
 .bss           0x00048788        0x0 ../chip2_bsp//obj/HAL/src/crt0.o
 .bss           0x00048788        0x0 obj/default/hello_world.o
 .bss           0x00048788        0x0 c:/altera/13.0/nios2eds/bin/gnu/h-i686-mingw32/bin/../lib/gcc/nios2-elf/4.1.2/../../../../nios2-elf/lib\libc.a(lib_a-puts.o)
 .bss           0x00048788        0x0 c:/altera/13.0/nios2eds/bin/gnu/h-i686-mingw32/bin/../lib/gcc/nios2-elf/4.1.2/../../../../nios2-elf/lib\libc.a(lib_a-strlen.o)
 .bss           0x00048788        0x0 c:/altera/13.0/nios2eds/bin/gnu/h-i686-mingw32/bin/../lib/gcc/nios2-elf/4.1.2/../../../../nios2-elf/lib\libc.a(lib_a-fvwrite.o)
 .bss           0x00048788        0x0 c:/altera/13.0/nios2eds/bin/gnu/h-i686-mingw32/bin/../lib/gcc/nios2-elf/4.1.2/../../../../nios2-elf/lib\libc.a(lib_a-impure.o)
 .bss           0x00048788       0x28 c:/altera/13.0/nios2eds/bin/gnu/h-i686-mingw32/bin/../lib/gcc/nios2-elf/4.1.2/../../../../nios2-elf/lib\libc.a(lib_a-mallocr.o)
                0x00048788                __malloc_current_mallinfo
 .bss           0x000487b0        0x0 c:/altera/13.0/nios2eds/bin/gnu/h-i686-mingw32/bin/../lib/gcc/nios2-elf/4.1.2/../../../../nios2-elf/lib\libc.a(lib_a-memchr.o)
 .bss           0x000487b0        0x0 c:/altera/13.0/nios2eds/bin/gnu/h-i686-mingw32/bin/../lib/gcc/nios2-elf/4.1.2/../../../../nios2-elf/lib\libc.a(lib_a-memcpy.o)
 .bss           0x000487b0        0x0 c:/altera/13.0/nios2eds/bin/gnu/h-i686-mingw32/bin/../lib/gcc/nios2-elf/4.1.2/../../../../nios2-elf/lib\libc.a(lib_a-memmove.o)
 .bss           0x000487b0        0x0 c:/altera/13.0/nios2eds/bin/gnu/h-i686-mingw32/bin/../lib/gcc/nios2-elf/4.1.2/../../../../nios2-elf/lib\libc.a(lib_a-reallocr.o)
 .bss           0x000487b0        0x0 c:/altera/13.0/nios2eds/bin/gnu/h-i686-mingw32/bin/../lib/gcc/nios2-elf/4.1.2/../../../../nios2-elf/lib\libc.a(lib_a-sbrkr.o)
 .bss           0x000487b0        0x0 c:/altera/13.0/nios2eds/bin/gnu/h-i686-mingw32/bin/../lib/gcc/nios2-elf/4.1.2/../../../../nios2-elf/lib\libc.a(lib_a-wsetup.o)
 .bss           0x000487b0        0x0 c:/altera/13.0/nios2eds/bin/gnu/h-i686-mingw32/bin/../lib/gcc/nios2-elf/4.1.2/../../../../nios2-elf/lib\libc.a(lib_a-fflush.o)
 .bss           0x000487b0        0x0 c:/altera/13.0/nios2eds/bin/gnu/h-i686-mingw32/bin/../lib/gcc/nios2-elf/4.1.2/../../../../nios2-elf/lib\libc.a(lib_a-findfp.o)
 .bss           0x000487b0        0x0 c:/altera/13.0/nios2eds/bin/gnu/h-i686-mingw32/bin/../lib/gcc/nios2-elf/4.1.2/../../../../nios2-elf/lib\libc.a(lib_a-freer.o)
 .bss           0x000487b0        0x0 c:/altera/13.0/nios2eds/bin/gnu/h-i686-mingw32/bin/../lib/gcc/nios2-elf/4.1.2/../../../../nios2-elf/lib\libc.a(lib_a-fwalk.o)
 .bss           0x000487b0        0x0 c:/altera/13.0/nios2eds/bin/gnu/h-i686-mingw32/bin/../lib/gcc/nios2-elf/4.1.2/../../../../nios2-elf/lib\libc.a(lib_a-int_errno.o)
 .bss           0x000487b0        0x0 c:/altera/13.0/nios2eds/bin/gnu/h-i686-mingw32/bin/../lib/gcc/nios2-elf/4.1.2/../../../../nios2-elf/lib\libc.a(lib_a-makebuf.o)
 .bss           0x000487b0        0x0 c:/altera/13.0/nios2eds/bin/gnu/h-i686-mingw32/bin/../lib/gcc/nios2-elf/4.1.2/../../../../nios2-elf/lib\libc.a(lib_a-memset.o)
 .bss           0x000487b0        0x0 c:/altera/13.0/nios2eds/bin/gnu/h-i686-mingw32/bin/../lib/gcc/nios2-elf/4.1.2/../../../../nios2-elf/lib\libc.a(lib_a-stdio.o)
 .bss           0x000487b0        0x0 c:/altera/13.0/nios2eds/bin/gnu/h-i686-mingw32/bin/../lib/gcc/nios2-elf/4.1.2/../../../../nios2-elf/lib\libc.a(lib_a-writer.o)
 .bss           0x000487b0        0x0 c:/altera/13.0/nios2eds/bin/gnu/h-i686-mingw32/bin/../lib/gcc/nios2-elf/4.1.2/../../../../nios2-elf/lib\libc.a(lib_a-closer.o)
 .bss           0x000487b0        0x0 c:/altera/13.0/nios2eds/bin/gnu/h-i686-mingw32/bin/../lib/gcc/nios2-elf/4.1.2/../../../../nios2-elf/lib\libc.a(lib_a-fclose.o)
 .bss           0x000487b0        0x0 c:/altera/13.0/nios2eds/bin/gnu/h-i686-mingw32/bin/../lib/gcc/nios2-elf/4.1.2/../../../../nios2-elf/lib\libc.a(lib_a-fstatr.o)
 .bss           0x000487b0        0x0 c:/altera/13.0/nios2eds/bin/gnu/h-i686-mingw32/bin/../lib/gcc/nios2-elf/4.1.2/../../../../nios2-elf/lib\libc.a(lib_a-isattyr.o)
 .bss           0x000487b0        0x0 c:/altera/13.0/nios2eds/bin/gnu/h-i686-mingw32/bin/../lib/gcc/nios2-elf/4.1.2/../../../../nios2-elf/lib\libc.a(lib_a-lseekr.o)
 .bss           0x000487b0        0x0 c:/altera/13.0/nios2eds/bin/gnu/h-i686-mingw32/bin/../lib/gcc/nios2-elf/4.1.2/../../../../nios2-elf/lib\libc.a(lib_a-readr.o)
 .bss           0x000487b0        0x0 ../chip2_bsp/\libhal_bsp.a(alt_close.o)
 .bss           0x000487b0        0x0 ../chip2_bsp/\libhal_bsp.a(alt_dev.o)
 .bss           0x000487b0        0x0 ../chip2_bsp/\libhal_bsp.a(alt_errno.o)
 .bss           0x000487b0        0x0 ../chip2_bsp/\libhal_bsp.a(alt_fstat.o)
 .bss           0x000487b0        0x0 ../chip2_bsp/\libhal_bsp.a(alt_irq_register.o)
 .bss           0x000487b0        0x0 ../chip2_bsp/\libhal_bsp.a(alt_irq_vars.o)
 .bss           0x000487b0        0x0 ../chip2_bsp/\libhal_bsp.a(alt_isatty.o)
 .bss           0x000487b0        0x0 ../chip2_bsp/\libhal_bsp.a(alt_load.o)
 .bss           0x000487b0        0x0 ../chip2_bsp/\libhal_bsp.a(alt_lseek.o)
 .bss           0x000487b0        0x0 ../chip2_bsp/\libhal_bsp.a(alt_main.o)
 .bss           0x000487b0        0x0 ../chip2_bsp/\libhal_bsp.a(alt_malloc_lock.o)
 .bss           0x000487b0        0x0 ../chip2_bsp/\libhal_bsp.a(alt_read.o)
 .bss           0x000487b0        0x0 ../chip2_bsp/\libhal_bsp.a(alt_release_fd.o)
 .bss           0x000487b0        0x0 ../chip2_bsp/\libhal_bsp.a(alt_sbrk.o)
 .bss           0x000487b0        0x0 ../chip2_bsp/\libhal_bsp.a(alt_write.o)
 .bss           0x000487b0        0x0 ../chip2_bsp/\libhal_bsp.a(alt_sys_init.o)
 .bss           0x000487b0        0x0 ../chip2_bsp/\libhal_bsp.a(altera_avalon_jtag_uart_fd.o)
 .bss           0x000487b0        0x0 ../chip2_bsp/\libhal_bsp.a(altera_avalon_jtag_uart_init.o)
 .bss           0x000487b0        0x0 ../chip2_bsp/\libhal_bsp.a(altera_avalon_jtag_uart_ioctl.o)
 .bss           0x000487b0        0x0 ../chip2_bsp/\libhal_bsp.a(altera_avalon_jtag_uart_read.o)
 .bss           0x000487b0        0x0 ../chip2_bsp/\libhal_bsp.a(altera_avalon_jtag_uart_write.o)
 .bss           0x000487b0        0x0 ../chip2_bsp/\libhal_bsp.a(alt_alarm_start.o)
 .bss           0x000487b0        0x0 ../chip2_bsp/\libhal_bsp.a(alt_dcache_flush_all.o)
 .bss           0x000487b0        0x0 ../chip2_bsp/\libhal_bsp.a(alt_dev_llist_insert.o)
 .bss           0x000487b0        0x0 ../chip2_bsp/\libhal_bsp.a(alt_do_ctors.o)
 .bss           0x000487b0        0x0 ../chip2_bsp/\libhal_bsp.a(alt_do_dtors.o)
 .bss           0x000487b0        0x0 ../chip2_bsp/\libhal_bsp.a(alt_icache_flush_all.o)
 .bss           0x000487b0        0x0 ../chip2_bsp/\libhal_bsp.a(alt_iic.o)
 .bss           0x000487b0        0x0 ../chip2_bsp/\libhal_bsp.a(alt_iic_isr_register.o)
 .bss           0x000487b0        0x0 ../chip2_bsp/\libhal_bsp.a(alt_irq_entry.o)
 .bss           0x000487b0        0x0 ../chip2_bsp/\libhal_bsp.a(alt_irq_handler.o)
 .bss           0x000487b0        0x0 ../chip2_bsp/\libhal_bsp.a(alt_tick.o)
 .bss           0x000487b0        0x0 ../chip2_bsp/\libhal_bsp.a(altera_nios2_qsys_irq.o)
 .bss           0x000487b0        0x0 ../chip2_bsp/\libhal_bsp.a(alt_exception_entry.o)
 .bss           0x000487b0        0x0 ../chip2_bsp/\libhal_bsp.a(alt_icache_flush.o)
 .bss           0x000487b0        0x0 c:/altera/13.0/nios2eds/bin/gnu/h-i686-mingw32/bin/../lib/gcc/nios2-elf/4.1.2/../../../../nios2-elf/lib\libc.a(lib_a-atexit.o)
 .bss           0x000487b0        0x0 c:/altera/13.0/nios2eds/bin/gnu/h-i686-mingw32/bin/../lib/gcc/nios2-elf/4.1.2/../../../../nios2-elf/lib\libc.a(lib_a-exit.o)
 .bss           0x000487b0        0x0 c:/altera/13.0/nios2eds/bin/gnu/h-i686-mingw32/bin/../lib/gcc/nios2-elf/4.1.2/../../../../nios2-elf/lib\libc.a(lib_a-__atexit.o)
 .bss           0x000487b0        0x0 c:/altera/13.0/nios2eds/bin/gnu/h-i686-mingw32/bin/../lib/gcc/nios2-elf/4.1.2/../../../../nios2-elf/lib\libc.a(lib_a-__call_atexit.o)
 .bss           0x000487b0        0x0 ../chip2_bsp/\libhal_bsp.a(alt_exit.o)
 *(COMMON)
 COMMON         0x000487b0      0x100 ../chip2_bsp/\libhal_bsp.a(alt_irq_handler.o)
                0x000487b0                alt_irq
 COMMON         0x000488b0      0x190 c:/altera/13.0/nios2eds/bin/gnu/h-i686-mingw32/bin/../lib/gcc/nios2-elf/4.1.2/../../../../nios2-elf/lib\libc.a(lib_a-atexit.o)
                0x000488b0                _atexit0
                0x00048a40                . = ALIGN (0x4)
                0x00048a40                __bss_end = ABSOLUTE (.)

.onchip_memory2_0
                0x00048a40        0x0
                0x00048a40                PROVIDE (_alt_partition_onchip_memory2_0_start, ABSOLUTE (.))
 *(.onchip_memory2_0. onchip_memory2_0.*)
                0x00048a40                . = ALIGN (0x4)
                0x00048a40                PROVIDE (_alt_partition_onchip_memory2_0_end, ABSOLUTE (.))
                0x00048a40                _end = ABSOLUTE (.)
                0x00048a40                end = ABSOLUTE (.)
                0x00048a40                __alt_stack_base = ABSOLUTE (.)
                0x00048a40                PROVIDE (_alt_partition_onchip_memory2_0_load_addr, LOADADDR (.onchip_memory2_0))

.stab
 *(.stab)

.stabstr
 *(.stabstr)

.stab.excl
 *(.stab.excl)

.stab.exclstr
 *(.stab.exclstr)

.stab.index
 *(.stab.index)

.stab.indexstr
 *(.stab.indexstr)

.comment        0x00000000       0x23
 *(.comment)
 .comment       0x00000000       0x23 obj/default/hello_world.o
                                 0x24 (size before relaxing)
 .comment       0x00000000       0x24 c:/altera/13.0/nios2eds/bin/gnu/h-i686-mingw32/bin/../lib/gcc/nios2-elf/4.1.2/../../../../nios2-elf/lib\libc.a(lib_a-puts.o)
 .comment       0x00000000       0x24 c:/altera/13.0/nios2eds/bin/gnu/h-i686-mingw32/bin/../lib/gcc/nios2-elf/4.1.2/../../../../nios2-elf/lib\libc.a(lib_a-strlen.o)
 .comment       0x00000000       0x24 c:/altera/13.0/nios2eds/bin/gnu/h-i686-mingw32/bin/../lib/gcc/nios2-elf/4.1.2/../../../../nios2-elf/lib\libc.a(lib_a-fvwrite.o)
 .comment       0x00000000       0x24 c:/altera/13.0/nios2eds/bin/gnu/h-i686-mingw32/bin/../lib/gcc/nios2-elf/4.1.2/../../../../nios2-elf/lib\libc.a(lib_a-impure.o)
 .comment       0x00000000       0x24 c:/altera/13.0/nios2eds/bin/gnu/h-i686-mingw32/bin/../lib/gcc/nios2-elf/4.1.2/../../../../nios2-elf/lib\libc.a(lib_a-mallocr.o)
 .comment       0x00000000       0x24 c:/altera/13.0/nios2eds/bin/gnu/h-i686-mingw32/bin/../lib/gcc/nios2-elf/4.1.2/../../../../nios2-elf/lib\libc.a(lib_a-memchr.o)
 .comment       0x00000000       0x24 c:/altera/13.0/nios2eds/bin/gnu/h-i686-mingw32/bin/../lib/gcc/nios2-elf/4.1.2/../../../../nios2-elf/lib\libc.a(lib_a-memcpy.o)
 .comment       0x00000000       0x24 c:/altera/13.0/nios2eds/bin/gnu/h-i686-mingw32/bin/../lib/gcc/nios2-elf/4.1.2/../../../../nios2-elf/lib\libc.a(lib_a-memmove.o)
 .comment       0x00000000       0x24 c:/altera/13.0/nios2eds/bin/gnu/h-i686-mingw32/bin/../lib/gcc/nios2-elf/4.1.2/../../../../nios2-elf/lib\libc.a(lib_a-reallocr.o)
 .comment       0x00000000       0x24 c:/altera/13.0/nios2eds/bin/gnu/h-i686-mingw32/bin/../lib/gcc/nios2-elf/4.1.2/../../../../nios2-elf/lib\libc.a(lib_a-sbrkr.o)
 .comment       0x00000000       0x24 c:/altera/13.0/nios2eds/bin/gnu/h-i686-mingw32/bin/../lib/gcc/nios2-elf/4.1.2/../../../../nios2-elf/lib\libc.a(lib_a-wsetup.o)
 .comment       0x00000000       0x24 c:/altera/13.0/nios2eds/bin/gnu/h-i686-mingw32/bin/../lib/gcc/nios2-elf/4.1.2/../../../../nios2-elf/lib\libc.a(lib_a-fflush.o)
 .comment       0x00000000       0x24 c:/altera/13.0/nios2eds/bin/gnu/h-i686-mingw32/bin/../lib/gcc/nios2-elf/4.1.2/../../../../nios2-elf/lib\libc.a(lib_a-findfp.o)
 .comment       0x00000000       0x24 c:/altera/13.0/nios2eds/bin/gnu/h-i686-mingw32/bin/../lib/gcc/nios2-elf/4.1.2/../../../../nios2-elf/lib\libc.a(lib_a-freer.o)
 .comment       0x00000000       0x24 c:/altera/13.0/nios2eds/bin/gnu/h-i686-mingw32/bin/../lib/gcc/nios2-elf/4.1.2/../../../../nios2-elf/lib\libc.a(lib_a-fwalk.o)
 .comment       0x00000000       0x24 c:/altera/13.0/nios2eds/bin/gnu/h-i686-mingw32/bin/../lib/gcc/nios2-elf/4.1.2/../../../../nios2-elf/lib\libc.a(lib_a-int_errno.o)
 .comment       0x00000000       0x24 c:/altera/13.0/nios2eds/bin/gnu/h-i686-mingw32/bin/../lib/gcc/nios2-elf/4.1.2/../../../../nios2-elf/lib\libc.a(lib_a-makebuf.o)
 .comment       0x00000000       0x24 c:/altera/13.0/nios2eds/bin/gnu/h-i686-mingw32/bin/../lib/gcc/nios2-elf/4.1.2/../../../../nios2-elf/lib\libc.a(lib_a-memset.o)
 .comment       0x00000000       0x24 c:/altera/13.0/nios2eds/bin/gnu/h-i686-mingw32/bin/../lib/gcc/nios2-elf/4.1.2/../../../../nios2-elf/lib\libc.a(lib_a-stdio.o)
 .comment       0x00000000       0x24 c:/altera/13.0/nios2eds/bin/gnu/h-i686-mingw32/bin/../lib/gcc/nios2-elf/4.1.2/../../../../nios2-elf/lib\libc.a(lib_a-writer.o)
 .comment       0x00000000       0x24 c:/altera/13.0/nios2eds/bin/gnu/h-i686-mingw32/bin/../lib/gcc/nios2-elf/4.1.2/../../../../nios2-elf/lib\libc.a(lib_a-closer.o)
 .comment       0x00000000       0x24 c:/altera/13.0/nios2eds/bin/gnu/h-i686-mingw32/bin/../lib/gcc/nios2-elf/4.1.2/../../../../nios2-elf/lib\libc.a(lib_a-fclose.o)
 .comment       0x00000000       0x24 c:/altera/13.0/nios2eds/bin/gnu/h-i686-mingw32/bin/../lib/gcc/nios2-elf/4.1.2/../../../../nios2-elf/lib\libc.a(lib_a-fstatr.o)
 .comment       0x00000000       0x24 c:/altera/13.0/nios2eds/bin/gnu/h-i686-mingw32/bin/../lib/gcc/nios2-elf/4.1.2/../../../../nios2-elf/lib\libc.a(lib_a-isattyr.o)
 .comment       0x00000000       0x24 c:/altera/13.0/nios2eds/bin/gnu/h-i686-mingw32/bin/../lib/gcc/nios2-elf/4.1.2/../../../../nios2-elf/lib\libc.a(lib_a-lseekr.o)
 .comment       0x00000000       0x24 c:/altera/13.0/nios2eds/bin/gnu/h-i686-mingw32/bin/../lib/gcc/nios2-elf/4.1.2/../../../../nios2-elf/lib\libc.a(lib_a-readr.o)
 .comment       0x00000000       0x24 ../chip2_bsp/\libhal_bsp.a(alt_close.o)
 .comment       0x00000000       0x24 ../chip2_bsp/\libhal_bsp.a(alt_dev.o)
 .comment       0x00000000       0x24 ../chip2_bsp/\libhal_bsp.a(alt_errno.o)
 .comment       0x00000000       0x24 ../chip2_bsp/\libhal_bsp.a(alt_fstat.o)
 .comment       0x00000000       0x24 ../chip2_bsp/\libhal_bsp.a(alt_irq_register.o)
 .comment       0x00000000       0x24 ../chip2_bsp/\libhal_bsp.a(alt_irq_vars.o)
 .comment       0x00000000       0x24 ../chip2_bsp/\libhal_bsp.a(alt_isatty.o)
 .comment       0x00000000       0x24 ../chip2_bsp/\libhal_bsp.a(alt_load.o)
 .comment       0x00000000       0x24 ../chip2_bsp/\libhal_bsp.a(alt_lseek.o)
 .comment       0x00000000       0x24 ../chip2_bsp/\libhal_bsp.a(alt_main.o)
 .comment       0x00000000       0x24 ../chip2_bsp/\libhal_bsp.a(alt_malloc_lock.o)
 .comment       0x00000000       0x24 ../chip2_bsp/\libhal_bsp.a(alt_read.o)
 .comment       0x00000000       0x24 ../chip2_bsp/\libhal_bsp.a(alt_release_fd.o)
 .comment       0x00000000       0x24 ../chip2_bsp/\libhal_bsp.a(alt_sbrk.o)
 .comment       0x00000000       0x24 ../chip2_bsp/\libhal_bsp.a(alt_write.o)
 .comment       0x00000000       0x24 ../chip2_bsp/\libhal_bsp.a(alt_sys_init.o)
 .comment       0x00000000       0x24 ../chip2_bsp/\libhal_bsp.a(altera_avalon_jtag_uart_fd.o)
 .comment       0x00000000       0x24 ../chip2_bsp/\libhal_bsp.a(altera_avalon_jtag_uart_init.o)
 .comment       0x00000000       0x24 ../chip2_bsp/\libhal_bsp.a(altera_avalon_jtag_uart_ioctl.o)
 .comment       0x00000000       0x24 ../chip2_bsp/\libhal_bsp.a(altera_avalon_jtag_uart_read.o)
 .comment       0x00000000       0x24 ../chip2_bsp/\libhal_bsp.a(altera_avalon_jtag_uart_write.o)
 .comment       0x00000000       0x24 ../chip2_bsp/\libhal_bsp.a(alt_alarm_start.o)
 .comment       0x00000000       0x24 ../chip2_bsp/\libhal_bsp.a(alt_dcache_flush_all.o)
 .comment       0x00000000       0x24 ../chip2_bsp/\libhal_bsp.a(alt_dev_llist_insert.o)
 .comment       0x00000000       0x24 ../chip2_bsp/\libhal_bsp.a(alt_do_ctors.o)
 .comment       0x00000000       0x24 ../chip2_bsp/\libhal_bsp.a(alt_do_dtors.o)
 .comment       0x00000000       0x24 ../chip2_bsp/\libhal_bsp.a(alt_icache_flush_all.o)
 .comment       0x00000000       0x24 ../chip2_bsp/\libhal_bsp.a(alt_iic.o)
 .comment       0x00000000       0x24 ../chip2_bsp/\libhal_bsp.a(alt_iic_isr_register.o)
 .comment       0x00000000       0x24 ../chip2_bsp/\libhal_bsp.a(alt_irq_handler.o)
 .comment       0x00000000       0x24 ../chip2_bsp/\libhal_bsp.a(alt_tick.o)
 .comment       0x00000000       0x24 ../chip2_bsp/\libhal_bsp.a(altera_nios2_qsys_irq.o)
 .comment       0x00000000       0x24 ../chip2_bsp/\libhal_bsp.a(alt_icache_flush.o)
 .comment       0x00000000       0x24 c:/altera/13.0/nios2eds/bin/gnu/h-i686-mingw32/bin/../lib/gcc/nios2-elf/4.1.2/../../../../nios2-elf/lib\libc.a(lib_a-atexit.o)
 .comment       0x00000000       0x24 c:/altera/13.0/nios2eds/bin/gnu/h-i686-mingw32/bin/../lib/gcc/nios2-elf/4.1.2/../../../../nios2-elf/lib\libc.a(lib_a-exit.o)
 .comment       0x00000000       0x24 c:/altera/13.0/nios2eds/bin/gnu/h-i686-mingw32/bin/../lib/gcc/nios2-elf/4.1.2/../../../../nios2-elf/lib\libc.a(lib_a-__atexit.o)
 .comment       0x00000000       0x24 c:/altera/13.0/nios2eds/bin/gnu/h-i686-mingw32/bin/../lib/gcc/nios2-elf/4.1.2/../../../../nios2-elf/lib\libc.a(lib_a-__call_atexit.o)
 .comment       0x00000000       0x24 ../chip2_bsp/\libhal_bsp.a(alt_exit.o)

.debug
 *(.debug)

.line
 *(.line)

.debug_srcinfo
 *(.debug_srcinfo)

.debug_sfnames
 *(.debug_sfnames)

.debug_aranges  0x00000000      0x838
 *(.debug_aranges)
 .debug_aranges
                0x00000000       0x28 ../chip2_bsp//obj/HAL/src/crt0.o
 .debug_aranges
                0x00000028       0x20 obj/default/hello_world.o
 .debug_aranges
                0x00000048       0x20 c:/altera/13.0/nios2eds/bin/gnu/h-i686-mingw32/bin/../lib/gcc/nios2-elf/4.1.2/../../../../nios2-elf/lib\libc.a(lib_a-puts.o)
 .debug_aranges
                0x00000068       0x20 c:/altera/13.0/nios2eds/bin/gnu/h-i686-mingw32/bin/../lib/gcc/nios2-elf/4.1.2/../../../../nios2-elf/lib\libc.a(lib_a-strlen.o)
 .debug_aranges
                0x00000088       0x20 c:/altera/13.0/nios2eds/bin/gnu/h-i686-mingw32/bin/../lib/gcc/nios2-elf/4.1.2/../../../../nios2-elf/lib\libc.a(lib_a-fvwrite.o)
 .debug_aranges
                0x000000a8       0x20 c:/altera/13.0/nios2eds/bin/gnu/h-i686-mingw32/bin/../lib/gcc/nios2-elf/4.1.2/../../../../nios2-elf/lib\libc.a(lib_a-mallocr.o)
 .debug_aranges
                0x000000c8       0x20 c:/altera/13.0/nios2eds/bin/gnu/h-i686-mingw32/bin/../lib/gcc/nios2-elf/4.1.2/../../../../nios2-elf/lib\libc.a(lib_a-memchr.o)
 .debug_aranges
                0x000000e8       0x20 c:/altera/13.0/nios2eds/bin/gnu/h-i686-mingw32/bin/../lib/gcc/nios2-elf/4.1.2/../../../../nios2-elf/lib\libc.a(lib_a-memcpy.o)
 .debug_aranges
                0x00000108       0x20 c:/altera/13.0/nios2eds/bin/gnu/h-i686-mingw32/bin/../lib/gcc/nios2-elf/4.1.2/../../../../nios2-elf/lib\libc.a(lib_a-memmove.o)
 .debug_aranges
                0x00000128       0x20 c:/altera/13.0/nios2eds/bin/gnu/h-i686-mingw32/bin/../lib/gcc/nios2-elf/4.1.2/../../../../nios2-elf/lib\libc.a(lib_a-reallocr.o)
 .debug_aranges
                0x00000148       0x20 c:/altera/13.0/nios2eds/bin/gnu/h-i686-mingw32/bin/../lib/gcc/nios2-elf/4.1.2/../../../../nios2-elf/lib\libc.a(lib_a-sbrkr.o)
 .debug_aranges
                0x00000168       0x20 c:/altera/13.0/nios2eds/bin/gnu/h-i686-mingw32/bin/../lib/gcc/nios2-elf/4.1.2/../../../../nios2-elf/lib\libc.a(lib_a-wsetup.o)
 .debug_aranges
                0x00000188       0x20 c:/altera/13.0/nios2eds/bin/gnu/h-i686-mingw32/bin/../lib/gcc/nios2-elf/4.1.2/../../../../nios2-elf/lib\libc.a(lib_a-fflush.o)
 .debug_aranges
                0x000001a8       0x20 c:/altera/13.0/nios2eds/bin/gnu/h-i686-mingw32/bin/../lib/gcc/nios2-elf/4.1.2/../../../../nios2-elf/lib\libc.a(lib_a-findfp.o)
 .debug_aranges
                0x000001c8       0x20 c:/altera/13.0/nios2eds/bin/gnu/h-i686-mingw32/bin/../lib/gcc/nios2-elf/4.1.2/../../../../nios2-elf/lib\libc.a(lib_a-freer.o)
 .debug_aranges
                0x000001e8       0x20 c:/altera/13.0/nios2eds/bin/gnu/h-i686-mingw32/bin/../lib/gcc/nios2-elf/4.1.2/../../../../nios2-elf/lib\libc.a(lib_a-fwalk.o)
 .debug_aranges
                0x00000208       0x20 c:/altera/13.0/nios2eds/bin/gnu/h-i686-mingw32/bin/../lib/gcc/nios2-elf/4.1.2/../../../../nios2-elf/lib\libc.a(lib_a-makebuf.o)
 .debug_aranges
                0x00000228       0x20 c:/altera/13.0/nios2eds/bin/gnu/h-i686-mingw32/bin/../lib/gcc/nios2-elf/4.1.2/../../../../nios2-elf/lib\libc.a(lib_a-memset.o)
 .debug_aranges
                0x00000248       0x20 c:/altera/13.0/nios2eds/bin/gnu/h-i686-mingw32/bin/../lib/gcc/nios2-elf/4.1.2/../../../../nios2-elf/lib\libc.a(lib_a-stdio.o)
 .debug_aranges
                0x00000268       0x20 c:/altera/13.0/nios2eds/bin/gnu/h-i686-mingw32/bin/../lib/gcc/nios2-elf/4.1.2/../../../../nios2-elf/lib\libc.a(lib_a-writer.o)
 .debug_aranges
                0x00000288       0x20 c:/altera/13.0/nios2eds/bin/gnu/h-i686-mingw32/bin/../lib/gcc/nios2-elf/4.1.2/../../../../nios2-elf/lib\libc.a(lib_a-closer.o)
 .debug_aranges
                0x000002a8       0x20 c:/altera/13.0/nios2eds/bin/gnu/h-i686-mingw32/bin/../lib/gcc/nios2-elf/4.1.2/../../../../nios2-elf/lib\libc.a(lib_a-fclose.o)
 .debug_aranges
                0x000002c8       0x20 c:/altera/13.0/nios2eds/bin/gnu/h-i686-mingw32/bin/../lib/gcc/nios2-elf/4.1.2/../../../../nios2-elf/lib\libc.a(lib_a-fstatr.o)
 .debug_aranges
                0x000002e8       0x20 c:/altera/13.0/nios2eds/bin/gnu/h-i686-mingw32/bin/../lib/gcc/nios2-elf/4.1.2/../../../../nios2-elf/lib\libc.a(lib_a-isattyr.o)
 .debug_aranges
                0x00000308       0x20 c:/altera/13.0/nios2eds/bin/gnu/h-i686-mingw32/bin/../lib/gcc/nios2-elf/4.1.2/../../../../nios2-elf/lib\libc.a(lib_a-lseekr.o)
 .debug_aranges
                0x00000328       0x20 c:/altera/13.0/nios2eds/bin/gnu/h-i686-mingw32/bin/../lib/gcc/nios2-elf/4.1.2/../../../../nios2-elf/lib\libc.a(lib_a-readr.o)
 .debug_aranges
                0x00000348       0x20 ../chip2_bsp/\libhal_bsp.a(alt_close.o)
 .debug_aranges
                0x00000368       0x20 ../chip2_bsp/\libhal_bsp.a(alt_dev.o)
 .debug_aranges
                0x00000388       0x20 ../chip2_bsp/\libhal_bsp.a(alt_fstat.o)
 .debug_aranges
                0x000003a8       0x20 ../chip2_bsp/\libhal_bsp.a(alt_irq_register.o)
 .debug_aranges
                0x000003c8       0x20 ../chip2_bsp/\libhal_bsp.a(alt_isatty.o)
 .debug_aranges
                0x000003e8       0x20 ../chip2_bsp/\libhal_bsp.a(alt_load.o)
 .debug_aranges
                0x00000408       0x20 ../chip2_bsp/\libhal_bsp.a(alt_lseek.o)
 .debug_aranges
                0x00000428       0x20 ../chip2_bsp/\libhal_bsp.a(alt_main.o)
 .debug_aranges
                0x00000448       0x20 ../chip2_bsp/\libhal_bsp.a(alt_malloc_lock.o)
 .debug_aranges
                0x00000468       0x20 ../chip2_bsp/\libhal_bsp.a(alt_read.o)
 .debug_aranges
                0x00000488       0x20 ../chip2_bsp/\libhal_bsp.a(alt_release_fd.o)
 .debug_aranges
                0x000004a8       0x20 ../chip2_bsp/\libhal_bsp.a(alt_sbrk.o)
 .debug_aranges
                0x000004c8       0x20 ../chip2_bsp/\libhal_bsp.a(alt_write.o)
 .debug_aranges
                0x000004e8       0x20 ../chip2_bsp/\libhal_bsp.a(alt_sys_init.o)
 .debug_aranges
                0x00000508       0x20 ../chip2_bsp/\libhal_bsp.a(altera_avalon_jtag_uart_fd.o)
 .debug_aranges
                0x00000528       0x20 ../chip2_bsp/\libhal_bsp.a(altera_avalon_jtag_uart_init.o)
 .debug_aranges
                0x00000548       0x20 ../chip2_bsp/\libhal_bsp.a(altera_avalon_jtag_uart_ioctl.o)
 .debug_aranges
                0x00000568       0x20 ../chip2_bsp/\libhal_bsp.a(altera_avalon_jtag_uart_read.o)
 .debug_aranges
                0x00000588       0x20 ../chip2_bsp/\libhal_bsp.a(altera_avalon_jtag_uart_write.o)
 .debug_aranges
                0x000005a8       0x20 ../chip2_bsp/\libhal_bsp.a(alt_alarm_start.o)
 .debug_aranges
                0x000005c8       0x20 ../chip2_bsp/\libhal_bsp.a(alt_dcache_flush_all.o)
 .debug_aranges
                0x000005e8       0x20 ../chip2_bsp/\libhal_bsp.a(alt_dev_llist_insert.o)
 .debug_aranges
                0x00000608       0x20 ../chip2_bsp/\libhal_bsp.a(alt_do_ctors.o)
 .debug_aranges
                0x00000628       0x20 ../chip2_bsp/\libhal_bsp.a(alt_do_dtors.o)
 .debug_aranges
                0x00000648       0x20 ../chip2_bsp/\libhal_bsp.a(alt_icache_flush_all.o)
 .debug_aranges
                0x00000668       0x20 ../chip2_bsp/\libhal_bsp.a(alt_iic.o)
 .debug_aranges
                0x00000688       0x20 ../chip2_bsp/\libhal_bsp.a(alt_iic_isr_register.o)
 .debug_aranges
                0x000006a8       0x30 ../chip2_bsp/\libhal_bsp.a(alt_irq_entry.o)
 .debug_aranges
                0x000006d8       0x28 ../chip2_bsp/\libhal_bsp.a(alt_irq_handler.o)
 .debug_aranges
                0x00000700       0x20 ../chip2_bsp/\libhal_bsp.a(alt_tick.o)
 .debug_aranges
                0x00000720       0x20 ../chip2_bsp/\libhal_bsp.a(altera_nios2_qsys_irq.o)
 .debug_aranges
                0x00000740       0x38 ../chip2_bsp/\libhal_bsp.a(alt_exception_entry.o)
 .debug_aranges
                0x00000778       0x20 ../chip2_bsp/\libhal_bsp.a(alt_icache_flush.o)
 .debug_aranges
                0x00000798       0x20 c:/altera/13.0/nios2eds/bin/gnu/h-i686-mingw32/bin/../lib/gcc/nios2-elf/4.1.2/../../../../nios2-elf/lib\libc.a(lib_a-atexit.o)
 .debug_aranges
                0x000007b8       0x20 c:/altera/13.0/nios2eds/bin/gnu/h-i686-mingw32/bin/../lib/gcc/nios2-elf/4.1.2/../../../../nios2-elf/lib\libc.a(lib_a-exit.o)
 .debug_aranges
                0x000007d8       0x20 c:/altera/13.0/nios2eds/bin/gnu/h-i686-mingw32/bin/../lib/gcc/nios2-elf/4.1.2/../../../../nios2-elf/lib\libc.a(lib_a-__atexit.o)
 .debug_aranges
                0x000007f8       0x20 c:/altera/13.0/nios2eds/bin/gnu/h-i686-mingw32/bin/../lib/gcc/nios2-elf/4.1.2/../../../../nios2-elf/lib\libc.a(lib_a-__call_atexit.o)
 .debug_aranges
                0x00000818       0x20 ../chip2_bsp/\libhal_bsp.a(alt_exit.o)

.debug_pubnames
                0x00000000      0xcd1
 *(.debug_pubnames)
 .debug_pubnames
                0x00000000       0x69 obj/default/hello_world.o
 .debug_pubnames
                0x00000069       0x27 c:/altera/13.0/nios2eds/bin/gnu/h-i686-mingw32/bin/../lib/gcc/nios2-elf/4.1.2/../../../../nios2-elf/lib\libc.a(lib_a-puts.o)
 .debug_pubnames
                0x00000090       0x1d c:/altera/13.0/nios2eds/bin/gnu/h-i686-mingw32/bin/../lib/gcc/nios2-elf/4.1.2/../../../../nios2-elf/lib\libc.a(lib_a-strlen.o)
 .debug_pubnames
                0x000000ad       0x23 c:/altera/13.0/nios2eds/bin/gnu/h-i686-mingw32/bin/../lib/gcc/nios2-elf/4.1.2/../../../../nios2-elf/lib\libc.a(lib_a-fvwrite.o)
 .debug_pubnames
                0x000000d0       0x39 c:/altera/13.0/nios2eds/bin/gnu/h-i686-mingw32/bin/../lib/gcc/nios2-elf/4.1.2/../../../../nios2-elf/lib\libc.a(lib_a-impure.o)
 .debug_pubnames
                0x00000109       0xce c:/altera/13.0/nios2eds/bin/gnu/h-i686-mingw32/bin/../lib/gcc/nios2-elf/4.1.2/../../../../nios2-elf/lib\libc.a(lib_a-mallocr.o)
 .debug_pubnames
                0x000001d7       0x1d c:/altera/13.0/nios2eds/bin/gnu/h-i686-mingw32/bin/../lib/gcc/nios2-elf/4.1.2/../../../../nios2-elf/lib\libc.a(lib_a-memchr.o)
 .debug_pubnames
                0x000001f4       0x1d c:/altera/13.0/nios2eds/bin/gnu/h-i686-mingw32/bin/../lib/gcc/nios2-elf/4.1.2/../../../../nios2-elf/lib\libc.a(lib_a-memcpy.o)
 .debug_pubnames
                0x00000211       0x1e c:/altera/13.0/nios2eds/bin/gnu/h-i686-mingw32/bin/../lib/gcc/nios2-elf/4.1.2/../../../../nios2-elf/lib\libc.a(lib_a-memmove.o)
 .debug_pubnames
                0x0000022f       0x21 c:/altera/13.0/nios2eds/bin/gnu/h-i686-mingw32/bin/../lib/gcc/nios2-elf/4.1.2/../../../../nios2-elf/lib\libc.a(lib_a-reallocr.o)
 .debug_pubnames
                0x00000250       0x1e c:/altera/13.0/nios2eds/bin/gnu/h-i686-mingw32/bin/../lib/gcc/nios2-elf/4.1.2/../../../../nios2-elf/lib\libc.a(lib_a-sbrkr.o)
 .debug_pubnames
                0x0000026e       0x22 c:/altera/13.0/nios2eds/bin/gnu/h-i686-mingw32/bin/../lib/gcc/nios2-elf/4.1.2/../../../../nios2-elf/lib\libc.a(lib_a-wsetup.o)
 .debug_pubnames
                0x00000290       0x2b c:/altera/13.0/nios2eds/bin/gnu/h-i686-mingw32/bin/../lib/gcc/nios2-elf/4.1.2/../../../../nios2-elf/lib\libc.a(lib_a-fflush.o)
 .debug_pubnames
                0x000002bb       0xdb c:/altera/13.0/nios2eds/bin/gnu/h-i686-mingw32/bin/../lib/gcc/nios2-elf/4.1.2/../../../../nios2-elf/lib\libc.a(lib_a-findfp.o)
 .debug_pubnames
                0x00000396       0x31 c:/altera/13.0/nios2eds/bin/gnu/h-i686-mingw32/bin/../lib/gcc/nios2-elf/4.1.2/../../../../nios2-elf/lib\libc.a(lib_a-freer.o)
 .debug_pubnames
                0x000003c7       0x2e c:/altera/13.0/nios2eds/bin/gnu/h-i686-mingw32/bin/../lib/gcc/nios2-elf/4.1.2/../../../../nios2-elf/lib\libc.a(lib_a-fwalk.o)
 .debug_pubnames
                0x000003f5       0x1c c:/altera/13.0/nios2eds/bin/gnu/h-i686-mingw32/bin/../lib/gcc/nios2-elf/4.1.2/../../../../nios2-elf/lib\libc.a(lib_a-int_errno.o)
 .debug_pubnames
                0x00000411       0x23 c:/altera/13.0/nios2eds/bin/gnu/h-i686-mingw32/bin/../lib/gcc/nios2-elf/4.1.2/../../../../nios2-elf/lib\libc.a(lib_a-makebuf.o)
 .debug_pubnames
                0x00000434       0x1d c:/altera/13.0/nios2eds/bin/gnu/h-i686-mingw32/bin/../lib/gcc/nios2-elf/4.1.2/../../../../nios2-elf/lib\libc.a(lib_a-memset.o)
 .debug_pubnames
                0x00000451       0x44 c:/altera/13.0/nios2eds/bin/gnu/h-i686-mingw32/bin/../lib/gcc/nios2-elf/4.1.2/../../../../nios2-elf/lib\libc.a(lib_a-stdio.o)
 .debug_pubnames
                0x00000495       0x1f c:/altera/13.0/nios2eds/bin/gnu/h-i686-mingw32/bin/../lib/gcc/nios2-elf/4.1.2/../../../../nios2-elf/lib\libc.a(lib_a-writer.o)
 .debug_pubnames
                0x000004b4       0x1f c:/altera/13.0/nios2eds/bin/gnu/h-i686-mingw32/bin/../lib/gcc/nios2-elf/4.1.2/../../../../nios2-elf/lib\libc.a(lib_a-closer.o)
 .debug_pubnames
                0x000004d3       0x2b c:/altera/13.0/nios2eds/bin/gnu/h-i686-mingw32/bin/../lib/gcc/nios2-elf/4.1.2/../../../../nios2-elf/lib\libc.a(lib_a-fclose.o)
 .debug_pubnames
                0x000004fe       0x1f c:/altera/13.0/nios2eds/bin/gnu/h-i686-mingw32/bin/../lib/gcc/nios2-elf/4.1.2/../../../../nios2-elf/lib\libc.a(lib_a-fstatr.o)
 .debug_pubnames
                0x0000051d       0x20 c:/altera/13.0/nios2eds/bin/gnu/h-i686-mingw32/bin/../lib/gcc/nios2-elf/4.1.2/../../../../nios2-elf/lib\libc.a(lib_a-isattyr.o)
 .debug_pubnames
                0x0000053d       0x1f c:/altera/13.0/nios2eds/bin/gnu/h-i686-mingw32/bin/../lib/gcc/nios2-elf/4.1.2/../../../../nios2-elf/lib\libc.a(lib_a-lseekr.o)
 .debug_pubnames
                0x0000055c       0x1e c:/altera/13.0/nios2eds/bin/gnu/h-i686-mingw32/bin/../lib/gcc/nios2-elf/4.1.2/../../../../nios2-elf/lib\libc.a(lib_a-readr.o)
 .debug_pubnames
                0x0000057a       0x1c ../chip2_bsp/\libhal_bsp.a(alt_close.o)
 .debug_pubnames
                0x00000596       0x63 ../chip2_bsp/\libhal_bsp.a(alt_dev.o)
 .debug_pubnames
                0x000005f9       0x20 ../chip2_bsp/\libhal_bsp.a(alt_errno.o)
 .debug_pubnames
                0x00000619       0x1c ../chip2_bsp/\libhal_bsp.a(alt_fstat.o)
 .debug_pubnames
                0x00000635       0x27 ../chip2_bsp/\libhal_bsp.a(alt_irq_register.o)
 .debug_pubnames
                0x0000065c       0x3b ../chip2_bsp/\libhal_bsp.a(alt_irq_vars.o)
 .debug_pubnames
                0x00000697       0x1d ../chip2_bsp/\libhal_bsp.a(alt_isatty.o)
 .debug_pubnames
                0x000006b4       0x1f ../chip2_bsp/\libhal_bsp.a(alt_load.o)
 .debug_pubnames
                0x000006d3       0x1c ../chip2_bsp/\libhal_bsp.a(alt_lseek.o)
 .debug_pubnames
                0x000006ef       0x46 ../chip2_bsp/\libhal_bsp.a(alt_main.o)
 .debug_pubnames
                0x00000735       0x38 ../chip2_bsp/\libhal_bsp.a(alt_malloc_lock.o)
 .debug_pubnames
                0x0000076d       0x1b ../chip2_bsp/\libhal_bsp.a(alt_read.o)
 .debug_pubnames
                0x00000788       0x25 ../chip2_bsp/\libhal_bsp.a(alt_release_fd.o)
 .debug_pubnames
                0x000007ad       0x1b ../chip2_bsp/\libhal_bsp.a(alt_sbrk.o)
 .debug_pubnames
                0x000007c8       0x1c ../chip2_bsp/\libhal_bsp.a(alt_write.o)
 .debug_pubnames
                0x000007e4       0x34 ../chip2_bsp/\libhal_bsp.a(alt_sys_init.o)
 .debug_pubnames
                0x00000818       0xa5 ../chip2_bsp/\libhal_bsp.a(altera_avalon_jtag_uart_fd.o)
 .debug_pubnames
                0x000008bd       0x55 ../chip2_bsp/\libhal_bsp.a(altera_avalon_jtag_uart_init.o)
 .debug_pubnames
                0x00000912       0x34 ../chip2_bsp/\libhal_bsp.a(altera_avalon_jtag_uart_ioctl.o)
 .debug_pubnames
                0x00000946       0x33 ../chip2_bsp/\libhal_bsp.a(altera_avalon_jtag_uart_read.o)
 .debug_pubnames
                0x00000979       0x34 ../chip2_bsp/\libhal_bsp.a(altera_avalon_jtag_uart_write.o)
 .debug_pubnames
                0x000009ad       0x26 ../chip2_bsp/\libhal_bsp.a(alt_alarm_start.o)
 .debug_pubnames
                0x000009d3       0x2b ../chip2_bsp/\libhal_bsp.a(alt_dcache_flush_all.o)
 .debug_pubnames
                0x000009fe       0x2b ../chip2_bsp/\libhal_bsp.a(alt_dev_llist_insert.o)
 .debug_pubnames
                0x00000a29       0x20 ../chip2_bsp/\libhal_bsp.a(alt_do_ctors.o)
 .debug_pubnames
                0x00000a49       0x20 ../chip2_bsp/\libhal_bsp.a(alt_do_dtors.o)
 .debug_pubnames
                0x00000a69       0x2b ../chip2_bsp/\libhal_bsp.a(alt_icache_flush_all.o)
 .debug_pubnames
                0x00000a94       0x6e ../chip2_bsp/\libhal_bsp.a(alt_iic.o)
 .debug_pubnames
                0x00000b02       0x2b ../chip2_bsp/\libhal_bsp.a(alt_iic_isr_register.o)
 .debug_pubnames
                0x00000b2d       0x32 ../chip2_bsp/\libhal_bsp.a(alt_irq_handler.o)
 .debug_pubnames
                0x00000b5f       0x68 ../chip2_bsp/\libhal_bsp.a(alt_tick.o)
 .debug_pubnames
                0x00000bc7       0x31 ../chip2_bsp/\libhal_bsp.a(altera_nios2_qsys_irq.o)
 .debug_pubnames
                0x00000bf8       0x27 ../chip2_bsp/\libhal_bsp.a(alt_icache_flush.o)
 .debug_pubnames
                0x00000c1f       0x2a c:/altera/13.0/nios2eds/bin/gnu/h-i686-mingw32/bin/../lib/gcc/nios2-elf/4.1.2/../../../../nios2-elf/lib\libc.a(lib_a-atexit.o)
 .debug_pubnames
                0x00000c49       0x1b c:/altera/13.0/nios2eds/bin/gnu/h-i686-mingw32/bin/../lib/gcc/nios2-elf/4.1.2/../../../../nios2-elf/lib\libc.a(lib_a-exit.o)
 .debug_pubnames
                0x00000c64       0x2a c:/altera/13.0/nios2eds/bin/gnu/h-i686-mingw32/bin/../lib/gcc/nios2-elf/4.1.2/../../../../nios2-elf/lib\libc.a(lib_a-__atexit.o)
 .debug_pubnames
                0x00000c8e       0x27 c:/altera/13.0/nios2eds/bin/gnu/h-i686-mingw32/bin/../lib/gcc/nios2-elf/4.1.2/../../../../nios2-elf/lib\libc.a(lib_a-__call_atexit.o)
 .debug_pubnames
                0x00000cb5       0x1c ../chip2_bsp/\libhal_bsp.a(alt_exit.o)

.debug_info     0x00000000    0x17e19
 *(.debug_info .gnu.linkonce.wi.*)
 .debug_info    0x00000000       0x62 ../chip2_bsp//obj/HAL/src/crt0.o
 .debug_info    0x00000062      0x30a obj/default/hello_world.o
 .debug_info    0x0000036c      0xa25 c:/altera/13.0/nios2eds/bin/gnu/h-i686-mingw32/bin/../lib/gcc/nios2-elf/4.1.2/../../../../nios2-elf/lib\libc.a(lib_a-puts.o)
 .debug_info    0x00000d91       0xdb c:/altera/13.0/nios2eds/bin/gnu/h-i686-mingw32/bin/../lib/gcc/nios2-elf/4.1.2/../../../../nios2-elf/lib\libc.a(lib_a-strlen.o)
 .debug_info    0x00000e6c      0xa88 c:/altera/13.0/nios2eds/bin/gnu/h-i686-mingw32/bin/../lib/gcc/nios2-elf/4.1.2/../../../../nios2-elf/lib\libc.a(lib_a-fvwrite.o)
 .debug_info    0x000018f4      0x93d c:/altera/13.0/nios2eds/bin/gnu/h-i686-mingw32/bin/../lib/gcc/nios2-elf/4.1.2/../../../../nios2-elf/lib\libc.a(lib_a-impure.o)
 .debug_info    0x00002231      0xcd0 c:/altera/13.0/nios2eds/bin/gnu/h-i686-mingw32/bin/../lib/gcc/nios2-elf/4.1.2/../../../../nios2-elf/lib\libc.a(lib_a-mallocr.o)
 .debug_info    0x00002f01      0x138 c:/altera/13.0/nios2eds/bin/gnu/h-i686-mingw32/bin/../lib/gcc/nios2-elf/4.1.2/../../../../nios2-elf/lib\libc.a(lib_a-memchr.o)
 .debug_info    0x00003039      0x106 c:/altera/13.0/nios2eds/bin/gnu/h-i686-mingw32/bin/../lib/gcc/nios2-elf/4.1.2/../../../../nios2-elf/lib\libc.a(lib_a-memcpy.o)
 .debug_info    0x0000313f      0x13e c:/altera/13.0/nios2eds/bin/gnu/h-i686-mingw32/bin/../lib/gcc/nios2-elf/4.1.2/../../../../nios2-elf/lib\libc.a(lib_a-memmove.o)
 .debug_info    0x0000327d      0xbd7 c:/altera/13.0/nios2eds/bin/gnu/h-i686-mingw32/bin/../lib/gcc/nios2-elf/4.1.2/../../../../nios2-elf/lib\libc.a(lib_a-reallocr.o)
 .debug_info    0x00003e54      0x962 c:/altera/13.0/nios2eds/bin/gnu/h-i686-mingw32/bin/../lib/gcc/nios2-elf/4.1.2/../../../../nios2-elf/lib\libc.a(lib_a-sbrkr.o)
 .debug_info    0x000047b6      0x95d c:/altera/13.0/nios2eds/bin/gnu/h-i686-mingw32/bin/../lib/gcc/nios2-elf/4.1.2/../../../../nios2-elf/lib\libc.a(lib_a-wsetup.o)
 .debug_info    0x00005113      0x9fe c:/altera/13.0/nios2eds/bin/gnu/h-i686-mingw32/bin/../lib/gcc/nios2-elf/4.1.2/../../../../nios2-elf/lib\libc.a(lib_a-fflush.o)
 .debug_info    0x00005b11      0xb72 c:/altera/13.0/nios2eds/bin/gnu/h-i686-mingw32/bin/../lib/gcc/nios2-elf/4.1.2/../../../../nios2-elf/lib\libc.a(lib_a-findfp.o)
 .debug_info    0x00006683      0xbc9 c:/altera/13.0/nios2eds/bin/gnu/h-i686-mingw32/bin/../lib/gcc/nios2-elf/4.1.2/../../../../nios2-elf/lib\libc.a(lib_a-freer.o)
 .debug_info    0x0000724c      0xaed c:/altera/13.0/nios2eds/bin/gnu/h-i686-mingw32/bin/../lib/gcc/nios2-elf/4.1.2/../../../../nios2-elf/lib\libc.a(lib_a-fwalk.o)
 .debug_info    0x00007d39       0x8c c:/altera/13.0/nios2eds/bin/gnu/h-i686-mingw32/bin/../lib/gcc/nios2-elf/4.1.2/../../../../nios2-elf/lib\libc.a(lib_a-int_errno.o)
 .debug_info    0x00007dc5      0xb1a c:/altera/13.0/nios2eds/bin/gnu/h-i686-mingw32/bin/../lib/gcc/nios2-elf/4.1.2/../../../../nios2-elf/lib\libc.a(lib_a-makebuf.o)
 .debug_info    0x000088df      0x113 c:/altera/13.0/nios2eds/bin/gnu/h-i686-mingw32/bin/../lib/gcc/nios2-elf/4.1.2/../../../../nios2-elf/lib\libc.a(lib_a-memset.o)
 .debug_info    0x000089f2      0xaac c:/altera/13.0/nios2eds/bin/gnu/h-i686-mingw32/bin/../lib/gcc/nios2-elf/4.1.2/../../../../nios2-elf/lib\libc.a(lib_a-stdio.o)
 .debug_info    0x0000949e      0x993 c:/altera/13.0/nios2eds/bin/gnu/h-i686-mingw32/bin/../lib/gcc/nios2-elf/4.1.2/../../../../nios2-elf/lib\libc.a(lib_a-writer.o)
 .debug_info    0x00009e31      0x958 c:/altera/13.0/nios2eds/bin/gnu/h-i686-mingw32/bin/../lib/gcc/nios2-elf/4.1.2/../../../../nios2-elf/lib\libc.a(lib_a-closer.o)
 .debug_info    0x0000a789      0x994 c:/altera/13.0/nios2eds/bin/gnu/h-i686-mingw32/bin/../lib/gcc/nios2-elf/4.1.2/../../../../nios2-elf/lib\libc.a(lib_a-fclose.o)
 .debug_info    0x0000b11d      0xafc c:/altera/13.0/nios2eds/bin/gnu/h-i686-mingw32/bin/../lib/gcc/nios2-elf/4.1.2/../../../../nios2-elf/lib\libc.a(lib_a-fstatr.o)
 .debug_info    0x0000bc19      0x958 c:/altera/13.0/nios2eds/bin/gnu/h-i686-mingw32/bin/../lib/gcc/nios2-elf/4.1.2/../../../../nios2-elf/lib\libc.a(lib_a-isattyr.o)
 .debug_info    0x0000c571      0x981 c:/altera/13.0/nios2eds/bin/gnu/h-i686-mingw32/bin/../lib/gcc/nios2-elf/4.1.2/../../../../nios2-elf/lib\libc.a(lib_a-lseekr.o)
 .debug_info    0x0000cef2      0x98c c:/altera/13.0/nios2eds/bin/gnu/h-i686-mingw32/bin/../lib/gcc/nios2-elf/4.1.2/../../../../nios2-elf/lib\libc.a(lib_a-readr.o)
 .debug_info    0x0000d87e      0x44e ../chip2_bsp/\libhal_bsp.a(alt_close.o)
 .debug_info    0x0000dccc      0x666 ../chip2_bsp/\libhal_bsp.a(alt_dev.o)
 .debug_info    0x0000e332      0x14b ../chip2_bsp/\libhal_bsp.a(alt_errno.o)
 .debug_info    0x0000e47d      0x647 ../chip2_bsp/\libhal_bsp.a(alt_fstat.o)
 .debug_info    0x0000eac4      0x411 ../chip2_bsp/\libhal_bsp.a(alt_irq_register.o)
 .debug_info    0x0000eed5      0x14e ../chip2_bsp/\libhal_bsp.a(alt_irq_vars.o)
 .debug_info    0x0000f023      0x64d ../chip2_bsp/\libhal_bsp.a(alt_isatty.o)
 .debug_info    0x0000f670      0x274 ../chip2_bsp/\libhal_bsp.a(alt_load.o)
 .debug_info    0x0000f8e4      0x481 ../chip2_bsp/\libhal_bsp.a(alt_lseek.o)
 .debug_info    0x0000fd65      0x20c ../chip2_bsp/\libhal_bsp.a(alt_main.o)
 .debug_info    0x0000ff71      0xbff ../chip2_bsp/\libhal_bsp.a(alt_malloc_lock.o)
 .debug_info    0x00010b70      0x671 ../chip2_bsp/\libhal_bsp.a(alt_read.o)
 .debug_info    0x000111e1      0x3d9 ../chip2_bsp/\libhal_bsp.a(alt_release_fd.o)
 .debug_info    0x000115ba      0x29e ../chip2_bsp/\libhal_bsp.a(alt_sbrk.o)
 .debug_info    0x00011858      0x67a ../chip2_bsp/\libhal_bsp.a(alt_write.o)
 .debug_info    0x00011ed2      0x6bf ../chip2_bsp/\libhal_bsp.a(alt_sys_init.o)
 .debug_info    0x00012591      0x7c0 ../chip2_bsp/\libhal_bsp.a(altera_avalon_jtag_uart_fd.o)
 .debug_info    0x00012d51      0x5e8 ../chip2_bsp/\libhal_bsp.a(altera_avalon_jtag_uart_init.o)
 .debug_info    0x00013339      0x42a ../chip2_bsp/\libhal_bsp.a(altera_avalon_jtag_uart_ioctl.o)
 .debug_info    0x00013763      0x52d ../chip2_bsp/\libhal_bsp.a(altera_avalon_jtag_uart_read.o)
 .debug_info    0x00013c90      0x525 ../chip2_bsp/\libhal_bsp.a(altera_avalon_jtag_uart_write.o)
 .debug_info    0x000141b5      0x429 ../chip2_bsp/\libhal_bsp.a(alt_alarm_start.o)
 .debug_info    0x000145de      0x156 ../chip2_bsp/\libhal_bsp.a(alt_dcache_flush_all.o)
 .debug_info    0x00014734      0x29e ../chip2_bsp/\libhal_bsp.a(alt_dev_llist_insert.o)
 .debug_info    0x000149d2       0xf6 ../chip2_bsp/\libhal_bsp.a(alt_do_ctors.o)
 .debug_info    0x00014ac8       0xf5 ../chip2_bsp/\libhal_bsp.a(alt_do_dtors.o)
 .debug_info    0x00014bbd      0x143 ../chip2_bsp/\libhal_bsp.a(alt_icache_flush_all.o)
 .debug_info    0x00014d00      0x47a ../chip2_bsp/\libhal_bsp.a(alt_iic.o)
 .debug_info    0x0001517a      0x2fb ../chip2_bsp/\libhal_bsp.a(alt_iic_isr_register.o)
 .debug_info    0x00015475       0x6b ../chip2_bsp/\libhal_bsp.a(alt_irq_entry.o)
 .debug_info    0x000154e0      0x25c ../chip2_bsp/\libhal_bsp.a(alt_irq_handler.o)
 .debug_info    0x0001573c      0x3e5 ../chip2_bsp/\libhal_bsp.a(alt_tick.o)
 .debug_info    0x00015b21      0x14a ../chip2_bsp/\libhal_bsp.a(altera_nios2_qsys_irq.o)
 .debug_info    0x00015c6b       0x71 ../chip2_bsp/\libhal_bsp.a(alt_exception_entry.o)
 .debug_info    0x00015cdc      0x18b ../chip2_bsp/\libhal_bsp.a(alt_icache_flush.o)
 .debug_info    0x00015e67      0x181 c:/altera/13.0/nios2eds/bin/gnu/h-i686-mingw32/bin/../lib/gcc/nios2-elf/4.1.2/../../../../nios2-elf/lib\libc.a(lib_a-atexit.o)
 .debug_info    0x00015fe8      0x93f c:/altera/13.0/nios2eds/bin/gnu/h-i686-mingw32/bin/../lib/gcc/nios2-elf/4.1.2/../../../../nios2-elf/lib\libc.a(lib_a-exit.o)
 .debug_info    0x00016927      0x99c c:/altera/13.0/nios2eds/bin/gnu/h-i686-mingw32/bin/../lib/gcc/nios2-elf/4.1.2/../../../../nios2-elf/lib\libc.a(lib_a-__atexit.o)
 .debug_info    0x000172c3      0x9e2 c:/altera/13.0/nios2eds/bin/gnu/h-i686-mingw32/bin/../lib/gcc/nios2-elf/4.1.2/../../../../nios2-elf/lib\libc.a(lib_a-__call_atexit.o)
 .debug_info    0x00017ca5      0x174 ../chip2_bsp/\libhal_bsp.a(alt_exit.o)

.debug_abbrev   0x00000000     0x4ab9
 *(.debug_abbrev)
 .debug_abbrev  0x00000000       0x12 ../chip2_bsp//obj/HAL/src/crt0.o
 .debug_abbrev  0x00000012       0xac obj/default/hello_world.o
 .debug_abbrev  0x000000be      0x1ac c:/altera/13.0/nios2eds/bin/gnu/h-i686-mingw32/bin/../lib/gcc/nios2-elf/4.1.2/../../../../nios2-elf/lib\libc.a(lib_a-puts.o)
 .debug_abbrev  0x0000026a       0x8b c:/altera/13.0/nios2eds/bin/gnu/h-i686-mingw32/bin/../lib/gcc/nios2-elf/4.1.2/../../../../nios2-elf/lib\libc.a(lib_a-strlen.o)
 .debug_abbrev  0x000002f5      0x1a3 c:/altera/13.0/nios2eds/bin/gnu/h-i686-mingw32/bin/../lib/gcc/nios2-elf/4.1.2/../../../../nios2-elf/lib\libc.a(lib_a-fvwrite.o)
 .debug_abbrev  0x00000498      0x157 c:/altera/13.0/nios2eds/bin/gnu/h-i686-mingw32/bin/../lib/gcc/nios2-elf/4.1.2/../../../../nios2-elf/lib\libc.a(lib_a-impure.o)
 .debug_abbrev  0x000005ef      0x216 c:/altera/13.0/nios2eds/bin/gnu/h-i686-mingw32/bin/../lib/gcc/nios2-elf/4.1.2/../../../../nios2-elf/lib\libc.a(lib_a-mallocr.o)
 .debug_abbrev  0x00000805       0xb5 c:/altera/13.0/nios2eds/bin/gnu/h-i686-mingw32/bin/../lib/gcc/nios2-elf/4.1.2/../../../../nios2-elf/lib\libc.a(lib_a-memchr.o)
 .debug_abbrev  0x000008ba       0xb5 c:/altera/13.0/nios2eds/bin/gnu/h-i686-mingw32/bin/../lib/gcc/nios2-elf/4.1.2/../../../../nios2-elf/lib\libc.a(lib_a-memcpy.o)
 .debug_abbrev  0x0000096f       0xb5 c:/altera/13.0/nios2eds/bin/gnu/h-i686-mingw32/bin/../lib/gcc/nios2-elf/4.1.2/../../../../nios2-elf/lib\libc.a(lib_a-memmove.o)
 .debug_abbrev  0x00000a24      0x1c3 c:/altera/13.0/nios2eds/bin/gnu/h-i686-mingw32/bin/../lib/gcc/nios2-elf/4.1.2/../../../../nios2-elf/lib\libc.a(lib_a-reallocr.o)
 .debug_abbrev  0x00000be7      0x18c c:/altera/13.0/nios2eds/bin/gnu/h-i686-mingw32/bin/../lib/gcc/nios2-elf/4.1.2/../../../../nios2-elf/lib\libc.a(lib_a-sbrkr.o)
 .debug_abbrev  0x00000d73      0x170 c:/altera/13.0/nios2eds/bin/gnu/h-i686-mingw32/bin/../lib/gcc/nios2-elf/4.1.2/../../../../nios2-elf/lib\libc.a(lib_a-wsetup.o)
 .debug_abbrev  0x00000ee3      0x1c6 c:/altera/13.0/nios2eds/bin/gnu/h-i686-mingw32/bin/../lib/gcc/nios2-elf/4.1.2/../../../../nios2-elf/lib\libc.a(lib_a-fflush.o)
 .debug_abbrev  0x000010a9      0x24c c:/altera/13.0/nios2eds/bin/gnu/h-i686-mingw32/bin/../lib/gcc/nios2-elf/4.1.2/../../../../nios2-elf/lib\libc.a(lib_a-findfp.o)
 .debug_abbrev  0x000012f5      0x1d9 c:/altera/13.0/nios2eds/bin/gnu/h-i686-mingw32/bin/../lib/gcc/nios2-elf/4.1.2/../../../../nios2-elf/lib\libc.a(lib_a-freer.o)
 .debug_abbrev  0x000014ce      0x1e3 c:/altera/13.0/nios2eds/bin/gnu/h-i686-mingw32/bin/../lib/gcc/nios2-elf/4.1.2/../../../../nios2-elf/lib\libc.a(lib_a-fwalk.o)
 .debug_abbrev  0x000016b1       0x3b c:/altera/13.0/nios2eds/bin/gnu/h-i686-mingw32/bin/../lib/gcc/nios2-elf/4.1.2/../../../../nios2-elf/lib\libc.a(lib_a-int_errno.o)
 .debug_abbrev  0x000016ec      0x197 c:/altera/13.0/nios2eds/bin/gnu/h-i686-mingw32/bin/../lib/gcc/nios2-elf/4.1.2/../../../../nios2-elf/lib\libc.a(lib_a-makebuf.o)
 .debug_abbrev  0x00001883       0xb8 c:/altera/13.0/nios2eds/bin/gnu/h-i686-mingw32/bin/../lib/gcc/nios2-elf/4.1.2/../../../../nios2-elf/lib\libc.a(lib_a-memset.o)
 .debug_abbrev  0x0000193b      0x1c9 c:/altera/13.0/nios2eds/bin/gnu/h-i686-mingw32/bin/../lib/gcc/nios2-elf/4.1.2/../../../../nios2-elf/lib\libc.a(lib_a-stdio.o)
 .debug_abbrev  0x00001b04      0x184 c:/altera/13.0/nios2eds/bin/gnu/h-i686-mingw32/bin/../lib/gcc/nios2-elf/4.1.2/../../../../nios2-elf/lib\libc.a(lib_a-writer.o)
 .debug_abbrev  0x00001c88      0x17f c:/altera/13.0/nios2eds/bin/gnu/h-i686-mingw32/bin/../lib/gcc/nios2-elf/4.1.2/../../../../nios2-elf/lib\libc.a(lib_a-closer.o)
 .debug_abbrev  0x00001e07      0x1a7 c:/altera/13.0/nios2eds/bin/gnu/h-i686-mingw32/bin/../lib/gcc/nios2-elf/4.1.2/../../../../nios2-elf/lib\libc.a(lib_a-fclose.o)
 .debug_abbrev  0x00001fae      0x18e c:/altera/13.0/nios2eds/bin/gnu/h-i686-mingw32/bin/../lib/gcc/nios2-elf/4.1.2/../../../../nios2-elf/lib\libc.a(lib_a-fstatr.o)
 .debug_abbrev  0x0000213c      0x17f c:/altera/13.0/nios2eds/bin/gnu/h-i686-mingw32/bin/../lib/gcc/nios2-elf/4.1.2/../../../../nios2-elf/lib\libc.a(lib_a-isattyr.o)
 .debug_abbrev  0x000022bb      0x18e c:/altera/13.0/nios2eds/bin/gnu/h-i686-mingw32/bin/../lib/gcc/nios2-elf/4.1.2/../../../../nios2-elf/lib\libc.a(lib_a-lseekr.o)
 .debug_abbrev  0x00002449      0x17f c:/altera/13.0/nios2eds/bin/gnu/h-i686-mingw32/bin/../lib/gcc/nios2-elf/4.1.2/../../../../nios2-elf/lib\libc.a(lib_a-readr.o)
 .debug_abbrev  0x000025c8       0xfb ../chip2_bsp/\libhal_bsp.a(alt_close.o)
 .debug_abbrev  0x000026c3       0xc7 ../chip2_bsp/\libhal_bsp.a(alt_dev.o)
 .debug_abbrev  0x0000278a       0x5e ../chip2_bsp/\libhal_bsp.a(alt_errno.o)
 .debug_abbrev  0x000027e8       0xfb ../chip2_bsp/\libhal_bsp.a(alt_fstat.o)
 .debug_abbrev  0x000028e3      0x180 ../chip2_bsp/\libhal_bsp.a(alt_irq_register.o)
 .debug_abbrev  0x00002a63       0x44 ../chip2_bsp/\libhal_bsp.a(alt_irq_vars.o)
 .debug_abbrev  0x00002aa7       0xfb ../chip2_bsp/\libhal_bsp.a(alt_isatty.o)
 .debug_abbrev  0x00002ba2       0x88 ../chip2_bsp/\libhal_bsp.a(alt_load.o)
 .debug_abbrev  0x00002c2a       0xfb ../chip2_bsp/\libhal_bsp.a(alt_lseek.o)
 .debug_abbrev  0x00002d25       0xb7 ../chip2_bsp/\libhal_bsp.a(alt_main.o)
 .debug_abbrev  0x00002ddc      0x181 ../chip2_bsp/\libhal_bsp.a(alt_malloc_lock.o)
 .debug_abbrev  0x00002f5d       0xfb ../chip2_bsp/\libhal_bsp.a(alt_read.o)
 .debug_abbrev  0x00003058       0xc1 ../chip2_bsp/\libhal_bsp.a(alt_release_fd.o)
 .debug_abbrev  0x00003119      0x115 ../chip2_bsp/\libhal_bsp.a(alt_sbrk.o)
 .debug_abbrev  0x0000322e      0x100 ../chip2_bsp/\libhal_bsp.a(alt_write.o)
 .debug_abbrev  0x0000332e      0x142 ../chip2_bsp/\libhal_bsp.a(alt_sys_init.o)
 .debug_abbrev  0x00003470       0xf7 ../chip2_bsp/\libhal_bsp.a(altera_avalon_jtag_uart_fd.o)
 .debug_abbrev  0x00003567      0x17c ../chip2_bsp/\libhal_bsp.a(altera_avalon_jtag_uart_init.o)
 .debug_abbrev  0x000036e3       0xf0 ../chip2_bsp/\libhal_bsp.a(altera_avalon_jtag_uart_ioctl.o)
 .debug_abbrev  0x000037d3      0x191 ../chip2_bsp/\libhal_bsp.a(altera_avalon_jtag_uart_read.o)
 .debug_abbrev  0x00003964      0x18d ../chip2_bsp/\libhal_bsp.a(altera_avalon_jtag_uart_write.o)
 .debug_abbrev  0x00003af1      0x172 ../chip2_bsp/\libhal_bsp.a(alt_alarm_start.o)
 .debug_abbrev  0x00003c63       0x57 ../chip2_bsp/\libhal_bsp.a(alt_dcache_flush_all.o)
 .debug_abbrev  0x00003cba       0xf6 ../chip2_bsp/\libhal_bsp.a(alt_dev_llist_insert.o)
 .debug_abbrev  0x00003db0       0x76 ../chip2_bsp/\libhal_bsp.a(alt_do_ctors.o)
 .debug_abbrev  0x00003e26       0x76 ../chip2_bsp/\libhal_bsp.a(alt_do_dtors.o)
 .debug_abbrev  0x00003e9c       0x3f ../chip2_bsp/\libhal_bsp.a(alt_icache_flush_all.o)
 .debug_abbrev  0x00003edb      0x134 ../chip2_bsp/\libhal_bsp.a(alt_iic.o)
 .debug_abbrev  0x0000400f      0x14e ../chip2_bsp/\libhal_bsp.a(alt_iic_isr_register.o)
 .debug_abbrev  0x0000415d       0x12 ../chip2_bsp/\libhal_bsp.a(alt_irq_entry.o)
 .debug_abbrev  0x0000416f      0x10c ../chip2_bsp/\libhal_bsp.a(alt_irq_handler.o)
 .debug_abbrev  0x0000427b      0x150 ../chip2_bsp/\libhal_bsp.a(alt_tick.o)
 .debug_abbrev  0x000043cb       0x3f ../chip2_bsp/\libhal_bsp.a(altera_nios2_qsys_irq.o)
 .debug_abbrev  0x0000440a       0x12 ../chip2_bsp/\libhal_bsp.a(alt_exception_entry.o)
 .debug_abbrev  0x0000441c       0x7a ../chip2_bsp/\libhal_bsp.a(alt_icache_flush.o)
 .debug_abbrev  0x00004496       0xb7 c:/altera/13.0/nios2eds/bin/gnu/h-i686-mingw32/bin/../lib/gcc/nios2-elf/4.1.2/../../../../nios2-elf/lib\libc.a(lib_a-atexit.o)
 .debug_abbrev  0x0000454d      0x16e c:/altera/13.0/nios2eds/bin/gnu/h-i686-mingw32/bin/../lib/gcc/nios2-elf/4.1.2/../../../../nios2-elf/lib\libc.a(lib_a-exit.o)
 .debug_abbrev  0x000046bb      0x1ae c:/altera/13.0/nios2eds/bin/gnu/h-i686-mingw32/bin/../lib/gcc/nios2-elf/4.1.2/../../../../nios2-elf/lib\libc.a(lib_a-__atexit.o)
 .debug_abbrev  0x00004869      0x1de c:/altera/13.0/nios2eds/bin/gnu/h-i686-mingw32/bin/../lib/gcc/nios2-elf/4.1.2/../../../../nios2-elf/lib\libc.a(lib_a-__call_atexit.o)
 .debug_abbrev  0x00004a47       0x72 ../chip2_bsp/\libhal_bsp.a(alt_exit.o)

.debug_line     0x00000000     0xb8eb
 *(.debug_line)
 .debug_line    0x00000000       0x72 ../chip2_bsp//obj/HAL/src/crt0.o
 .debug_line    0x00000072      0x3d5 obj/default/hello_world.o
 .debug_line    0x00000447      0x2f1 c:/altera/13.0/nios2eds/bin/gnu/h-i686-mingw32/bin/../lib/gcc/nios2-elf/4.1.2/../../../../nios2-elf/lib\libc.a(lib_a-puts.o)
 .debug_line    0x00000738      0x264 c:/altera/13.0/nios2eds/bin/gnu/h-i686-mingw32/bin/../lib/gcc/nios2-elf/4.1.2/../../../../nios2-elf/lib\libc.a(lib_a-strlen.o)
 .debug_line    0x0000099c      0x63b c:/altera/13.0/nios2eds/bin/gnu/h-i686-mingw32/bin/../lib/gcc/nios2-elf/4.1.2/../../../../nios2-elf/lib\libc.a(lib_a-fvwrite.o)
 .debug_line    0x00000fd7      0x224 c:/altera/13.0/nios2eds/bin/gnu/h-i686-mingw32/bin/../lib/gcc/nios2-elf/4.1.2/../../../../nios2-elf/lib\libc.a(lib_a-impure.o)
 .debug_line    0x000011fb      0x804 c:/altera/13.0/nios2eds/bin/gnu/h-i686-mingw32/bin/../lib/gcc/nios2-elf/4.1.2/../../../../nios2-elf/lib\libc.a(lib_a-mallocr.o)
 .debug_line    0x000019ff      0x2fa c:/altera/13.0/nios2eds/bin/gnu/h-i686-mingw32/bin/../lib/gcc/nios2-elf/4.1.2/../../../../nios2-elf/lib\libc.a(lib_a-memchr.o)
 .debug_line    0x00001cf9      0x1a9 c:/altera/13.0/nios2eds/bin/gnu/h-i686-mingw32/bin/../lib/gcc/nios2-elf/4.1.2/../../../../nios2-elf/lib\libc.a(lib_a-memcpy.o)
 .debug_line    0x00001ea2      0x301 c:/altera/13.0/nios2eds/bin/gnu/h-i686-mingw32/bin/../lib/gcc/nios2-elf/4.1.2/../../../../nios2-elf/lib\libc.a(lib_a-memmove.o)
 .debug_line    0x000021a3      0x584 c:/altera/13.0/nios2eds/bin/gnu/h-i686-mingw32/bin/../lib/gcc/nios2-elf/4.1.2/../../../../nios2-elf/lib\libc.a(lib_a-reallocr.o)
 .debug_line    0x00002727      0x290 c:/altera/13.0/nios2eds/bin/gnu/h-i686-mingw32/bin/../lib/gcc/nios2-elf/4.1.2/../../../../nios2-elf/lib\libc.a(lib_a-sbrkr.o)
 .debug_line    0x000029b7      0x2ea c:/altera/13.0/nios2eds/bin/gnu/h-i686-mingw32/bin/../lib/gcc/nios2-elf/4.1.2/../../../../nios2-elf/lib\libc.a(lib_a-wsetup.o)
 .debug_line    0x00002ca1      0x407 c:/altera/13.0/nios2eds/bin/gnu/h-i686-mingw32/bin/../lib/gcc/nios2-elf/4.1.2/../../../../nios2-elf/lib\libc.a(lib_a-fflush.o)
 .debug_line    0x000030a8      0x5fb c:/altera/13.0/nios2eds/bin/gnu/h-i686-mingw32/bin/../lib/gcc/nios2-elf/4.1.2/../../../../nios2-elf/lib\libc.a(lib_a-findfp.o)
 .debug_line    0x000036a3      0x5e5 c:/altera/13.0/nios2eds/bin/gnu/h-i686-mingw32/bin/../lib/gcc/nios2-elf/4.1.2/../../../../nios2-elf/lib\libc.a(lib_a-freer.o)
 .debug_line    0x00003c88      0x344 c:/altera/13.0/nios2eds/bin/gnu/h-i686-mingw32/bin/../lib/gcc/nios2-elf/4.1.2/../../../../nios2-elf/lib\libc.a(lib_a-fwalk.o)
 .debug_line    0x00003fcc      0x1d9 c:/altera/13.0/nios2eds/bin/gnu/h-i686-mingw32/bin/../lib/gcc/nios2-elf/4.1.2/../../../../nios2-elf/lib\libc.a(lib_a-int_errno.o)
 .debug_line    0x000041a5      0x3bd c:/altera/13.0/nios2eds/bin/gnu/h-i686-mingw32/bin/../lib/gcc/nios2-elf/4.1.2/../../../../nios2-elf/lib\libc.a(lib_a-makebuf.o)
 .debug_line    0x00004562      0x2f8 c:/altera/13.0/nios2eds/bin/gnu/h-i686-mingw32/bin/../lib/gcc/nios2-elf/4.1.2/../../../../nios2-elf/lib\libc.a(lib_a-memset.o)
 .debug_line    0x0000485a      0x386 c:/altera/13.0/nios2eds/bin/gnu/h-i686-mingw32/bin/../lib/gcc/nios2-elf/4.1.2/../../../../nios2-elf/lib\libc.a(lib_a-stdio.o)
 .debug_line    0x00004be0      0x291 c:/altera/13.0/nios2eds/bin/gnu/h-i686-mingw32/bin/../lib/gcc/nios2-elf/4.1.2/../../../../nios2-elf/lib\libc.a(lib_a-writer.o)
 .debug_line    0x00004e71      0x291 c:/altera/13.0/nios2eds/bin/gnu/h-i686-mingw32/bin/../lib/gcc/nios2-elf/4.1.2/../../../../nios2-elf/lib\libc.a(lib_a-closer.o)
 .debug_line    0x00005102      0x2e2 c:/altera/13.0/nios2eds/bin/gnu/h-i686-mingw32/bin/../lib/gcc/nios2-elf/4.1.2/../../../../nios2-elf/lib\libc.a(lib_a-fclose.o)
 .debug_line    0x000053e4      0x25e c:/altera/13.0/nios2eds/bin/gnu/h-i686-mingw32/bin/../lib/gcc/nios2-elf/4.1.2/../../../../nios2-elf/lib\libc.a(lib_a-fstatr.o)
 .debug_line    0x00005642      0x292 c:/altera/13.0/nios2eds/bin/gnu/h-i686-mingw32/bin/../lib/gcc/nios2-elf/4.1.2/../../../../nios2-elf/lib\libc.a(lib_a-isattyr.o)
 .debug_line    0x000058d4      0x291 c:/altera/13.0/nios2eds/bin/gnu/h-i686-mingw32/bin/../lib/gcc/nios2-elf/4.1.2/../../../../nios2-elf/lib\libc.a(lib_a-lseekr.o)
 .debug_line    0x00005b65      0x290 c:/altera/13.0/nios2eds/bin/gnu/h-i686-mingw32/bin/../lib/gcc/nios2-elf/4.1.2/../../../../nios2-elf/lib\libc.a(lib_a-readr.o)
 .debug_line    0x00005df5      0x293 ../chip2_bsp/\libhal_bsp.a(alt_close.o)
 .debug_line    0x00006088      0x24e ../chip2_bsp/\libhal_bsp.a(alt_dev.o)
 .debug_line    0x000062d6      0x1a4 ../chip2_bsp/\libhal_bsp.a(alt_errno.o)
 .debug_line    0x0000647a      0x29b ../chip2_bsp/\libhal_bsp.a(alt_fstat.o)
 .debug_line    0x00006715      0x2fd ../chip2_bsp/\libhal_bsp.a(alt_irq_register.o)
 .debug_line    0x00006a12       0x72 ../chip2_bsp/\libhal_bsp.a(alt_irq_vars.o)
 .debug_line    0x00006a84      0x29c ../chip2_bsp/\libhal_bsp.a(alt_isatty.o)
 .debug_line    0x00006d20      0x211 ../chip2_bsp/\libhal_bsp.a(alt_load.o)
 .debug_line    0x00006f31      0x29b ../chip2_bsp/\libhal_bsp.a(alt_lseek.o)
 .debug_line    0x000071cc      0x2bc ../chip2_bsp/\libhal_bsp.a(alt_main.o)
 .debug_line    0x00007488      0x206 ../chip2_bsp/\libhal_bsp.a(alt_malloc_lock.o)
 .debug_line    0x0000768e      0x2c2 ../chip2_bsp/\libhal_bsp.a(alt_read.o)
 .debug_line    0x00007950       0xed ../chip2_bsp/\libhal_bsp.a(alt_release_fd.o)
 .debug_line    0x00007a3d      0x25b ../chip2_bsp/\libhal_bsp.a(alt_sbrk.o)
 .debug_line    0x00007c98      0x2c3 ../chip2_bsp/\libhal_bsp.a(alt_write.o)
 .debug_line    0x00007f5b      0x2a0 ../chip2_bsp/\libhal_bsp.a(alt_sys_init.o)
 .debug_line    0x000081fb      0x214 ../chip2_bsp/\libhal_bsp.a(altera_avalon_jtag_uart_fd.o)
 .debug_line    0x0000840f      0x4a5 ../chip2_bsp/\libhal_bsp.a(altera_avalon_jtag_uart_init.o)
 .debug_line    0x000088b4      0x311 ../chip2_bsp/\libhal_bsp.a(altera_avalon_jtag_uart_ioctl.o)
 .debug_line    0x00008bc5      0x3f1 ../chip2_bsp/\libhal_bsp.a(altera_avalon_jtag_uart_read.o)
 .debug_line    0x00008fb6      0x3ff ../chip2_bsp/\libhal_bsp.a(altera_avalon_jtag_uart_write.o)
 .debug_line    0x000093b5      0x2d6 ../chip2_bsp/\libhal_bsp.a(alt_alarm_start.o)
 .debug_line    0x0000968b      0x1c7 ../chip2_bsp/\libhal_bsp.a(alt_dcache_flush_all.o)
 .debug_line    0x00009852      0x254 ../chip2_bsp/\libhal_bsp.a(alt_dev_llist_insert.o)
 .debug_line    0x00009aa6       0x83 ../chip2_bsp/\libhal_bsp.a(alt_do_ctors.o)
 .debug_line    0x00009b29       0x83 ../chip2_bsp/\libhal_bsp.a(alt_do_dtors.o)
 .debug_line    0x00009bac      0x1b7 ../chip2_bsp/\libhal_bsp.a(alt_icache_flush_all.o)
 .debug_line    0x00009d63      0x2c2 ../chip2_bsp/\libhal_bsp.a(alt_iic.o)
 .debug_line    0x0000a025      0x243 ../chip2_bsp/\libhal_bsp.a(alt_iic_isr_register.o)
 .debug_line    0x0000a268       0x6b ../chip2_bsp/\libhal_bsp.a(alt_irq_entry.o)
 .debug_line    0x0000a2d3      0x242 ../chip2_bsp/\libhal_bsp.a(alt_irq_handler.o)
 .debug_line    0x0000a515      0x2d6 ../chip2_bsp/\libhal_bsp.a(alt_tick.o)
 .debug_line    0x0000a7eb      0x1c8 ../chip2_bsp/\libhal_bsp.a(altera_nios2_qsys_irq.o)
 .debug_line    0x0000a9b3       0xab ../chip2_bsp/\libhal_bsp.a(alt_exception_entry.o)
 .debug_line    0x0000aa5e      0x1f3 ../chip2_bsp/\libhal_bsp.a(alt_icache_flush.o)
 .debug_line    0x0000ac51      0x1fa c:/altera/13.0/nios2eds/bin/gnu/h-i686-mingw32/bin/../lib/gcc/nios2-elf/4.1.2/../../../../nios2-elf/lib\libc.a(lib_a-atexit.o)
 .debug_line    0x0000ae4b      0x232 c:/altera/13.0/nios2eds/bin/gnu/h-i686-mingw32/bin/../lib/gcc/nios2-elf/4.1.2/../../../../nios2-elf/lib\libc.a(lib_a-exit.o)
 .debug_line    0x0000b07d      0x30d c:/altera/13.0/nios2eds/bin/gnu/h-i686-mingw32/bin/../lib/gcc/nios2-elf/4.1.2/../../../../nios2-elf/lib\libc.a(lib_a-__atexit.o)
 .debug_line    0x0000b38a      0x361 c:/altera/13.0/nios2eds/bin/gnu/h-i686-mingw32/bin/../lib/gcc/nios2-elf/4.1.2/../../../../nios2-elf/lib\libc.a(lib_a-__call_atexit.o)
 .debug_line    0x0000b6eb      0x200 ../chip2_bsp/\libhal_bsp.a(alt_exit.o)

.debug_frame    0x00000000      0xf84
 *(.debug_frame)
 .debug_frame   0x00000000      0x10c obj/default/hello_world.o
 .debug_frame   0x0000010c       0x3c c:/altera/13.0/nios2eds/bin/gnu/h-i686-mingw32/bin/../lib/gcc/nios2-elf/4.1.2/../../../../nios2-elf/lib\libc.a(lib_a-puts.o)
 .debug_frame   0x00000148       0x20 c:/altera/13.0/nios2eds/bin/gnu/h-i686-mingw32/bin/../lib/gcc/nios2-elf/4.1.2/../../../../nios2-elf/lib\libc.a(lib_a-strlen.o)
 .debug_frame   0x00000168       0x38 c:/altera/13.0/nios2eds/bin/gnu/h-i686-mingw32/bin/../lib/gcc/nios2-elf/4.1.2/../../../../nios2-elf/lib\libc.a(lib_a-fvwrite.o)
 .debug_frame   0x000001a0       0x38 c:/altera/13.0/nios2eds/bin/gnu/h-i686-mingw32/bin/../lib/gcc/nios2-elf/4.1.2/../../../../nios2-elf/lib\libc.a(lib_a-mallocr.o)
 .debug_frame   0x000001d8       0x20 c:/altera/13.0/nios2eds/bin/gnu/h-i686-mingw32/bin/../lib/gcc/nios2-elf/4.1.2/../../../../nios2-elf/lib\libc.a(lib_a-memchr.o)
 .debug_frame   0x000001f8       0x20 c:/altera/13.0/nios2eds/bin/gnu/h-i686-mingw32/bin/../lib/gcc/nios2-elf/4.1.2/../../../../nios2-elf/lib\libc.a(lib_a-memcpy.o)
 .debug_frame   0x00000218       0x20 c:/altera/13.0/nios2eds/bin/gnu/h-i686-mingw32/bin/../lib/gcc/nios2-elf/4.1.2/../../../../nios2-elf/lib\libc.a(lib_a-memmove.o)
 .debug_frame   0x00000238       0x38 c:/altera/13.0/nios2eds/bin/gnu/h-i686-mingw32/bin/../lib/gcc/nios2-elf/4.1.2/../../../../nios2-elf/lib\libc.a(lib_a-reallocr.o)
 .debug_frame   0x00000270       0x2c c:/altera/13.0/nios2eds/bin/gnu/h-i686-mingw32/bin/../lib/gcc/nios2-elf/4.1.2/../../../../nios2-elf/lib\libc.a(lib_a-sbrkr.o)
 .debug_frame   0x0000029c       0x2c c:/altera/13.0/nios2eds/bin/gnu/h-i686-mingw32/bin/../lib/gcc/nios2-elf/4.1.2/../../../../nios2-elf/lib\libc.a(lib_a-wsetup.o)