------------------------------------------------------------
TimeQuest Timing Analyzer Summary
------------------------------------------------------------

Type  : Slow 1100mV 85C Model Setup 'clk'
Slack : -2.986
TNS   : -174.268

Type  : Slow 1100mV 85C Model Hold 'clk'
Slack : 0.320
TNS   : 0.000

Type  : Slow 1100mV 85C Model Minimum Pulse Width 'clk'
Slack : -0.538
TNS   : -59.882

Type  : Slow 1100mV 0C Model Setup 'clk'
Slack : -2.938
TNS   : -169.586

Type  : Slow 1100mV 0C Model Hold 'clk'
Slack : 0.297
TNS   : 0.000

Type  : Slow 1100mV 0C Model Minimum Pulse Width 'clk'
Slack : -0.538
TNS   : -61.072

Type  : Fast 1100mV 85C Model Setup 'clk'
Slack : -1.126
TNS   : -50.075

Type  : Fast 1100mV 85C Model Hold 'clk'
Slack : 0.176
TNS   : 0.000

Type  : Fast 1100mV 85C Model Minimum Pulse Width 'clk'
Slack : -0.094
TNS   : -6.833

Type  : Fast 1100mV 0C Model Setup 'clk'
Slack : -0.910
TNS   : -40.208

Type  : Fast 1100mV 0C Model Hold 'clk'
Slack : 0.165
TNS   : 0.000

Type  : Fast 1100mV 0C Model Minimum Pulse Width 'clk'
Slack : -0.097
TNS   : -7.226

------------------------------------------------------------
