------------------------------------------------------------
TimeQuest Timing Analyzer Summary
------------------------------------------------------------

Type  : Slow 1100mV 85C Model Setup 'u_vpg|u_pll|pll_inst|altera_pll_i|cyclonev_pll|counter[0].output_counter|divclk'
Slack : -89.684
TNS   : -3418.683

Type  : Slow 1100mV 85C Model Setup 'clock_50_3'
Slack : 1.183
TNS   : 0.000

Type  : Slow 1100mV 85C Model Setup 'u_sys_pll|sys_pll_inst|altera_pll_i|general[0].gpll~PLL_OUTPUT_COUNTER|divclk'
Slack : 829.576
TNS   : 0.000

Type  : Slow 1100mV 85C Model Hold 'clock_50_3'
Slack : 0.308
TNS   : 0.000

Type  : Slow 1100mV 85C Model Hold 'u_sys_pll|sys_pll_inst|altera_pll_i|general[0].gpll~PLL_OUTPUT_COUNTER|divclk'
Slack : 0.417
TNS   : 0.000

Type  : Slow 1100mV 85C Model Hold 'u_vpg|u_pll|pll_inst|altera_pll_i|cyclonev_pll|counter[0].output_counter|divclk'
Slack : 0.474
TNS   : 0.000

Type  : Slow 1100mV 85C Model Recovery 'clock_50_3'
Slack : 17.190
TNS   : 0.000

Type  : Slow 1100mV 85C Model Removal 'clock_50_3'
Slack : 1.254
TNS   : 0.000

Type  : Slow 1100mV 85C Model Minimum Pulse Width 'u_vpg|u_pll|pll_inst|altera_pll_i|cyclonev_pll|fpll_0|fpll|vcoph[0]'
Slack : 0.617
TNS   : 0.000

Type  : Slow 1100mV 85C Model Minimum Pulse Width 'u_sys_pll|sys_pll_inst|altera_pll_i|general[0].gpll~FRACTIONAL_PLL|vcoph[0]'
Slack : 1.666
TNS   : 0.000

Type  : Slow 1100mV 85C Model Minimum Pulse Width 'u_vpg|u_pll|pll_inst|altera_pll_i|cyclonev_pll|counter[0].output_counter|divclk'
Slack : 2.380
TNS   : 0.000

Type  : Slow 1100mV 85C Model Minimum Pulse Width 'clock_50_3'
Slack : 9.346
TNS   : 0.000

Type  : Slow 1100mV 85C Model Minimum Pulse Width 'u_sys_pll|sys_pll_inst|altera_pll_i|general[0].gpll~PLL_OUTPUT_COUNTER|divclk'
Slack : 415.990
TNS   : 0.000

Type  : Slow 1100mV 0C Model Setup 'u_vpg|u_pll|pll_inst|altera_pll_i|cyclonev_pll|counter[0].output_counter|divclk'
Slack : -93.596
TNS   : -3564.718

Type  : Slow 1100mV 0C Model Setup 'clock_50_3'
Slack : 1.212
TNS   : 0.000

Type  : Slow 1100mV 0C Model Setup 'u_sys_pll|sys_pll_inst|altera_pll_i|general[0].gpll~PLL_OUTPUT_COUNTER|divclk'
Slack : 829.522
TNS   : 0.000

Type  : Slow 1100mV 0C Model Hold 'clock_50_3'
Slack : 0.288
TNS   : 0.000

Type  : Slow 1100mV 0C Model Hold 'u_sys_pll|sys_pll_inst|altera_pll_i|general[0].gpll~PLL_OUTPUT_COUNTER|divclk'
Slack : 0.399
TNS   : 0.000

Type  : Slow 1100mV 0C Model Hold 'u_vpg|u_pll|pll_inst|altera_pll_i|cyclonev_pll|counter[0].output_counter|divclk'
Slack : 0.491
TNS   : 0.000

Type  : Slow 1100mV 0C Model Recovery 'clock_50_3'
Slack : 17.239
TNS   : 0.000

Type  : Slow 1100mV 0C Model Removal 'clock_50_3'
Slack : 1.179
TNS   : 0.000

Type  : Slow 1100mV 0C Model Minimum Pulse Width 'u_vpg|u_pll|pll_inst|altera_pll_i|cyclonev_pll|fpll_0|fpll|vcoph[0]'
Slack : 0.617
TNS   : 0.000

Type  : Slow 1100mV 0C Model Minimum Pulse Width 'u_sys_pll|sys_pll_inst|altera_pll_i|general[0].gpll~FRACTIONAL_PLL|vcoph[0]'
Slack : 1.666
TNS   : 0.000

Type  : Slow 1100mV 0C Model Minimum Pulse Width 'u_vpg|u_pll|pll_inst|altera_pll_i|cyclonev_pll|counter[0].output_counter|divclk'
Slack : 2.278
TNS   : 0.000

Type  : Slow 1100mV 0C Model Minimum Pulse Width 'clock_50_3'
Slack : 9.200
TNS   : 0.000

Type  : Slow 1100mV 0C Model Minimum Pulse Width 'u_sys_pll|sys_pll_inst|altera_pll_i|general[0].gpll~PLL_OUTPUT_COUNTER|divclk'
Slack : 415.884
TNS   : 0.000

Type  : Fast 1100mV 85C Model Setup 'u_vpg|u_pll|pll_inst|altera_pll_i|cyclonev_pll|counter[0].output_counter|divclk'
Slack : -42.047
TNS   : -1370.216

Type  : Fast 1100mV 85C Model Setup 'clock_50_3'
Slack : 3.271
TNS   : 0.000

Type  : Fast 1100mV 85C Model Setup 'u_sys_pll|sys_pll_inst|altera_pll_i|general[0].gpll~PLL_OUTPUT_COUNTER|divclk'
Slack : 831.303
TNS   : 0.000

Type  : Fast 1100mV 85C Model Hold 'clock_50_3'
Slack : -0.021
TNS   : -0.021

Type  : Fast 1100mV 85C Model Hold 'u_vpg|u_pll|pll_inst|altera_pll_i|cyclonev_pll|counter[0].output_counter|divclk'
Slack : 0.198
TNS   : 0.000

Type  : Fast 1100mV 85C Model Hold 'u_sys_pll|sys_pll_inst|altera_pll_i|general[0].gpll~PLL_OUTPUT_COUNTER|divclk'
Slack : 0.208
TNS   : 0.000

Type  : Fast 1100mV 85C Model Recovery 'clock_50_3'
Slack : 18.452
TNS   : 0.000

Type  : Fast 1100mV 85C Model Removal 'clock_50_3'
Slack : 0.622
TNS   : 0.000

Type  : Fast 1100mV 85C Model Minimum Pulse Width 'u_vpg|u_pll|pll_inst|altera_pll_i|cyclonev_pll|fpll_0|fpll|vcoph[0]'
Slack : 0.617
TNS   : 0.000

Type  : Fast 1100mV 85C Model Minimum Pulse Width 'u_sys_pll|sys_pll_inst|altera_pll_i|general[0].gpll~FRACTIONAL_PLL|vcoph[0]'
Slack : 1.666
TNS   : 0.000

Type  : Fast 1100mV 85C Model Minimum Pulse Width 'u_vpg|u_pll|pll_inst|altera_pll_i|cyclonev_pll|counter[0].output_counter|divclk'
Slack : 2.636
TNS   : 0.000

Type  : Fast 1100mV 85C Model Minimum Pulse Width 'clock_50_3'
Slack : 9.406
TNS   : 0.000

Type  : Fast 1100mV 85C Model Minimum Pulse Width 'u_sys_pll|sys_pll_inst|altera_pll_i|general[0].gpll~PLL_OUTPUT_COUNTER|divclk'
Slack : 416.235
TNS   : 0.000

Type  : Fast 1100mV 0C Model Setup 'u_vpg|u_pll|pll_inst|altera_pll_i|cyclonev_pll|counter[0].output_counter|divclk'
Slack : -39.374
TNS   : -1246.319

Type  : Fast 1100mV 0C Model Setup 'clock_50_3'
Slack : 3.878
TNS   : 0.000

Type  : Fast 1100mV 0C Model Setup 'u_sys_pll|sys_pll_inst|altera_pll_i|general[0].gpll~PLL_OUTPUT_COUNTER|divclk'
Slack : 831.484
TNS   : 0.000

Type  : Fast 1100mV 0C Model Hold 'clock_50_3'
Slack : -0.271
TNS   : -0.916

Type  : Fast 1100mV 0C Model Hold 'u_vpg|u_pll|pll_inst|altera_pll_i|cyclonev_pll|counter[0].output_counter|divclk'
Slack : 0.189
TNS   : 0.000

Type  : Fast 1100mV 0C Model Hold 'u_sys_pll|sys_pll_inst|altera_pll_i|general[0].gpll~PLL_OUTPUT_COUNTER|divclk'
Slack : 0.195
TNS   : 0.000

Type  : Fast 1100mV 0C Model Recovery 'clock_50_3'
Slack : 18.596
TNS   : 0.000

Type  : Fast 1100mV 0C Model Removal 'clock_50_3'
Slack : 0.570
TNS   : 0.000

Type  : Fast 1100mV 0C Model Minimum Pulse Width 'u_vpg|u_pll|pll_inst|altera_pll_i|cyclonev_pll|fpll_0|fpll|vcoph[0]'
Slack : 0.617
TNS   : 0.000

Type  : Fast 1100mV 0C Model Minimum Pulse Width 'u_sys_pll|sys_pll_inst|altera_pll_i|general[0].gpll~FRACTIONAL_PLL|vcoph[0]'
Slack : 1.666
TNS   : 0.000

Type  : Fast 1100mV 0C Model Minimum Pulse Width 'u_vpg|u_pll|pll_inst|altera_pll_i|cyclonev_pll|counter[0].output_counter|divclk'
Slack : 2.629
TNS   : 0.000

Type  : Fast 1100mV 0C Model Minimum Pulse Width 'clock_50_3'
Slack : 9.405
TNS   : 0.000

Type  : Fast 1100mV 0C Model Minimum Pulse Width 'u_sys_pll|sys_pll_inst|altera_pll_i|general[0].gpll~PLL_OUTPUT_COUNTER|divclk'
Slack : 416.227
TNS   : 0.000

------------------------------------------------------------
