------------------------------------------------------------
TimeQuest Timing Analyzer Summary
------------------------------------------------------------

Type  : Slow 1100mV 85C Model Setup 'u_vpg|u_pll|pll_inst|altera_pll_i|cyclonev_pll|counter[0].output_counter|divclk'
Slack : -34.667
TNS   : -789.472

Type  : Slow 1100mV 85C Model Setup 'clock_50_3'
Slack : 1.142
TNS   : 0.000

Type  : Slow 1100mV 85C Model Setup 'u_sys_pll|sys_pll_inst|altera_pll_i|general[0].gpll~PLL_OUTPUT_COUNTER|divclk'
Slack : 825.809
TNS   : 0.000

Type  : Slow 1100mV 85C Model Hold 'u_vpg|u_pll|pll_inst|altera_pll_i|cyclonev_pll|counter[0].output_counter|divclk'
Slack : -0.661
TNS   : -0.846

Type  : Slow 1100mV 85C Model Hold 'u_sys_pll|sys_pll_inst|altera_pll_i|general[0].gpll~PLL_OUTPUT_COUNTER|divclk'
Slack : 0.295
TNS   : 0.000

Type  : Slow 1100mV 85C Model Hold 'clock_50_3'
Slack : 0.308
TNS   : 0.000

Type  : Slow 1100mV 85C Model Recovery 'clock_50_3'
Slack : 16.601
TNS   : 0.000

Type  : Slow 1100mV 85C Model Removal 'clock_50_3'
Slack : 1.489
TNS   : 0.000

Type  : Slow 1100mV 85C Model Minimum Pulse Width 'u_vpg|u_pll|pll_inst|altera_pll_i|cyclonev_pll|fpll_0|fpll|vcoph[0]'
Slack : 0.617
TNS   : 0.000

Type  : Slow 1100mV 85C Model Minimum Pulse Width 'u_sys_pll|sys_pll_inst|altera_pll_i|general[0].gpll~FRACTIONAL_PLL|vcoph[0]'
Slack : 1.666
TNS   : 0.000

Type  : Slow 1100mV 85C Model Minimum Pulse Width 'u_vpg|u_pll|pll_inst|altera_pll_i|cyclonev_pll|counter[0].output_counter|divclk'
Slack : 2.382
TNS   : 0.000

Type  : Slow 1100mV 85C Model Minimum Pulse Width 'clock_50_3'
Slack : 9.346
TNS   : 0.000

Type  : Slow 1100mV 85C Model Minimum Pulse Width 'u_sys_pll|sys_pll_inst|altera_pll_i|general[0].gpll~PLL_OUTPUT_COUNTER|divclk'
Slack : 415.989
TNS   : 0.000

Type  : Slow 1100mV 0C Model Setup 'u_vpg|u_pll|pll_inst|altera_pll_i|cyclonev_pll|counter[0].output_counter|divclk'
Slack : -36.435
TNS   : -808.887

Type  : Slow 1100mV 0C Model Setup 'clock_50_3'
Slack : 1.210
TNS   : 0.000

Type  : Slow 1100mV 0C Model Setup 'u_sys_pll|sys_pll_inst|altera_pll_i|general[0].gpll~PLL_OUTPUT_COUNTER|divclk'
Slack : 825.983
TNS   : 0.000

Type  : Slow 1100mV 0C Model Hold 'u_vpg|u_pll|pll_inst|altera_pll_i|cyclonev_pll|counter[0].output_counter|divclk'
Slack : -0.654
TNS   : -0.804

Type  : Slow 1100mV 0C Model Hold 'u_sys_pll|sys_pll_inst|altera_pll_i|general[0].gpll~PLL_OUTPUT_COUNTER|divclk'
Slack : 0.280
TNS   : 0.000

Type  : Slow 1100mV 0C Model Hold 'clock_50_3'
Slack : 0.281
TNS   : 0.000

Type  : Slow 1100mV 0C Model Recovery 'clock_50_3'
Slack : 16.705
TNS   : 0.000

Type  : Slow 1100mV 0C Model Removal 'clock_50_3'
Slack : 1.407
TNS   : 0.000

Type  : Slow 1100mV 0C Model Minimum Pulse Width 'u_vpg|u_pll|pll_inst|altera_pll_i|cyclonev_pll|fpll_0|fpll|vcoph[0]'
Slack : 0.617
TNS   : 0.000

Type  : Slow 1100mV 0C Model Minimum Pulse Width 'u_sys_pll|sys_pll_inst|altera_pll_i|general[0].gpll~FRACTIONAL_PLL|vcoph[0]'
Slack : 1.666
TNS   : 0.000

Type  : Slow 1100mV 0C Model Minimum Pulse Width 'u_vpg|u_pll|pll_inst|altera_pll_i|cyclonev_pll|counter[0].output_counter|divclk'
Slack : 2.276
TNS   : 0.000

Type  : Slow 1100mV 0C Model Minimum Pulse Width 'clock_50_3'
Slack : 9.200
TNS   : 0.000

Type  : Slow 1100mV 0C Model Minimum Pulse Width 'u_sys_pll|sys_pll_inst|altera_pll_i|general[0].gpll~PLL_OUTPUT_COUNTER|divclk'
Slack : 415.890
TNS   : 0.000

Type  : Fast 1100mV 85C Model Setup 'u_vpg|u_pll|pll_inst|altera_pll_i|cyclonev_pll|counter[0].output_counter|divclk'
Slack : -14.663
TNS   : -250.623

Type  : Fast 1100mV 85C Model Setup 'clock_50_3'
Slack : 3.385
TNS   : 0.000

Type  : Fast 1100mV 85C Model Setup 'u_sys_pll|sys_pll_inst|altera_pll_i|general[0].gpll~PLL_OUTPUT_COUNTER|divclk'
Slack : 828.596
TNS   : 0.000

Type  : Fast 1100mV 85C Model Hold 'u_vpg|u_pll|pll_inst|altera_pll_i|cyclonev_pll|counter[0].output_counter|divclk'
Slack : -0.304
TNS   : -0.399

Type  : Fast 1100mV 85C Model Hold 'clock_50_3'
Slack : 0.050
TNS   : 0.000

Type  : Fast 1100mV 85C Model Hold 'u_sys_pll|sys_pll_inst|altera_pll_i|general[0].gpll~PLL_OUTPUT_COUNTER|divclk'
Slack : 0.164
TNS   : 0.000

Type  : Fast 1100mV 85C Model Recovery 'clock_50_3'
Slack : 18.003
TNS   : 0.000

Type  : Fast 1100mV 85C Model Removal 'clock_50_3'
Slack : 0.745
TNS   : 0.000

Type  : Fast 1100mV 85C Model Minimum Pulse Width 'u_vpg|u_pll|pll_inst|altera_pll_i|cyclonev_pll|fpll_0|fpll|vcoph[0]'
Slack : 0.617
TNS   : 0.000

Type  : Fast 1100mV 85C Model Minimum Pulse Width 'u_sys_pll|sys_pll_inst|altera_pll_i|general[0].gpll~FRACTIONAL_PLL|vcoph[0]'
Slack : 1.666
TNS   : 0.000

Type  : Fast 1100mV 85C Model Minimum Pulse Width 'u_vpg|u_pll|pll_inst|altera_pll_i|cyclonev_pll|counter[0].output_counter|divclk'
Slack : 2.636
TNS   : 0.000

Type  : Fast 1100mV 85C Model Minimum Pulse Width 'clock_50_3'
Slack : 9.407
TNS   : 0.000

Type  : Fast 1100mV 85C Model Minimum Pulse Width 'u_sys_pll|sys_pll_inst|altera_pll_i|general[0].gpll~PLL_OUTPUT_COUNTER|divclk'
Slack : 416.234
TNS   : 0.000

Type  : Fast 1100mV 0C Model Setup 'u_vpg|u_pll|pll_inst|altera_pll_i|cyclonev_pll|counter[0].output_counter|divclk'
Slack : -13.609
TNS   : -215.094

Type  : Fast 1100mV 0C Model Setup 'clock_50_3'
Slack : 3.952
TNS   : 0.000

Type  : Fast 1100mV 0C Model Setup 'u_sys_pll|sys_pll_inst|altera_pll_i|general[0].gpll~PLL_OUTPUT_COUNTER|divclk'
Slack : 829.135
TNS   : 0.000

Type  : Fast 1100mV 0C Model Hold 'u_vpg|u_pll|pll_inst|altera_pll_i|cyclonev_pll|counter[0].output_counter|divclk'
Slack : -0.318
TNS   : -0.508

Type  : Fast 1100mV 0C Model Hold 'clock_50_3'
Slack : -0.189
TNS   : -0.838

Type  : Fast 1100mV 0C Model Hold 'u_sys_pll|sys_pll_inst|altera_pll_i|general[0].gpll~PLL_OUTPUT_COUNTER|divclk'
Slack : 0.151
TNS   : 0.000

Type  : Fast 1100mV 0C Model Recovery 'clock_50_3'
Slack : 18.217
TNS   : 0.000

Type  : Fast 1100mV 0C Model Removal 'clock_50_3'
Slack : 0.678
TNS   : 0.000

Type  : Fast 1100mV 0C Model Minimum Pulse Width 'u_vpg|u_pll|pll_inst|altera_pll_i|cyclonev_pll|fpll_0|fpll|vcoph[0]'
Slack : 0.617
TNS   : 0.000

Type  : Fast 1100mV 0C Model Minimum Pulse Width 'u_sys_pll|sys_pll_inst|altera_pll_i|general[0].gpll~FRACTIONAL_PLL|vcoph[0]'
Slack : 1.666
TNS   : 0.000

Type  : Fast 1100mV 0C Model Minimum Pulse Width 'u_vpg|u_pll|pll_inst|altera_pll_i|cyclonev_pll|counter[0].output_counter|divclk'
Slack : 2.631
TNS   : 0.000

Type  : Fast 1100mV 0C Model Minimum Pulse Width 'clock_50_3'
Slack : 9.407
TNS   : 0.000

Type  : Fast 1100mV 0C Model Minimum Pulse Width 'u_sys_pll|sys_pll_inst|altera_pll_i|general[0].gpll~PLL_OUTPUT_COUNTER|divclk'
Slack : 416.231
TNS   : 0.000

------------------------------------------------------------
