Archive member included because of file (symbol)

../chip1_bsp/\libhal_bsp.a(alt_irq_register.o)
                              obj/default/hello_world.o (alt_irq_register)
../chip1_bsp/\libhal_bsp.a(alt_irq_vars.o)
                              ../chip1_bsp/\libhal_bsp.a(alt_irq_register.o) (alt_irq_active)
../chip1_bsp/\libhal_bsp.a(alt_load.o)
                              ../chip1_bsp//obj/HAL/src/crt0.o (alt_load)
../chip1_bsp/\libhal_bsp.a(alt_main.o)
                              ../chip1_bsp//obj/HAL/src/crt0.o (alt_main)
../chip1_bsp/\libhal_bsp.a(alt_sys_init.o)
                              ../chip1_bsp/\libhal_bsp.a(alt_main.o) (alt_irq_init)
../chip1_bsp/\libhal_bsp.a(alt_close.o)
                              ../chip1_bsp/\libhal_bsp.a(alt_main.o) (close)
../chip1_bsp/\libhal_bsp.a(alt_dcache_flush_all.o)
                              ../chip1_bsp/\libhal_bsp.a(alt_load.o) (alt_dcache_flush_all)
../chip1_bsp/\libhal_bsp.a(alt_dev.o)
                              ../chip1_bsp/\libhal_bsp.a(alt_close.o) (alt_fd_list)
../chip1_bsp/\libhal_bsp.a(alt_do_ctors.o)
                              ../chip1_bsp/\libhal_bsp.a(alt_main.o) (_do_ctors)
../chip1_bsp/\libhal_bsp.a(alt_do_dtors.o)
                              ../chip1_bsp/\libhal_bsp.a(alt_main.o) (_do_dtors)
../chip1_bsp/\libhal_bsp.a(alt_errno.o)
                              ../chip1_bsp/\libhal_bsp.a(alt_close.o) (alt_errno)
../chip1_bsp/\libhal_bsp.a(alt_icache_flush_all.o)
                              ../chip1_bsp/\libhal_bsp.a(alt_load.o) (alt_icache_flush_all)
../chip1_bsp/\libhal_bsp.a(alt_irq_entry.o)
                              ../chip1_bsp/\libhal_bsp.a(alt_irq_register.o) (alt_irq_entry)
../chip1_bsp/\libhal_bsp.a(alt_irq_handler.o)
                              ../chip1_bsp/\libhal_bsp.a(alt_irq_register.o) (alt_irq_handler)
../chip1_bsp/\libhal_bsp.a(alt_release_fd.o)
                              ../chip1_bsp/\libhal_bsp.a(alt_close.o) (alt_release_fd)
../chip1_bsp/\libhal_bsp.a(altera_nios2_qsys_irq.o)
                              ../chip1_bsp/\libhal_bsp.a(alt_sys_init.o) (altera_nios2_qsys_irq_init)
../chip1_bsp/\libhal_bsp.a(alt_exception_entry.o)
                              ../chip1_bsp/\libhal_bsp.a(alt_irq_entry.o) (alt_exception)
../chip1_bsp/\libhal_bsp.a(alt_icache_flush.o)
                              ../chip1_bsp/\libhal_bsp.a(alt_icache_flush_all.o) (alt_icache_flush)
c:/altera/13.0/nios2eds/bin/gnu/h-i686-mingw32/bin/../lib/gcc/nios2-elf/4.1.2/../../../../nios2-elf/lib\libc.a(lib_a-atexit.o)
                              ../chip1_bsp/\libhal_bsp.a(alt_main.o) (atexit)
c:/altera/13.0/nios2eds/bin/gnu/h-i686-mingw32/bin/../lib/gcc/nios2-elf/4.1.2/../../../../nios2-elf/lib\libc.a(lib_a-exit.o)
                              ../chip1_bsp/\libhal_bsp.a(alt_main.o) (exit)
c:/altera/13.0/nios2eds/bin/gnu/h-i686-mingw32/bin/../lib/gcc/nios2-elf/4.1.2/../../../../nios2-elf/lib\libc.a(lib_a-impure.o)
                              c:/altera/13.0/nios2eds/bin/gnu/h-i686-mingw32/bin/../lib/gcc/nios2-elf/4.1.2/../../../../nios2-elf/lib\libc.a(lib_a-exit.o) (_global_impure_ptr)
c:/altera/13.0/nios2eds/bin/gnu/h-i686-mingw32/bin/../lib/gcc/nios2-elf/4.1.2/../../../../nios2-elf/lib\libc.a(lib_a-int_errno.o)
                              ../chip1_bsp/\libhal_bsp.a(alt_close.o) (errno)
c:/altera/13.0/nios2eds/bin/gnu/h-i686-mingw32/bin/../lib/gcc/nios2-elf/4.1.2/../../../../nios2-elf/lib\libc.a(lib_a-__atexit.o)
                              c:/altera/13.0/nios2eds/bin/gnu/h-i686-mingw32/bin/../lib/gcc/nios2-elf/4.1.2/../../../../nios2-elf/lib\libc.a(lib_a-atexit.o) (__register_exitproc)
c:/altera/13.0/nios2eds/bin/gnu/h-i686-mingw32/bin/../lib/gcc/nios2-elf/4.1.2/../../../../nios2-elf/lib\libc.a(lib_a-__call_atexit.o)
                              c:/altera/13.0/nios2eds/bin/gnu/h-i686-mingw32/bin/../lib/gcc/nios2-elf/4.1.2/../../../../nios2-elf/lib\libc.a(lib_a-exit.o) (__call_exitprocs)
../chip1_bsp/\libhal_bsp.a(alt_exit.o)
                              c:/altera/13.0/nios2eds/bin/gnu/h-i686-mingw32/bin/../lib/gcc/nios2-elf/4.1.2/../../../../nios2-elf/lib\libc.a(lib_a-exit.o) (_exit)

Allocating common symbols
Common symbol       size              file

alt_irq             0x100             ../chip1_bsp/\libhal_bsp.a(alt_irq_handler.o)
errno               0x4               c:/altera/13.0/nios2eds/bin/gnu/h-i686-mingw32/bin/../lib/gcc/nios2-elf/4.1.2/../../../../nios2-elf/lib\libc.a(lib_a-int_errno.o)
_atexit0            0x190             c:/altera/13.0/nios2eds/bin/gnu/h-i686-mingw32/bin/../lib/gcc/nios2-elf/4.1.2/../../../../nios2-elf/lib\libc.a(lib_a-atexit.o)

Memory Configuration

Name             Origin             Length             Attributes
reset            0x00040000         0x00000020
onchip_memory2_0 0x00040020         0x0003ffe0
*default*        0x00000000         0xffffffff

Linker script and memory map

LOAD ../chip1_bsp//obj/HAL/src/crt0.o
LOAD obj/default/hello_world.o
LOAD c:/altera/13.0/nios2eds/bin/gnu/h-i686-mingw32/bin/../lib/gcc/nios2-elf/4.1.2/../../../../nios2-elf/lib\libstdc++.a
LOAD c:/altera/13.0/nios2eds/bin/gnu/h-i686-mingw32/bin/../lib/gcc/nios2-elf/4.1.2/../../../../nios2-elf/lib\libm.a
LOAD c:/altera/13.0/nios2eds/bin/gnu/h-i686-mingw32/bin/../lib/gcc/nios2-elf/4.1.2\libgcc.a
START GROUP
LOAD c:/altera/13.0/nios2eds/bin/gnu/h-i686-mingw32/bin/../lib/gcc/nios2-elf/4.1.2/../../../../nios2-elf/lib\libc.a
LOAD c:/altera/13.0/nios2eds/bin/gnu/h-i686-mingw32/bin/../lib/gcc/nios2-elf/4.1.2\libgcc.a
LOAD ../chip1_bsp/\libhal_bsp.a
END GROUP
LOAD c:/altera/13.0/nios2eds/bin/gnu/h-i686-mingw32/bin/../lib/gcc/nios2-elf/4.1.2\libgcc.a
                0x00040000                __alt_mem_onchip_memory2_0 = 0x40000

.entry          0x00040000       0x20
 *(.entry)
 .entry         0x00040000       0x20 ../chip1_bsp//obj/HAL/src/crt0.o
                0x00040000                __reset

.exceptions     0x00040020      0x194
                0x00040020                PROVIDE (__ram_exceptions_start, ABSOLUTE (.))
                0x00040020                . = ALIGN (0x20)
 *(.irq)
 *(.exceptions.entry.label)
 .exceptions.entry.label
                0x00040020        0x0 ../chip1_bsp/\libhal_bsp.a(alt_irq_entry.o)
                0x00040020                alt_irq_entry
 .exceptions.entry.label
                0x00040020        0x0 ../chip1_bsp/\libhal_bsp.a(alt_exception_entry.o)
                0x00040020                alt_exception
 *(.exceptions.entry.user)
 *(.exceptions.entry)
 .exceptions.entry
                0x00040020       0x54 ../chip1_bsp/\libhal_bsp.a(alt_exception_entry.o)
 *(.exceptions.irqtest.user)
 *(.exceptions.irqtest)
 .exceptions.irqtest
                0x00040074       0x10 ../chip1_bsp/\libhal_bsp.a(alt_irq_entry.o)
 *(.exceptions.irqhandler.user)
 *(.exceptions.irqhandler)
 .exceptions.irqhandler
                0x00040084        0x4 ../chip1_bsp/\libhal_bsp.a(alt_irq_entry.o)
 *(.exceptions.irqreturn.user)
 *(.exceptions.irqreturn)
 .exceptions.irqreturn
                0x00040088        0x4 ../chip1_bsp/\libhal_bsp.a(alt_irq_entry.o)
 *(.exceptions.notirq.label)
 .exceptions.notirq.label
                0x0004008c        0x0 ../chip1_bsp/\libhal_bsp.a(alt_irq_entry.o)
 *(.exceptions.notirq.user)
 *(.exceptions.notirq)
 .exceptions.notirq
                0x0004008c        0x8 ../chip1_bsp/\libhal_bsp.a(alt_exception_entry.o)
 *(.exceptions.soft.user)
 *(.exceptions.soft)
 *(.exceptions.unknown.user)
 *(.exceptions.unknown)
 .exceptions.unknown
                0x00040094        0x4 ../chip1_bsp/\libhal_bsp.a(alt_exception_entry.o)
 *(.exceptions.exit.label)
 .exceptions.exit.label
                0x00040098        0x0 ../chip1_bsp/\libhal_bsp.a(alt_irq_entry.o)
 .exceptions.exit.label
                0x00040098        0x0 ../chip1_bsp/\libhal_bsp.a(alt_exception_entry.o)
 *(.exceptions.exit.user)
 *(.exceptions.exit)
 .exceptions.exit
                0x00040098       0x54 ../chip1_bsp/\libhal_bsp.a(alt_exception_entry.o)
 *(.exceptions)
 .exceptions    0x000400ec       0xc8 ../chip1_bsp/\libhal_bsp.a(alt_irq_handler.o)
                0x000400ec                alt_irq_handler
                0x000401b4                PROVIDE (__ram_exceptions_end, ABSOLUTE (.))
                0x00040020                PROVIDE (__flash_exceptions_start, LOADADDR (.exceptions))

.text           0x000401b4      0xe40
                0x000401b4                PROVIDE (stext, ABSOLUTE (.))
 *(.interp)
 *(.hash)
 *(.dynsym)
 *(.dynstr)
 *(.gnu.version)
 *(.gnu.version_d)
 *(.gnu.version_r)
 *(.rel.init)
 *(.rela.init)
 *(.rel.text .rel.text.* .rel.gnu.linkonce.t.*)
 *(.rela.text .rela.text.* .rela.gnu.linkonce.t.*)
 *(.rel.fini)
 *(.rela.fini)
 *(.rel.rodata .rel.rodata.* .rel.gnu.linkonce.r.*)
 *(.rela.rodata .rela.rodata.* .rela.gnu.linkonce.r.*)
 *(.rel.data .rel.data.* .rel.gnu.linkonce.d.*)
 *(.rela.data .rela.data.* .rela.gnu.linkonce.d.*)
 *(.rel.tdata .rel.tdata.* .rel.gnu.linkonce.td.*)
 *(.rela.tdata .rela.tdata.* .rela.gnu.linkonce.td.*)
 *(.rel.tbss .rel.tbss.* .rel.gnu.linkonce.tb.*)
 *(.rela.tbss .rela.tbss.* .rela.gnu.linkonce.tb.*)
 *(.rel.ctors)
 *(.rela.ctors)
 *(.rel.dtors)
 *(.rela.dtors)
 *(.rel.got)
 *(.rela.got)
 *(.rel.sdata .rel.sdata.* .rel.gnu.linkonce.s.*)
 *(.rela.sdata .rela.sdata.* .rela.gnu.linkonce.s.*)
 *(.rel.sbss .rel.sbss.* .rel.gnu.linkonce.sb.*)
 *(.rela.sbss .rela.sbss.* .rela.gnu.linkonce.sb.*)
 *(.rel.sdata2 .rel.sdata2.* .rel.gnu.linkonce.s2.*)
 *(.rela.sdata2 .rela.sdata2.* .rela.gnu.linkonce.s2.*)
 *(.rel.sbss2 .rel.sbss2.* .rel.gnu.linkonce.sb2.*)
 *(.rela.sbss2 .rela.sbss2.* .rela.gnu.linkonce.sb2.*)
 *(.rel.bss .rel.bss.* .rel.gnu.linkonce.b.*)
 *(.rela.bss .rela.bss.* .rela.gnu.linkonce.b.*)
 *(.rel.plt)
 *(.rela.plt)
 *(.rel.dyn)
 *(.init)
 *(.plt)
 *(.text .stub .text.* .gnu.linkonce.t.*)
 .text          0x000401b4       0x4c ../chip1_bsp//obj/HAL/src/crt0.o
                0x000401b4                _start
 .text          0x00040200      0x33c obj/default/hello_world.o
                0x00040200                set_led
                0x00040230                set_action
                0x00040260                set_up
                0x00040290                set_down
                0x000402c0                set_left
                0x000402f0                set_right
                0x000404dc                main
 .text          0x0004053c      0x1c0 ../chip1_bsp/\libhal_bsp.a(alt_irq_register.o)
                0x0004053c                alt_irq_register
 .text          0x000406fc        0x0 ../chip1_bsp/\libhal_bsp.a(alt_irq_vars.o)
 .text          0x000406fc       0xec ../chip1_bsp/\libhal_bsp.a(alt_load.o)
                0x000406fc                alt_load
 .text          0x000407e8       0x50 ../chip1_bsp/\libhal_bsp.a(alt_main.o)
                0x000407e8                alt_main
 .text          0x00040838       0x50 ../chip1_bsp/\libhal_bsp.a(alt_sys_init.o)
                0x00040838                alt_irq_init
                0x0004086c                alt_sys_init
 .text          0x00040888      0x15c ../chip1_bsp/\libhal_bsp.a(alt_close.o)
                0x00040888                close
 .text          0x000409e4       0x44 ../chip1_bsp/\libhal_bsp.a(alt_dcache_flush_all.o)
                0x000409e4                alt_dcache_flush_all
 .text          0x00040a28       0x2c ../chip1_bsp/\libhal_bsp.a(alt_dev.o)
 .text          0x00040a54       0x64 ../chip1_bsp/\libhal_bsp.a(alt_do_ctors.o)
                0x00040a54                _do_ctors
 .text          0x00040ab8       0x64 ../chip1_bsp/\libhal_bsp.a(alt_do_dtors.o)
                0x00040ab8                _do_dtors
 .text          0x00040b1c        0x0 ../chip1_bsp/\libhal_bsp.a(alt_errno.o)
 .text          0x00040b1c       0x30 ../chip1_bsp/\libhal_bsp.a(alt_icache_flush_all.o)
                0x00040b1c                alt_icache_flush_all
 .text          0x00040b4c        0x0 ../chip1_bsp/\libhal_bsp.a(alt_irq_entry.o)
 .text          0x00040b4c        0x0 ../chip1_bsp/\libhal_bsp.a(alt_irq_handler.o)
 .text          0x00040b4c       0x60 ../chip1_bsp/\libhal_bsp.a(alt_release_fd.o)
                0x00040b4c                alt_release_fd
 .text          0x00040bac       0x20 ../chip1_bsp/\libhal_bsp.a(altera_nios2_qsys_irq.o)
                0x00040bac                altera_nios2_qsys_irq_init
 .text          0x00040bcc        0x0 ../chip1_bsp/\libhal_bsp.a(alt_exception_entry.o)
 .text          0x00040bcc       0x90 ../chip1_bsp/\libhal_bsp.a(alt_icache_flush.o)
                0x00040bcc                alt_icache_flush
 .text          0x00040c5c       0x14 c:/altera/13.0/nios2eds/bin/gnu/h-i686-mingw32/bin/../lib/gcc/nios2-elf/4.1.2/../../../../nios2-elf/lib\libc.a(lib_a-atexit.o)
                0x00040c5c                atexit
 .text          0x00040c70       0x38 c:/altera/13.0/nios2eds/bin/gnu/h-i686-mingw32/bin/../lib/gcc/nios2-elf/4.1.2/../../../../nios2-elf/lib\libc.a(lib_a-exit.o)
                0x00040c70                exit
 .text          0x00040ca8        0x0 c:/altera/13.0/nios2eds/bin/gnu/h-i686-mingw32/bin/../lib/gcc/nios2-elf/4.1.2/../../../../nios2-elf/lib\libc.a(lib_a-impure.o)
 .text          0x00040ca8        0x0 c:/altera/13.0/nios2eds/bin/gnu/h-i686-mingw32/bin/../lib/gcc/nios2-elf/4.1.2/../../../../nios2-elf/lib\libc.a(lib_a-int_errno.o)
 .text          0x00040ca8      0x134 c:/altera/13.0/nios2eds/bin/gnu/h-i686-mingw32/bin/../lib/gcc/nios2-elf/4.1.2/../../../../nios2-elf/lib\libc.a(lib_a-__atexit.o)
                0x00040ca8                __register_exitproc
 .text          0x00040ddc      0x1b4 c:/altera/13.0/nios2eds/bin/gnu/h-i686-mingw32/bin/../lib/gcc/nios2-elf/4.1.2/../../../../nios2-elf/lib\libc.a(lib_a-__call_atexit.o)
                0x00040de0                __call_exitprocs
 .text          0x00040f90       0x60 ../chip1_bsp/\libhal_bsp.a(alt_exit.o)
                0x00040fd0                _exit
 *(.gnu.warning.*)
 *(.fini)
                0x00040ff0                PROVIDE (__etext, ABSOLUTE (.))
                0x00040ff0                PROVIDE (_etext, ABSOLUTE (.))
                0x00040ff0                PROVIDE (etext, ABSOLUTE (.))
 *(.eh_frame_hdr)
                0x00040ff0                . = ALIGN (0x4)
                0x00040ff0                PROVIDE (__preinit_array_start, ABSOLUTE (.))
 *(.preinit_array)
                0x00040ff0                PROVIDE (__preinit_array_end, ABSOLUTE (.))
                0x00040ff0                PROVIDE (__init_array_start, ABSOLUTE (.))
 *(.init_array)
                0x00040ff0                PROVIDE (__init_array_end, ABSOLUTE (.))
                0x00040ff0                PROVIDE (__fini_array_start, ABSOLUTE (.))
 *(.fini_array)
                0x00040ff0                PROVIDE (__fini_array_end, ABSOLUTE (.))
 *(.eh_frame)
 *(.gcc_except_table)
 *(.dynamic)
                0x00040ff0                PROVIDE (__CTOR_LIST__, ABSOLUTE (.))
 *(.ctors)
 *(SORT(.ctors.*))
 .ctors.65535   0x00040ff0        0x4 c:/altera/13.0/nios2eds/bin/gnu/h-i686-mingw32/bin/../lib/gcc/nios2-elf/4.1.2/../../../../nios2-elf/lib\libc.a(lib_a-__call_atexit.o)
                0x00040ff4                PROVIDE (__CTOR_END__, ABSOLUTE (.))
                0x00040ff4                PROVIDE (__DTOR_LIST__, ABSOLUTE (.))
 *(.dtors)
 *(SORT(.dtors.*))
                0x00040ff4                PROVIDE (__DTOR_END__, ABSOLUTE (.))
 *(.jcr)
                0x00040ff4                . = ALIGN (0x4)

.rodata         0x00040ff4       0x10
                0x00040ff4                PROVIDE (__ram_rodata_start, ABSOLUTE (.))
                0x00040ff4                . = ALIGN (0x4)
 *(.rodata .rodata.* .gnu.linkonce.r.*)
 .rodata        0x00040ff4        0xc ../chip1_bsp/\libhal_bsp.a(alt_dev.o)
 .rodata.str1.4
                0x00041000        0x4 c:/altera/13.0/nios2eds/bin/gnu/h-i686-mingw32/bin/../lib/gcc/nios2-elf/4.1.2/../../../../nios2-elf/lib\libc.a(lib_a-impure.o)
 *(.rodata1)
                0x00041004                . = ALIGN (0x4)
                0x00041004                PROVIDE (__ram_rodata_end, ABSOLUTE (.))
                0x00040ff4                PROVIDE (__flash_rodata_start, LOADADDR (.rodata))

.rwdata         0x00041004      0x5cc load address 0x000415d0
                0x00041004                PROVIDE (__ram_rwdata_start, ABSOLUTE (.))
                0x00041004                . = ALIGN (0x4)
 *(.got.plt)
 *(.got)
 *(.data1)
 *(.data .data.* .gnu.linkonce.d.*)
 .data          0x00041004        0x0 ../chip1_bsp//obj/HAL/src/crt0.o
 .data          0x00041004        0x0 obj/default/hello_world.o
 .data          0x00041004        0x0 ../chip1_bsp/\libhal_bsp.a(alt_irq_register.o)
 .data          0x00041004        0x0 ../chip1_bsp/\libhal_bsp.a(alt_irq_vars.o)
 .data          0x00041004        0x0 ../chip1_bsp/\libhal_bsp.a(alt_load.o)
 .data          0x00041004        0x0 ../chip1_bsp/\libhal_bsp.a(alt_main.o)
 .data          0x00041004        0x0 ../chip1_bsp/\libhal_bsp.a(alt_sys_init.o)
 .data          0x00041004        0x0 ../chip1_bsp/\libhal_bsp.a(alt_close.o)
 .data          0x00041004        0x0 ../chip1_bsp/\libhal_bsp.a(alt_dcache_flush_all.o)
 .data          0x00041004      0x1a8 ../chip1_bsp/\libhal_bsp.a(alt_dev.o)
                0x00041004                alt_dev_null
                0x0004102c                alt_fd_list
 .data          0x000411ac        0x0 ../chip1_bsp/\libhal_bsp.a(alt_do_ctors.o)
 .data          0x000411ac        0x0 ../chip1_bsp/\libhal_bsp.a(alt_do_dtors.o)
 .data          0x000411ac        0x0 ../chip1_bsp/\libhal_bsp.a(alt_errno.o)
 .data          0x000411ac        0x0 ../chip1_bsp/\libhal_bsp.a(alt_icache_flush_all.o)
 .data          0x000411ac        0x0 ../chip1_bsp/\libhal_bsp.a(alt_irq_entry.o)
 .data          0x000411ac        0x0 ../chip1_bsp/\libhal_bsp.a(alt_irq_handler.o)
 .data          0x000411ac        0x0 ../chip1_bsp/\libhal_bsp.a(alt_release_fd.o)
 .data          0x000411ac        0x0 ../chip1_bsp/\libhal_bsp.a(altera_nios2_qsys_irq.o)
 .data          0x000411ac        0x0 ../chip1_bsp/\libhal_bsp.a(alt_exception_entry.o)
 .data          0x000411ac        0x0 ../chip1_bsp/\libhal_bsp.a(alt_icache_flush.o)
 .data          0x000411ac        0x0 c:/altera/13.0/nios2eds/bin/gnu/h-i686-mingw32/bin/../lib/gcc/nios2-elf/4.1.2/../../../../nios2-elf/lib\libc.a(lib_a-atexit.o)
 .data          0x000411ac        0x0 c:/altera/13.0/nios2eds/bin/gnu/h-i686-mingw32/bin/../lib/gcc/nios2-elf/4.1.2/../../../../nios2-elf/lib\libc.a(lib_a-exit.o)
 .data          0x000411ac      0x400 c:/altera/13.0/nios2eds/bin/gnu/h-i686-mingw32/bin/../lib/gcc/nios2-elf/4.1.2/../../../../nios2-elf/lib\libc.a(lib_a-impure.o)
 .data          0x000415ac        0x0 c:/altera/13.0/nios2eds/bin/gnu/h-i686-mingw32/bin/../lib/gcc/nios2-elf/4.1.2/../../../../nios2-elf/lib\libc.a(lib_a-int_errno.o)
 .data          0x000415ac        0x0 c:/altera/13.0/nios2eds/bin/gnu/h-i686-mingw32/bin/../lib/gcc/nios2-elf/4.1.2/../../../../nios2-elf/lib\libc.a(lib_a-__atexit.o)
 .data          0x000415ac        0x0 c:/altera/13.0/nios2eds/bin/gnu/h-i686-mingw32/bin/../lib/gcc/nios2-elf/4.1.2/../../../../nios2-elf/lib\libc.a(lib_a-__call_atexit.o)
 .data          0x000415ac        0x0 ../chip1_bsp/\libhal_bsp.a(alt_exit.o)
                0x000495ac                _gp = ABSOLUTE ((. + 0x8000))
                0x000495ac                PROVIDE (gp, _gp)
 *(.rwdata .rwdata.*)
 *(.sdata .sdata.* .gnu.linkonce.s.*)
 .sdata         0x000415ac        0x4 ../chip1_bsp/\libhal_bsp.a(alt_irq_vars.o)
                0x000415ac                alt_priority_mask
 .sdata         0x000415b0       0x14 ../chip1_bsp/\libhal_bsp.a(alt_dev.o)
                0x000415b0                alt_fs_list
                0x000415b8                alt_dev_list
                0x000415c0                alt_max_fd
 .sdata         0x000415c4        0x4 ../chip1_bsp/\libhal_bsp.a(alt_errno.o)
                0x000415c4                alt_errno
 .sdata         0x000415c8        0x8 c:/altera/13.0/nios2eds/bin/gnu/h-i686-mingw32/bin/../lib/gcc/nios2-elf/4.1.2/../../../../nios2-elf/lib\libc.a(lib_a-impure.o)
                0x000415c8                _impure_ptr
                0x000415cc                _global_impure_ptr
 *(.sdata2 .sdata2.* .gnu.linkonce.s2.*)
                0x000415d0                . = ALIGN (0x4)
                0x000415d0                _edata = ABSOLUTE (.)
                0x000415d0                PROVIDE (edata, ABSOLUTE (.))
                0x000415d0                PROVIDE (__ram_rwdata_end, ABSOLUTE (.))
                0x000415d0                PROVIDE (__flash_rwdata_start, LOADADDR (.rwdata))

.bss            0x00041b9c      0x2a4
                0x00041b9c                __bss_start = ABSOLUTE (.)
                0x00041b9c                PROVIDE (__sbss_start, ABSOLUTE (.))
                0x00041b9c                PROVIDE (___sbss_start, ABSOLUTE (.))
 *(.dynsbss)
 *(.sbss .sbss.* .gnu.linkonce.sb.*)
 .sbss          0x00041b9c        0x4 ../chip1_bsp/\libhal_bsp.a(alt_irq_vars.o)
                0x00041b9c                alt_irq_active
 .sbss          0x00041ba0        0xc ../chip1_bsp/\libhal_bsp.a(alt_main.o)
                0x00041ba0                alt_argc
                0x00041ba4                alt_argv
                0x00041ba8                alt_envp
 .sbss          0x00041bac        0x4 c:/altera/13.0/nios2eds/bin/gnu/h-i686-mingw32/bin/../lib/gcc/nios2-elf/4.1.2/../../../../nios2-elf/lib\libc.a(lib_a-int_errno.o)
                0x00041bac                errno
 *(.sbss2 .sbss2.* .gnu.linkonce.sb2.*)
 *(.scommon)
                0x00041bb0                PROVIDE (__sbss_end, ABSOLUTE (.))
                0x00041bb0                PROVIDE (___sbss_end, ABSOLUTE (.))
 *(.dynbss)
 *(.bss .bss.* .gnu.linkonce.b.*)
 .bss           0x00041bb0        0x0 ../chip1_bsp//obj/HAL/src/crt0.o
 .bss           0x00041bb0        0x0 obj/default/hello_world.o
 .bss           0x00041bb0        0x0 ../chip1_bsp/\libhal_bsp.a(alt_irq_register.o)
 .bss           0x00041bb0        0x0 ../chip1_bsp/\libhal_bsp.a(alt_irq_vars.o)
 .bss           0x00041bb0        0x0 ../chip1_bsp/\libhal_bsp.a(alt_load.o)
 .bss           0x00041bb0        0x0 ../chip1_bsp/\libhal_bsp.a(alt_main.o)
 .bss           0x00041bb0        0x0 ../chip1_bsp/\libhal_bsp.a(alt_sys_init.o)
 .bss           0x00041bb0        0x0 ../chip1_bsp/\libhal_bsp.a(alt_close.o)
 .bss           0x00041bb0        0x0 ../chip1_bsp/\libhal_bsp.a(alt_dcache_flush_all.o)
 .bss           0x00041bb0        0x0 ../chip1_bsp/\libhal_bsp.a(alt_dev.o)
 .bss           0x00041bb0        0x0 ../chip1_bsp/\libhal_bsp.a(alt_do_ctors.o)
 .bss           0x00041bb0        0x0 ../chip1_bsp/\libhal_bsp.a(alt_do_dtors.o)
 .bss           0x00041bb0        0x0 ../chip1_bsp/\libhal_bsp.a(alt_errno.o)
 .bss           0x00041bb0        0x0 ../chip1_bsp/\libhal_bsp.a(alt_icache_flush_all.o)
 .bss           0x00041bb0        0x0 ../chip1_bsp/\libhal_bsp.a(alt_irq_entry.o)
 .bss           0x00041bb0        0x0 ../chip1_bsp/\libhal_bsp.a(alt_irq_handler.o)
 .bss           0x00041bb0        0x0 ../chip1_bsp/\libhal_bsp.a(alt_release_fd.o)
 .bss           0x00041bb0        0x0 ../chip1_bsp/\libhal_bsp.a(altera_nios2_qsys_irq.o)
 .bss           0x00041bb0        0x0 ../chip1_bsp/\libhal_bsp.a(alt_exception_entry.o)
 .bss           0x00041bb0        0x0 ../chip1_bsp/\libhal_bsp.a(alt_icache_flush.o)
 .bss           0x00041bb0        0x0 c:/altera/13.0/nios2eds/bin/gnu/h-i686-mingw32/bin/../lib/gcc/nios2-elf/4.1.2/../../../../nios2-elf/lib\libc.a(lib_a-atexit.o)
 .bss           0x00041bb0        0x0 c:/altera/13.0/nios2eds/bin/gnu/h-i686-mingw32/bin/../lib/gcc/nios2-elf/4.1.2/../../../../nios2-elf/lib\libc.a(lib_a-exit.o)
 .bss           0x00041bb0        0x0 c:/altera/13.0/nios2eds/bin/gnu/h-i686-mingw32/bin/../lib/gcc/nios2-elf/4.1.2/../../../../nios2-elf/lib\libc.a(lib_a-impure.o)
 .bss           0x00041bb0        0x0 c:/altera/13.0/nios2eds/bin/gnu/h-i686-mingw32/bin/../lib/gcc/nios2-elf/4.1.2/../../../../nios2-elf/lib\libc.a(lib_a-int_errno.o)
 .bss           0x00041bb0        0x0 c:/altera/13.0/nios2eds/bin/gnu/h-i686-mingw32/bin/../lib/gcc/nios2-elf/4.1.2/../../../../nios2-elf/lib\libc.a(lib_a-__atexit.o)
 .bss           0x00041bb0        0x0 c:/altera/13.0/nios2eds/bin/gnu/h-i686-mingw32/bin/../lib/gcc/nios2-elf/4.1.2/../../../../nios2-elf/lib\libc.a(lib_a-__call_atexit.o)
 .bss           0x00041bb0        0x0 ../chip1_bsp/\libhal_bsp.a(alt_exit.o)
 *(COMMON)
 COMMON         0x00041bb0      0x100 ../chip1_bsp/\libhal_bsp.a(alt_irq_handler.o)
                0x00041bb0                alt_irq
 COMMON         0x00041cb0      0x190 c:/altera/13.0/nios2eds/bin/gnu/h-i686-mingw32/bin/../lib/gcc/nios2-elf/4.1.2/../../../../nios2-elf/lib\libc.a(lib_a-atexit.o)
                0x00041cb0                _atexit0
                0x00041e40                . = ALIGN (0x4)
                0x00041e40                __bss_end = ABSOLUTE (.)

.onchip_memory2_0
                0x00041e40        0x0
                0x00041e40                PROVIDE (_alt_partition_onchip_memory2_0_start, ABSOLUTE (.))
 *(.onchip_memory2_0. onchip_memory2_0.*)
                0x00041e40                . = ALIGN (0x4)
                0x00041e40                PROVIDE (_alt_partition_onchip_memory2_0_end, ABSOLUTE (.))
                0x00041e40                _end = ABSOLUTE (.)
                0x00041e40                end = ABSOLUTE (.)
                0x00041e40                __alt_stack_base = ABSOLUTE (.)
                0x00041e40                PROVIDE (_alt_partition_onchip_memory2_0_load_addr, LOADADDR (.onchip_memory2_0))

.stab
 *(.stab)

.stabstr
 *(.stabstr)

.stab.excl
 *(.stab.excl)

.stab.exclstr
 *(.stab.exclstr)

.stab.index
 *(.stab.index)

.stab.indexstr
 *(.stab.indexstr)

.comment        0x00000000       0x23
 *(.comment)
 .comment       0x00000000       0x23 obj/default/hello_world.o
                                 0x24 (size before relaxing)
 .comment       0x00000000       0x24 ../chip1_bsp/\libhal_bsp.a(alt_irq_register.o)
 .comment       0x00000000       0x24 ../chip1_bsp/\libhal_bsp.a(alt_irq_vars.o)
 .comment       0x00000000       0x24 ../chip1_bsp/\libhal_bsp.a(alt_load.o)
 .comment       0x00000000       0x24 ../chip1_bsp/\libhal_bsp.a(alt_main.o)
 .comment       0x00000000       0x24 ../chip1_bsp/\libhal_bsp.a(alt_sys_init.o)
 .comment       0x00000000       0x24 ../chip1_bsp/\libhal_bsp.a(alt_close.o)
 .comment       0x00000000       0x24 ../chip1_bsp/\libhal_bsp.a(alt_dcache_flush_all.o)
 .comment       0x00000000       0x24 ../chip1_bsp/\libhal_bsp.a(alt_dev.o)
 .comment       0x00000000       0x24 ../chip1_bsp/\libhal_bsp.a(alt_do_ctors.o)
 .comment       0x00000000       0x24 ../chip1_bsp/\libhal_bsp.a(alt_do_dtors.o)
 .comment       0x00000000       0x24 ../chip1_bsp/\libhal_bsp.a(alt_errno.o)
 .comment       0x00000000       0x24 ../chip1_bsp/\libhal_bsp.a(alt_icache_flush_all.o)
 .comment       0x00000000       0x24 ../chip1_bsp/\libhal_bsp.a(alt_irq_handler.o)
 .comment       0x00000000       0x24 ../chip1_bsp/\libhal_bsp.a(alt_release_fd.o)
 .comment       0x00000000       0x24 ../chip1_bsp/\libhal_bsp.a(altera_nios2_qsys_irq.o)
 .comment       0x00000000       0x24 ../chip1_bsp/\libhal_bsp.a(alt_icache_flush.o)
 .comment       0x00000000       0x24 c:/altera/13.0/nios2eds/bin/gnu/h-i686-mingw32/bin/../lib/gcc/nios2-elf/4.1.2/../../../../nios2-elf/lib\libc.a(lib_a-atexit.o)
 .comment       0x00000000       0x24 c:/altera/13.0/nios2eds/bin/gnu/h-i686-mingw32/bin/../lib/gcc/nios2-elf/4.1.2/../../../../nios2-elf/lib\libc.a(lib_a-exit.o)
 .comment       0x00000000       0x24 c:/altera/13.0/nios2eds/bin/gnu/h-i686-mingw32/bin/../lib/gcc/nios2-elf/4.1.2/../../../../nios2-elf/lib\libc.a(lib_a-impure.o)
 .comment       0x00000000       0x24 c:/altera/13.0/nios2eds/bin/gnu/h-i686-mingw32/bin/../lib/gcc/nios2-elf/4.1.2/../../../../nios2-elf/lib\libc.a(lib_a-int_errno.o)
 .comment       0x00000000       0x24 c:/altera/13.0/nios2eds/bin/gnu/h-i686-mingw32/bin/../lib/gcc/nios2-elf/4.1.2/../../../../nios2-elf/lib\libc.a(lib_a-__atexit.o)
 .comment       0x00000000       0x24 c:/altera/13.0/nios2eds/bin/gnu/h-i686-mingw32/bin/../lib/gcc/nios2-elf/4.1.2/../../../../nios2-elf/lib\libc.a(lib_a-__call_atexit.o)
 .comment       0x00000000       0x24 ../chip1_bsp/\libhal_bsp.a(alt_exit.o)

.debug
 *(.debug)

.line
 *(.line)

.debug_srcinfo
 *(.debug_srcinfo)

.debug_sfnames
 *(.debug_sfnames)

.debug_aranges  0x00000000      0x318
 *(.debug_aranges)
 .debug_aranges
                0x00000000       0x28 ../chip1_bsp//obj/HAL/src/crt0.o
 .debug_aranges
                0x00000028       0x20 obj/default/hello_world.o
 .debug_aranges
                0x00000048       0x20 ../chip1_bsp/\libhal_bsp.a(alt_irq_register.o)
 .debug_aranges
                0x00000068       0x20 ../chip1_bsp/\libhal_bsp.a(alt_load.o)
 .debug_aranges
                0x00000088       0x20 ../chip1_bsp/\libhal_bsp.a(alt_main.o)
 .debug_aranges
                0x000000a8       0x20 ../chip1_bsp/\libhal_bsp.a(alt_sys_init.o)
 .debug_aranges
                0x000000c8       0x20 ../chip1_bsp/\libhal_bsp.a(alt_close.o)
 .debug_aranges
                0x000000e8       0x20 ../chip1_bsp/\libhal_bsp.a(alt_dcache_flush_all.o)
 .debug_aranges
                0x00000108       0x20 ../chip1_bsp/\libhal_bsp.a(alt_dev.o)
 .debug_aranges
                0x00000128       0x20 ../chip1_bsp/\libhal_bsp.a(alt_do_ctors.o)
 .debug_aranges
                0x00000148       0x20 ../chip1_bsp/\libhal_bsp.a(alt_do_dtors.o)
 .debug_aranges
                0x00000168       0x20 ../chip1_bsp/\libhal_bsp.a(alt_icache_flush_all.o)
 .debug_aranges
                0x00000188       0x30 ../chip1_bsp/\libhal_bsp.a(alt_irq_entry.o)
 .debug_aranges
                0x000001b8       0x28 ../chip1_bsp/\libhal_bsp.a(alt_irq_handler.o)
 .debug_aranges
                0x000001e0       0x20 ../chip1_bsp/\libhal_bsp.a(alt_release_fd.o)
 .debug_aranges
                0x00000200       0x20 ../chip1_bsp/\libhal_bsp.a(altera_nios2_qsys_irq.o)
 .debug_aranges
                0x00000220       0x38 ../chip1_bsp/\libhal_bsp.a(alt_exception_entry.o)
 .debug_aranges
                0x00000258       0x20 ../chip1_bsp/\libhal_bsp.a(alt_icache_flush.o)
 .debug_aranges
                0x00000278       0x20 c:/altera/13.0/nios2eds/bin/gnu/h-i686-mingw32/bin/../lib/gcc/nios2-elf/4.1.2/../../../../nios2-elf/lib\libc.a(lib_a-atexit.o)
 .debug_aranges
                0x00000298       0x20 c:/altera/13.0/nios2eds/bin/gnu/h-i686-mingw32/bin/../lib/gcc/nios2-elf/4.1.2/../../../../nios2-elf/lib\libc.a(lib_a-exit.o)
 .debug_aranges
                0x000002b8       0x20 c:/altera/13.0/nios2eds/bin/gnu/h-i686-mingw32/bin/../lib/gcc/nios2-elf/4.1.2/../../../../nios2-elf/lib\libc.a(lib_a-__atexit.o)
 .debug_aranges
                0x000002d8       0x20 c:/altera/13.0/nios2eds/bin/gnu/h-i686-mingw32/bin/../lib/gcc/nios2-elf/4.1.2/../../../../nios2-elf/lib\libc.a(lib_a-__call_atexit.o)
 .debug_aranges
                0x000002f8       0x20 ../chip1_bsp/\libhal_bsp.a(alt_exit.o)

.debug_pubnames
                0x00000000      0x44f
 *(.debug_pubnames)
 .debug_pubnames
                0x00000000       0x69 obj/default/hello_world.o
 .debug_pubnames
                0x00000069       0x27 ../chip1_bsp/\libhal_bsp.a(alt_irq_register.o)
 .debug_pubnames
                0x00000090       0x3b ../chip1_bsp/\libhal_bsp.a(alt_irq_vars.o)
 .debug_pubnames
                0x000000cb       0x1f ../chip1_bsp/\libhal_bsp.a(alt_load.o)
 .debug_pubnames
                0x000000ea       0x46 ../chip1_bsp/\libhal_bsp.a(alt_main.o)
 .debug_pubnames
                0x00000130       0x34 ../chip1_bsp/\libhal_bsp.a(alt_sys_init.o)
 .debug_pubnames
                0x00000164       0x1c ../chip1_bsp/\libhal_bsp.a(alt_close.o)
 .debug_pubnames
                0x00000180       0x2b ../chip1_bsp/\libhal_bsp.a(alt_dcache_flush_all.o)
 .debug_pubnames
                0x000001ab       0x63 ../chip1_bsp/\libhal_bsp.a(alt_dev.o)
 .debug_pubnames
                0x0000020e       0x20 ../chip1_bsp/\libhal_bsp.a(alt_do_ctors.o)
 .debug_pubnames
                0x0000022e       0x20 ../chip1_bsp/\libhal_bsp.a(alt_do_dtors.o)
 .debug_pubnames
                0x0000024e       0x20 ../chip1_bsp/\libhal_bsp.a(alt_errno.o)
 .debug_pubnames
                0x0000026e       0x2b ../chip1_bsp/\libhal_bsp.a(alt_icache_flush_all.o)
 .debug_pubnames
                0x00000299       0x32 ../chip1_bsp/\libhal_bsp.a(alt_irq_handler.o)
 .debug_pubnames
                0x000002cb       0x25 ../chip1_bsp/\libhal_bsp.a(alt_release_fd.o)
 .debug_pubnames
                0x000002f0       0x31 ../chip1_bsp/\libhal_bsp.a(altera_nios2_qsys_irq.o)
 .debug_pubnames
                0x00000321       0x27 ../chip1_bsp/\libhal_bsp.a(alt_icache_flush.o)
 .debug_pubnames
                0x00000348       0x2a c:/altera/13.0/nios2eds/bin/gnu/h-i686-mingw32/bin/../lib/gcc/nios2-elf/4.1.2/../../../../nios2-elf/lib\libc.a(lib_a-atexit.o)
 .debug_pubnames
                0x00000372       0x1b c:/altera/13.0/nios2eds/bin/gnu/h-i686-mingw32/bin/../lib/gcc/nios2-elf/4.1.2/../../../../nios2-elf/lib\libc.a(lib_a-exit.o)
 .debug_pubnames
                0x0000038d       0x39 c:/altera/13.0/nios2eds/bin/gnu/h-i686-mingw32/bin/../lib/gcc/nios2-elf/4.1.2/../../../../nios2-elf/lib\libc.a(lib_a-impure.o)
 .debug_pubnames
                0x000003c6       0x1c c:/altera/13.0/nios2eds/bin/gnu/h-i686-mingw32/bin/../lib/gcc/nios2-elf/4.1.2/../../../../nios2-elf/lib\libc.a(lib_a-int_errno.o)
 .debug_pubnames
                0x000003e2       0x2a c:/altera/13.0/nios2eds/bin/gnu/h-i686-mingw32/bin/../lib/gcc/nios2-elf/4.1.2/../../../../nios2-elf/lib\libc.a(lib_a-__atexit.o)
 .debug_pubnames
                0x0000040c       0x27 c:/altera/13.0/nios2eds/bin/gnu/h-i686-mingw32/bin/../lib/gcc/nios2-elf/4.1.2/../../../../nios2-elf/lib\libc.a(lib_a-__call_atexit.o)
 .debug_pubnames
                0x00000433       0x1c ../chip1_bsp/\libhal_bsp.a(alt_exit.o)

.debug_info     0x00000000     0x5174
 *(.debug_info .gnu.linkonce.wi.*)
 .debug_info    0x00000000       0x52 ../chip1_bsp//obj/HAL/src/crt0.o
 .debug_info    0x00000052      0x2fa obj/default/hello_world.o
 .debug_info    0x0000034c      0x401 ../chip1_bsp/\libhal_bsp.a(alt_irq_register.o)
 .debug_info    0x0000074d      0x13e ../chip1_bsp/\libhal_bsp.a(alt_irq_vars.o)
 .debug_info    0x0000088b      0x264 ../chip1_bsp/\libhal_bsp.a(alt_load.o)
 .debug_info    0x00000aef      0x1fc ../chip1_bsp/\libhal_bsp.a(alt_main.o)
 .debug_info    0x00000ceb      0x185 ../chip1_bsp/\libhal_bsp.a(alt_sys_init.o)
 .debug_info    0x00000e70      0x43e ../chip1_bsp/\libhal_bsp.a(alt_close.o)
 .debug_info    0x000012ae      0x146 ../chip1_bsp/\libhal_bsp.a(alt_dcache_flush_all.o)
 .debug_info    0x000013f4      0x656 ../chip1_bsp/\libhal_bsp.a(alt_dev.o)
 .debug_info    0x00001a4a       0xe6 ../chip1_bsp/\libhal_bsp.a(alt_do_ctors.o)
 .debug_info    0x00001b30       0xe5 ../chip1_bsp/\libhal_bsp.a(alt_do_dtors.o)
 .debug_info    0x00001c15      0x13b ../chip1_bsp/\libhal_bsp.a(alt_errno.o)
 .debug_info    0x00001d50      0x133 ../chip1_bsp/\libhal_bsp.a(alt_icache_flush_all.o)
 .debug_info    0x00001e83       0x5b ../chip1_bsp/\libhal_bsp.a(alt_irq_entry.o)
 .debug_info    0x00001ede      0x24c ../chip1_bsp/\libhal_bsp.a(alt_irq_handler.o)
 .debug_info    0x0000212a      0x3c9 ../chip1_bsp/\libhal_bsp.a(alt_release_fd.o)
 .debug_info    0x000024f3      0x13a ../chip1_bsp/\libhal_bsp.a(altera_nios2_qsys_irq.o)
 .debug_info    0x0000262d       0x61 ../chip1_bsp/\libhal_bsp.a(alt_exception_entry.o)
 .debug_info    0x0000268e      0x17b ../chip1_bsp/\libhal_bsp.a(alt_icache_flush.o)
 .debug_info    0x00002809      0x181 c:/altera/13.0/nios2eds/bin/gnu/h-i686-mingw32/bin/../lib/gcc/nios2-elf/4.1.2/../../../../nios2-elf/lib\libc.a(lib_a-atexit.o)
 .debug_info    0x0000298a      0x93f c:/altera/13.0/nios2eds/bin/gnu/h-i686-mingw32/bin/../lib/gcc/nios2-elf/4.1.2/../../../../nios2-elf/lib\libc.a(lib_a-exit.o)
 .debug_info    0x000032c9      0x93d c:/altera/13.0/nios2eds/bin/gnu/h-i686-mingw32/bin/../lib/gcc/nios2-elf/4.1.2/../../../../nios2-elf/lib\libc.a(lib_a-impure.o)
 .debug_info    0x00003c06       0x8c c:/altera/13.0/nios2eds/bin/gnu/h-i686-mingw32/bin/../lib/gcc/nios2-elf/4.1.2/../../../../nios2-elf/lib\libc.a(lib_a-int_errno.o)
 .debug_info    0x00003c92      0x99c c:/altera/13.0/nios2eds/bin/gnu/h-i686-mingw32/bin/../lib/gcc/nios2-elf/4.1.2/../../../../nios2-elf/lib\libc.a(lib_a-__atexit.o)
 .debug_info    0x0000462e      0x9e2 c:/altera/13.0/nios2eds/bin/gnu/h-i686-mingw32/bin/../lib/gcc/nios2-elf/4.1.2/../../../../nios2-elf/lib\libc.a(lib_a-__call_atexit.o)
 .debug_info    0x00005010      0x164 ../chip1_bsp/\libhal_bsp.a(alt_exit.o)

.debug_abbrev   0x00000000     0x1251
 *(.debug_abbrev)
 .debug_abbrev  0x00000000       0x12 ../chip1_bsp//obj/HAL/src/crt0.o
 .debug_abbrev  0x00000012       0xac obj/default/hello_world.o
 .debug_abbrev  0x000000be      0x180 ../chip1_bsp/\libhal_bsp.a(alt_irq_register.o)
 .debug_abbrev  0x0000023e       0x44 ../chip1_bsp/\libhal_bsp.a(alt_irq_vars.o)
 .debug_abbrev  0x00000282       0x88 ../chip1_bsp/\libhal_bsp.a(alt_load.o)
 .debug_abbrev  0x0000030a       0xb7 ../chip1_bsp/\libhal_bsp.a(alt_main.o)
 .debug_abbrev  0x000003c1       0x8f ../chip1_bsp/\libhal_bsp.a(alt_sys_init.o)
 .debug_abbrev  0x00000450       0xfb ../chip1_bsp/\libhal_bsp.a(alt_close.o)
 .debug_abbrev  0x0000054b       0x57 ../chip1_bsp/\libhal_bsp.a(alt_dcache_flush_all.o)
 .debug_abbrev  0x000005a2       0xc7 ../chip1_bsp/\libhal_bsp.a(alt_dev.o)
 .debug_abbrev  0x00000669       0x76 ../chip1_bsp/\libhal_bsp.a(alt_do_ctors.o)
 .debug_abbrev  0x000006df       0x76 ../chip1_bsp/\libhal_bsp.a(alt_do_dtors.o)
 .debug_abbrev  0x00000755       0x5e ../chip1_bsp/\libhal_bsp.a(alt_errno.o)
 .debug_abbrev  0x000007b3       0x3f ../chip1_bsp/\libhal_bsp.a(alt_icache_flush_all.o)
 .debug_abbrev  0x000007f2       0x12 ../chip1_bsp/\libhal_bsp.a(alt_irq_entry.o)
 .debug_abbrev  0x00000804      0x10c ../chip1_bsp/\libhal_bsp.a(alt_irq_handler.o)
 .debug_abbrev  0x00000910       0xc1 ../chip1_bsp/\libhal_bsp.a(alt_release_fd.o)
 .debug_abbrev  0x000009d1       0x3f ../chip1_bsp/\libhal_bsp.a(altera_nios2_qsys_irq.o)
 .debug_abbrev  0x00000a10       0x12 ../chip1_bsp/\libhal_bsp.a(alt_exception_entry.o)
 .debug_abbrev  0x00000a22       0x7a ../chip1_bsp/\libhal_bsp.a(alt_icache_flush.o)
 .debug_abbrev  0x00000a9c       0xb7 c:/altera/13.0/nios2eds/bin/gnu/h-i686-mingw32/bin/../lib/gcc/nios2-elf/4.1.2/../../../../nios2-elf/lib\libc.a(lib_a-atexit.o)
 .debug_abbrev  0x00000b53      0x16e c:/altera/13.0/nios2eds/bin/gnu/h-i686-mingw32/bin/../lib/gcc/nios2-elf/4.1.2/../../../../nios2-elf/lib\libc.a(lib_a-exit.o)
 .debug_abbrev  0x00000cc1      0x157 c:/altera/13.0/nios2eds/bin/gnu/h-i686-mingw32/bin/../lib/gcc/nios2-elf/4.1.2/../../../../nios2-elf/lib\libc.a(lib_a-impure.o)
 .debug_abbrev  0x00000e18       0x3b c:/altera/13.0/nios2eds/bin/gnu/h-i686-mingw32/bin/../lib/gcc/nios2-elf/4.1.2/../../../../nios2-elf/lib\libc.a(lib_a-int_errno.o)
 .debug_abbrev  0x00000e53      0x1ae c:/altera/13.0/nios2eds/bin/gnu/h-i686-mingw32/bin/../lib/gcc/nios2-elf/4.1.2/../../../../nios2-elf/lib\libc.a(lib_a-__atexit.o)
 .debug_abbrev  0x00001001      0x1de c:/altera/13.0/nios2eds/bin/gnu/h-i686-mingw32/bin/../lib/gcc/nios2-elf/4.1.2/../../../../nios2-elf/lib\libc.a(lib_a-__call_atexit.o)
 .debug_abbrev  0x000011df       0x72 ../chip1_bsp/\libhal_bsp.a(alt_exit.o)

.debug_line     0x00000000     0x31f1
 *(.debug_line)
 .debug_line    0x00000000       0x72 ../chip1_bsp//obj/HAL/src/crt0.o
 .debug_line    0x00000072      0x3cd obj/default/hello_world.o
 .debug_line    0x0000043f      0x2fd ../chip1_bsp/\libhal_bsp.a(alt_irq_register.o)
 .debug_line    0x0000073c       0x72 ../chip1_bsp/\libhal_bsp.a(alt_irq_vars.o)
 .debug_line    0x000007ae      0x211 ../chip1_bsp/\libhal_bsp.a(alt_load.o)
 .debug_line    0x000009bf      0x2bc ../chip1_bsp/\libhal_bsp.a(alt_main.o)
 .debug_line    0x00000c7b      0x1d6 ../chip1_bsp/\libhal_bsp.a(alt_sys_init.o)
 .debug_line    0x00000e51      0x293 ../chip1_bsp/\libhal_bsp.a(alt_close.o)
 .debug_line    0x000010e4      0x1c7 ../chip1_bsp/\libhal_bsp.a(alt_dcache_flush_all.o)
 .debug_line    0x000012ab      0x24e ../chip1_bsp/\libhal_bsp.a(alt_dev.o)
 .debug_line    0x000014f9       0x83 ../chip1_bsp/\libhal_bsp.a(alt_do_ctors.o)
 .debug_line    0x0000157c       0x83 ../chip1_bsp/\libhal_bsp.a(alt_do_dtors.o)
 .debug_line    0x000015ff      0x1a4 ../chip1_bsp/\libhal_bsp.a(alt_errno.o)
 .debug_line    0x000017a3      0x1b7 ../chip1_bsp/\libhal_bsp.a(alt_icache_flush_all.o)
 .debug_line    0x0000195a       0x6b ../chip1_bsp/\libhal_bsp.a(alt_irq_entry.o)
 .debug_line    0x000019c5      0x242 ../chip1_bsp/\libhal_bsp.a(alt_irq_handler.o)
 .debug_line    0x00001c07       0xed ../chip1_bsp/\libhal_bsp.a(alt_release_fd.o)
 .debug_line    0x00001cf4      0x1c8 ../chip1_bsp/\libhal_bsp.a(altera_nios2_qsys_irq.o)
 .debug_line    0x00001ebc       0xab ../chip1_bsp/\libhal_bsp.a(alt_exception_entry.o)
 .debug_line    0x00001f67      0x1f3 ../chip1_bsp/\libhal_bsp.a(alt_icache_flush.o)
 .debug_line    0x0000215a      0x1fa c:/altera/13.0/nios2eds/bin/gnu/h-i686-mingw32/bin/../lib/gcc/nios2-elf/4.1.2/../../../../nios2-elf/lib\libc.a(lib_a-atexit.o)
 .debug_line    0x00002354      0x232 c:/altera/13.0/nios2eds/bin/gnu/h-i686-mingw32/bin/../lib/gcc/nios2-elf/4.1.2/../../../../nios2-elf/lib\libc.a(lib_a-exit.o)
 .debug_line    0x00002586      0x224 c:/altera/13.0/nios2eds/bin/gnu/h-i686-mingw32/bin/../lib/gcc/nios2-elf/4.1.2/../../../../nios2-elf/lib\libc.a(lib_a-impure.o)
 .debug_line    0x000027aa      0x1d9 c:/altera/13.0/nios2eds/bin/gnu/h-i686-mingw32/bin/../lib/gcc/nios2-elf/4.1.2/../../../../nios2-elf/lib\libc.a(lib_a-int_errno.o)
 .debug_line    0x00002983      0x30d c:/altera/13.0/nios2eds/bin/gnu/h-i686-mingw32/bin/../lib/gcc/nios2-elf/4.1.2/../../../../nios2-elf/lib\libc.a(lib_a-__atexit.o)
 .debug_line    0x00002c90      0x361 c:/altera/13.0/nios2eds/bin/gnu/h-i686-mingw32/bin/../lib/gcc/nios2-elf/4.1.2/../../../../nios2-elf/lib\libc.a(lib_a-__call_atexit.o)
 .debug_line    0x00002ff1      0x200 ../chip1_bsp/\libhal_bsp.a(alt_exit.o)

.debug_frame    0x00000000      0x4d8
 *(.debug_frame)
 .debug_frame   0x00000000      0x10c obj/default/hello_world.o
 .debug_frame   0x0000010c       0x2c ../chip1_bsp/\libhal_bsp.a(alt_irq_register.o)
 .debug_frame   0x00000138       0x48 ../chip1_bsp/\libhal_bsp.a(alt_load.o)
 .debug_frame   0x00000180       0x2c ../chip1_bsp/\libhal_bsp.a(alt_main.o)
 .debug_frame   0x000001ac       0x48 ../chip1_bsp/\libhal_bsp.a(alt_sys_init.o)
 .debug_frame   0x000001f4       0x48 ../chip1_bsp/\libhal_bsp.a(alt_close.o)
 .debug_frame   0x0000023c       0x2c ../chip1_bsp/\libhal_bsp.a(alt_dcache_flush_all.o)
 .debug_frame   0x00000268       0x2c ../chip1_bsp/\libhal_bsp.a(alt_dev.o)
 .debug_frame   0x00000294       0x2c ../chip1_bsp/\libhal_bsp.a(alt_do_ctors.o)
 .debug_frame   0x000002c0       0x2c ../chip1_bsp/\libhal_bsp.a(alt_do_dtors.o)
 .debug_frame   0x000002ec       0x2c ../chip1_bsp/\libhal_bsp.a(alt_icache_flush_all.o)
 .debug_frame   0x00000318       0x2c ../chip1_bsp/\libhal_bsp.a(alt_irq_handler.o)
 .debug_frame   0x00000344       0x2c ../chip1_bsp/\libhal_bsp.a(alt_release_fd.o)
 .debug_frame   0x00000370       0x2c ../chip1_bsp/\libhal_bsp.a(altera_nios2_qsys_irq.o)
 .debug_frame   0x0000039c       0x2c ../chip1_bsp/\libhal_bsp.a(alt_icache_flush.o)
 .debug_frame   0x000003c8       0x20 c:/altera/13.0/nios2eds/bin/gnu/h-i686-mingw32/bin/../lib/gcc/nios2-elf/4.1.2/../../../../nios2-elf/lib\libc.a(lib_a-atexit.o)
 .debug_frame   0x000003e8       0x28 c:/altera/13.0/nios2eds/bin/gnu/h-i686-mingw32/bin/../lib/gcc/nios2-elf/4.1.2/../../../../nios2-elf/lib\libc.a(lib_a-exit.o)
 .debug_frame   0x00000410       0x34 c:/altera/13.0/nios2eds/bin/gnu/h-i686-mingw32/bin/../lib/gcc/nios2-elf/4.1.2/../../../../nios2-elf/lib\libc.a(lib_a-__atexit.o)
 .debug_frame   0x00000444       0x4c c:/altera/13.0/nios2eds/bin/gnu/h-i686-mingw32/bin/../lib/gcc/nios2-elf/4.1.2/../../../../nios2-elf/lib\libc.a(lib_a-__call_atexit.o)
 .debug_frame   0x00000490       0x48 ../chip1_bsp/\libhal_bsp.a(alt_exit.o)

.debug_str      0x00000000      0x7f3
 *(.debug_str)
 .debug_str     0x00000000       0x1a obj/default/hello_world.o
 .debug_str     0x0000001a       0x21 ../chip1_bsp/\libhal_bsp.a(alt_irq_register.o)
 .debug_str     0x0000003b       0x12 ../chip1_bsp/\libhal_bsp.a(alt_load.o)
 .debug_str     0x0000004d       0x12 ../chip1_bsp/\libhal_bsp.a(alt_main.o)
 .debug_str     0x0000005f       0x12 ../chip1_bsp/\libhal_bsp.a(alt_sys_init.o)
 .debug_str     0x00000071       0x12 ../chip1_bsp/\libhal_bsp.a(alt_close.o)
 .debug_str     0x00000083       0x12 ../chip1_bsp/\libhal_bsp.a(alt_dcache_flush_all.o)
 .debug_str     0x00000095       0x12 ../chip1_bsp/\libhal_bsp.a(alt_dev.o)
 .debug_str     0x000000a7       0x12 ../chip1_bsp/\libhal_bsp.a(alt_errno.o)
 .debug_str     0x000000b9       0x12 ../chip1_bsp/\libhal_bsp.a(alt_icache_flush_all.o)
 .debug_str     0x000000cb       0x12 ../chip1_bsp/\libhal_bsp.a(alt_irq_handler.o)
 .debug_str     0x000000dd       0x12 ../chip1_bsp/\libhal_bsp.a(altera_nios2_qsys_irq.o)
 .debug_str     0x000000ef       0x12 ../chip1_bsp/\libhal_bsp.a(alt_icache_flush.o)
 .debug_str     0x00000101      0x176 c:/altera/13.0/nios2eds/bin/gnu/h-i686-mingw32/bin/../lib/gcc/nios2-elf/4.1.2/../../../../nios2-elf/lib\libc.a(lib_a-atexit.o)
                                0x1bc (size before relaxing)
 .debug_str     0x00000277      0x384 c:/altera/13.0/nios2eds/bin/gnu/h-i686-mingw32/bin/../lib/gcc/nios2-elf/4.1.2/../../../../nios2-elf/lib\libc.a(lib_a-exit.o)
                                0x509 (size before relaxing)
 .debug_str     0x000005fb       0xce c:/altera/13.0/nios2eds/bin/gnu/h-i686-mingw32/bin/../lib/gcc/nios2-elf/4.1.2/../../../../nios2-elf/lib\libc.a(lib_a-impure.o)
                                0x517 (size before relaxing)
 .debug_str     0x000006c9       0x3d c:/altera/13.0/nios2eds/bin/gnu/h-i686-mingw32/bin/../lib/gcc/nios2-elf/4.1.2/../../../../nios2-elf/lib\libc.a(lib_a-int_errno.o)
                                0x160 (size before relaxing)
 .debug_str     0x00000706       0x56 c:/altera/13.0/nios2eds/bin/gnu/h-i686-mingw32/bin/../lib/gcc/nios2-elf/4.1.2/../../../../nios2-elf/lib\libc.a(lib_a-__atexit.o)
                                0x521 (size before relaxing)
 .debug_str     0x0000075c       0x7b c:/altera/13.0/nios2eds/bin/gnu/h-i686-mingw32/bin/../lib/gcc/nios2-elf/4.1.2/../../../../nios2-elf/lib\libc.a(lib_a-__call_atexit.o)
                                0x54b (size before relaxing)
 .debug_str     0x000007d7       0x1c ../chip1_bsp/\libhal_bsp.a(alt_exit.o)

.debug_loc      0x00000000      0x7fb
 *(.debug_loc)
 .debug_loc     0x00000000      0x183 obj/default/hello_world.o
 .debug_loc     0x00000183       0x2c ../chip1_bsp/\libhal_bsp.a(alt_irq_register.o)
 .debug_loc     0x000001af       0x56 ../chip1_bsp/\libhal_bsp.a(alt_load.o)
 .debug_loc     0x00000205       0x2b ../chip1_bsp/\libhal_bsp.a(alt_main.o)
 .debug_loc     0x00000230       0x56 ../chip1_bsp/\libhal_bsp.a(alt_sys_init.o)
 .debug_loc     0x00000286       0x56 ../chip1_bsp/\libhal_bsp.a(alt_close.o)
 .debug_loc     0x000002dc       0x2b ../chip1_bsp/\libhal_bsp.a(alt_dcache_flush_all.o)
 .debug_loc     0x00000307       0x2b ../chip1_bsp/\libhal_bsp.a(alt_dev.o)
 .debug_loc     0x00000332       0x2b ../chip1_bsp/\libhal_bsp.a(alt_do_ctors.o)
 .debug_loc     0x0000035d       0x2b ../chip1_bsp/\libhal_bsp.a(alt_do_dtors.o)
 .debug_loc     0x00000388       0x2b ../chip1_bsp/\libhal_bsp.a(alt_icache_flush_all.o)
 .debug_loc     0x000003b3       0x2b ../chip1_bsp/\libhal_bsp.a(alt_irq_handler.o)
 .debug_loc     0x000003de       0x2b ../chip1_bsp/\libhal_bsp.a(alt_release_fd.o)
 .debug_loc     0x00000409       0x2b ../chip1_bsp/\libhal_bsp.a(altera_nios2_qsys_irq.o)
 .debug_loc     0x00000434       0x2b ../chip1_bsp/\libhal_bsp.a(alt_icache_flush.o)
 .debug_loc     0x0000045f       0x1e c:/altera/13.0/nios2eds/bin/gnu/h-i686-mingw32/bin/../lib/gcc/nios2-elf/4.1.2/../../../../nios2-elf/lib\libc.a(lib_a-atexit.o)
 .debug_loc     0x0000047d       0x3d c:/altera/13.0/nios2eds/bin/gnu/h-i686-mingw32/bin/../lib/gcc/nios2-elf/4.1.2/../../../../nios2-elf/lib\libc.a(lib_a-exit.o)
 .debug_loc     0x000004ba      0x120 c:/altera/13.0/nios2eds/bin/gnu/h-i686-mingw32/bin/../lib/gcc/nios2-elf/4.1.2/../../../../nios2-elf/lib\libc.a(lib_a-__atexit.o)
 .debug_loc     0x000005da      0x1cb c:/altera/13.0/nios2eds/bin/gnu/h-i686-mingw32/bin/../lib/gcc/nios2-elf/4.1.2/../../../../nios2-elf/lib\libc.a(lib_a-__call_atexit.o)
 .debug_loc     0x000007a5       0x56 ../chip1_bsp/\libhal_bsp.a(alt_exit.o)

.debug_macinfo
 *(.debug_macinfo)

.debug_weaknames
 *(.debug_weaknames)

.debug_funcnames
 *(.debug_funcnames)

.debug_typenames
 *(.debug_typenames)

.debug_varnames
 *(.debug_varnames)

.debug_alt_sim_info
                0x00000000       0x30
 *(.debug_alt_sim_info)
 .debug_alt_sim_info
                0x00000000       0x30 ../chip1_bsp//obj/HAL/src/crt0.o
                0x00080000                __alt_data_end = 0x80000
                0x00080000                PROVIDE (__alt_stack_pointer, __alt_data_end)
                0x00041e40                PROVIDE (__alt_stack_limit, __alt_stack_base)
                0x00041e40                PROVIDE (__alt_heap_start, end)
                0x00080000                PROVIDE (__alt_heap_limit, 0x80000)
OUTPUT(chip1.elf elf32-littlenios2)

.debug_ranges   0x00000000       0x90
 .debug_ranges  0x00000000       0x20 ../chip1_bsp//obj/HAL/src/crt0.o
 .debug_ranges  0x00000020       0x28 ../chip1_bsp/\libhal_bsp.a(alt_irq_entry.o)
 .debug_ranges  0x00000048       0x30 ../chip1_bsp/\libhal_bsp.a(alt_exception_entry.o)
 .debug_ranges  0x00000078       0x18 c:/altera/13.0/nios2eds/bin/gnu/h-i686-mingw32/bin/../lib/gcc/nios2-elf/4.1.2/../../../../nios2-elf/lib\libc.a(lib_a-__call_atexit.o)
